La g├⌐n├⌐ration a d├⌐marr├⌐ 07/06/2026 17:01:27.
     0>LΓÇÖenregistreur dΓÇÖ├⌐v├⌐nements du terminal nΓÇÖa pas ├⌐t├⌐ utilis├⌐ car la sortie est redirig├⌐e vers un fichier.
       Processus = "C:\Program Files\dotnet\dotnet.exe"
       Chemin de l'ex├⌐cutable MSBuild = "C:\Program Files\dotnet\sdk\10.0.300\MSBuild.exe"
       Arguments de ligne de commande = "C:\Program Files\dotnet\sdk\10.0.300\MSBuild.exe -maxcpucount --verbosity:m -tlp:default=auto --property:VSTestNoBuild=true --property:VSTestNoLogo=true --property:NuGetInteractive=false --property:VSTestVerbosity=detailed --property:VSTestArtifactsProcessingMode=collect --property:VSTestSessionCorrelationId=15012_984642d8-a02b-4a8e-8eba-4b5c43f8b0bd --target:VSTest --verbosity:detailed --nologo -nodereuse:false services\game-engine\tests\Leds.GameEngine.UnitTests\Leds.GameEngine.UnitTests.csproj -distributedlogger:Microsoft.DotNet.Cli.Commands.MSBuild.MSBuildLogger,C:\Program Files\dotnet\sdk\10.0.300\dotnet.dll*Microsoft.DotNet.Cli.Commands.MSBuild.MSBuildForwardingLogger,C:\Program Files\dotnet\sdk\10.0.300\dotnet.dll"
       R├⌐pertoire actif = "C:\Users\Thomas\source\repos\rpg_esi07"
       Version de MSBuild = "18.6.3+caa81fa49"
       DΓÇÖapr├¿s la cl├⌐ de Registre Windows LongPathsEnabled, la fonctionnalit├⌐ LongPaths est d├⌐sactiv├⌐.
       Bas├⌐ sur la cl├⌐ de Registre Windows VerifiedAndReputablePolicyState, ├⌐tat SAC = 0 : d├⌐sactiv├⌐.
       Le ┬½┬áMicrosoft.NET.Sdk┬á┬╗ SDK a ├⌐t├⌐ r├⌐solu par le programme de r├⌐solution de ┬½┬áDefaultSdkResolver┬á┬╗ en ┬½┬áC:\Program Files\dotnet\sdk\10.0.300\Sdks\Microsoft.NET.Sdk\Sdk┬á┬╗ dΓÇÖemplacement et en version ┬½┬á┬á┬╗.
       C:\Program Files\dotnet\sdk\10.0.300\Sdks\Microsoft.NET.Sdk\Sdk\Sdk.props(49,11): message : Propri├⌐t├⌐ 'MSBuildExtensionsPath' avec la valeur 'C:\Program Files\dotnet\sdk\10.0.300\' d├⌐velopp├⌐e ├á partir de lΓÇÖenvironnement.
       C:\Program Files\dotnet\sdk\10.0.300\Current\Microsoft.Common.props(60,5): message : R├⌐assignation de propri├⌐t├⌐┬á: $(MSBuildProjectExtensionsPath)="C:\Users\Thomas\source\repos\rpg_esi07\services\game-engine\tests\Leds.GameEngine.UnitTests\obj\" (valeur pr├⌐c├⌐dente┬á: "obj\") ├á C:\Program Files\dotnet\sdk\10.0.300\Current\Microsoft.Common.props (60,5)
       Assembly charg├⌐ pendant Evaluation┬á: System.Threading.Tasks.Parallel, Version=10.0.0.0, Culture=neutral, PublicKeyToken=b03f5f7f11d50a3a (emplacement : C:\Program Files\dotnet\shared\Microsoft.NETCore.App\10.0.8\System.Threading.Tasks.Parallel.dll, MVID : c4ac9312-6477-44e3-9858-af6507de959c, AssemblyLoadContext : Default)
       C:\Users\Thomas\source\repos\rpg_esi07\services\game-engine\tests\Leds.GameEngine.UnitTests\obj\Leds.GameEngine.UnitTests.csproj.nuget.g.props(7,5): message : Propri├⌐t├⌐ 'USERPROFILE' avec la valeur 'C:\Users\Thomas' d├⌐velopp├⌐e ├á partir de lΓÇÖenvironnement.
       C:\Program Files\dotnet\sdk\10.0.300\Current\Microsoft.Common.props(84,119): message : Propri├⌐t├⌐ 'MSBuildUserExtensionsPath' avec la valeur 'C:\Users\Thomas\AppData\Local\Microsoft\MSBuild' d├⌐velopp├⌐e ├á partir de lΓÇÖenvironnement.
       C:\Program Files\dotnet\sdk\10.0.300\Sdks\Microsoft.NET.Sdk\targets\Microsoft.NET.Sdk.props(90,5): message : R├⌐assignation de propri├⌐t├⌐┬á: $(AssemblySearchPaths)="{CandidateAssemblyFiles};{HintPathFromItem}" (valeur pr├⌐c├⌐dente┬á: "{CandidateAssemblyFiles}") ├á C:\Program Files\dotnet\sdk\10.0.300\Sdks\Microsoft.NET.Sdk\targets\Microsoft.NET.Sdk.props (90,5)
       C:\Program Files\dotnet\sdk\10.0.300\Sdks\Microsoft.NET.Sdk\targets\Microsoft.NET.Sdk.props(91,5): message : R├⌐assignation de propri├⌐t├⌐┬á: $(AssemblySearchPaths)="{CandidateAssemblyFiles};{HintPathFromItem};{TargetFrameworkDirectory}" (valeur pr├⌐c├⌐dente┬á: "{CandidateAssemblyFiles};{HintPathFromItem}") ├á C:\Program Files\dotnet\sdk\10.0.300\Sdks\Microsoft.NET.Sdk\targets\Microsoft.NET.Sdk.props (91,5)
       C:\Program Files\dotnet\sdk\10.0.300\Sdks\Microsoft.NET.Sdk\targets\Microsoft.NET.Sdk.props(92,5): message : R├⌐assignation de propri├⌐t├⌐┬á: $(AssemblySearchPaths)="{CandidateAssemblyFiles};{HintPathFromItem};{TargetFrameworkDirectory};{RawFileName}" (valeur pr├⌐c├⌐dente┬á: "{CandidateAssemblyFiles};{HintPathFromItem};{TargetFrameworkDirectory}") ├á C:\Program Files\dotnet\sdk\10.0.300\Sdks\Microsoft.NET.Sdk\targets\Microsoft.NET.Sdk.props (92,5)
       Le programme de r├⌐solution ┬½┬áDefaultSdkResolver┬á┬╗ a tent├⌐ de r├⌐soudre le SDK ┬½┬áMicrosoft.NET.SDK.WorkloadAutoImportPropsLocator┬á┬╗.
       Avertissements┬á: null
       Erreurs┬á: MSB4276: Le programme de r├⌐solution du SDK par d├⌐faut nΓÇÖa pas pu r├⌐soudre le SDK ┬½Microsoft.NET.SDK.WorkloadAutoImportPropsLocator┬╗, car le r├⌐pertoire ┬½C:\Program Files\dotnet\sdk\10.0.300\Sdks\Microsoft.NET.SDK.WorkloadAutoImportPropsLocator\Sdk┬╗ nΓÇÖexistait pas.
       Assembly charg├⌐ pendant Evaluation┬á: Microsoft.Build.NuGetSdkResolver, Version=7.6.0.0, Culture=neutral, PublicKeyToken=31bf3856ad364e35 (emplacement : C:\Program Files\dotnet\sdk\10.0.300\Microsoft.Build.NuGetSdkResolver.dll, MVID : 151ed02f-1ab6-4f32-8c0a-fe25c317d11a, AssemblyLoadContext : MSBuild plugin C:\Program Files\dotnet\sdk\10.0.300\Microsoft.Build.NuGetSdkResolver.dll)
       Assembly charg├⌐ pendant Evaluation┬á: System.Reflection.Metadata, Version=10.0.0.0, Culture=neutral, PublicKeyToken=b03f5f7f11d50a3a (emplacement : C:\Program Files\dotnet\shared\Microsoft.NETCore.App\10.0.8\System.Reflection.Metadata.dll, MVID : b00f87a8-2279-421f-b1b1-a0bcdb1c828a, AssemblyLoadContext : Default)
       Assembly charg├⌐ pendant Evaluation┬á: NuGet.Common, Version=7.6.0.0, Culture=neutral, PublicKeyToken=31bf3856ad364e35 (emplacement : C:\Program Files\dotnet\sdk\10.0.300\NuGet.Common.dll, MVID : c7cb08cf-8731-44a8-9d1a-502b05090f5f, AssemblyLoadContext : MSBuild plugin C:\Program Files\dotnet\sdk\10.0.300\Microsoft.Build.NuGetSdkResolver.dll)
       Assembly charg├⌐ pendant Evaluation┬á: Microsoft.NET.Sdk.WorkloadMSBuildSdkResolver, Version=10.0.300.0, Culture=neutral, PublicKeyToken=31bf3856ad364e35 (emplacement : C:\Program Files\dotnet\sdk\10.0.300\Microsoft.NET.Sdk.WorkloadMSBuildSdkResolver.dll, MVID : 6bd6f385-a7b5-45e0-b650-8be633ce4495, AssemblyLoadContext : MSBuild plugin C:\Program Files\dotnet\sdk\10.0.300\Microsoft.NET.Sdk.WorkloadMSBuildSdkResolver.dll)
       Assembly charg├⌐ pendant Evaluation┬á: Microsoft.DotNet.Cli.CoreUtils, Version=10.0.300.0, Culture=neutral, PublicKeyToken=adb9793829ddae60 (emplacement : C:\Program Files\dotnet\sdk\10.0.300\Microsoft.DotNet.Cli.CoreUtils.dll, MVID : f753002e-04cb-4491-a1be-1eec0e0cda1d, AssemblyLoadContext : MSBuild plugin C:\Program Files\dotnet\sdk\10.0.300\Microsoft.NET.Sdk.WorkloadMSBuildSdkResolver.dll)
       Assembly charg├⌐ pendant Evaluation┬á: Microsoft.NET.Sdk.WorkloadManifestReader, Version=10.0.300.0, Culture=neutral, PublicKeyToken=adb9793829ddae60 (emplacement : C:\Program Files\dotnet\sdk\10.0.300\Microsoft.NET.Sdk.WorkloadManifestReader.dll, MVID : b5fad3c7-5665-40f1-9059-7407f11c4a66, AssemblyLoadContext : MSBuild plugin C:\Program Files\dotnet\sdk\10.0.300\Microsoft.NET.Sdk.WorkloadMSBuildSdkResolver.dll)
       Assembly charg├⌐ pendant Evaluation┬á: Microsoft.Deployment.DotNet.Releases, Version=2.0.0.0, Culture=neutral, PublicKeyToken=31bf3856ad364e35 (emplacement : C:\Program Files\dotnet\sdk\10.0.300\Microsoft.Deployment.DotNet.Releases.dll, MVID : 2c0d9534-e211-4d4d-9419-0799af0445a8, AssemblyLoadContext : MSBuild plugin C:\Program Files\dotnet\sdk\10.0.300\Microsoft.NET.Sdk.WorkloadMSBuildSdkResolver.dll)
       Assembly charg├⌐ pendant Evaluation┬á: System.Security.Principal.Windows, Version=10.0.0.0, Culture=neutral, PublicKeyToken=b03f5f7f11d50a3a (emplacement : C:\Program Files\dotnet\shared\Microsoft.NETCore.App\10.0.8\System.Security.Principal.Windows.dll, MVID : 8ad45028-16e8-4438-8721-416cf8c40a91, AssemblyLoadContext : Default)
       Assembly charg├⌐ pendant Evaluation┬á: System.Security.Claims, Version=10.0.0.0, Culture=neutral, PublicKeyToken=b03f5f7f11d50a3a (emplacement : C:\Program Files\dotnet\shared\Microsoft.NETCore.App\10.0.8\System.Security.Claims.dll, MVID : e7755c15-c535-4635-ad1a-c82636875965, AssemblyLoadContext : Default)
       Assembly charg├⌐ pendant Evaluation┬á: System.Threading.ThreadPool, Version=10.0.0.0, Culture=neutral, PublicKeyToken=b03f5f7f11d50a3a (emplacement : C:\Program Files\dotnet\shared\Microsoft.NETCore.App\10.0.8\System.Threading.ThreadPool.dll, MVID : 78d5b8c1-7c0f-4558-9d57-32086ab050aa, AssemblyLoadContext : Default)
       Assembly charg├⌐ pendant Evaluation┬á: System.Net.Sockets, Version=10.0.0.0, Culture=neutral, PublicKeyToken=b03f5f7f11d50a3a (emplacement : C:\Program Files\dotnet\shared\Microsoft.NETCore.App\10.0.8\System.Net.Sockets.dll, MVID : b901e986-eb95-4552-8651-2939219a54d8, AssemblyLoadContext : Default)
       Assembly charg├⌐ pendant Evaluation┬á: System.Threading.Overlapped, Version=10.0.0.0, Culture=neutral, PublicKeyToken=b03f5f7f11d50a3a (emplacement : C:\Program Files\dotnet\shared\Microsoft.NETCore.App\10.0.8\System.Threading.Overlapped.dll, MVID : 1fa2025e-13e9-4104-b6d0-8076aa7864c0, AssemblyLoadContext : Default)
       Le ┬½┬áMicrosoft.NET.SDK.WorkloadAutoImportPropsLocator┬á┬╗ SDK a ├⌐t├⌐ r├⌐solu par le programme de r├⌐solution de ┬½┬áMicrosoft.DotNet.MSBuildWorkloadSdkResolver┬á┬╗ en ┬½┬ánull┬á┬╗ dΓÇÖemplacement et en version ┬½┬ánull┬á┬╗.
       C:\Program Files\dotnet\sdk\10.0.300\Sdks\Microsoft.NET.Sdk\targets\Microsoft.NET.Sdk.ImportPublishProfile.targets(28,5): message : R├⌐assignation de propri├⌐t├⌐┬á: $(PublishProfileImported)="false" (valeur pr├⌐c├⌐dente┬á: "true") ├á C:\Program Files\dotnet\sdk\10.0.300\Sdks\Microsoft.NET.Sdk\targets\Microsoft.NET.Sdk.ImportPublishProfile.targets (28,5)
       Assembly charg├⌐ pendant Evaluation┬á: NuGet.Frameworks, Version=7.6.0.0, Culture=neutral, PublicKeyToken=31bf3856ad364e35 (emplacement : C:\Program Files\dotnet\sdk\10.0.300\NuGet.Frameworks.dll, MVID : b71a8488-747b-4ae6-afcc-1671a79bedf7, AssemblyLoadContext : Assembly.LoadFile(C:\Program Files\dotnet\sdk\10.0.300\NuGet.Frameworks.dll))
       C:\Program Files\dotnet\sdk\10.0.300\Sdks\Microsoft.NET.Sdk\targets\Microsoft.NET.TargetFrameworkInference.targets(81,5): message : R├⌐assignation de propri├⌐t├⌐┬á: $(TargetPlatformVersion)="" (valeur pr├⌐c├⌐dente┬á: "0.0") ├á C:\Program Files\dotnet\sdk\10.0.300\Sdks\Microsoft.NET.Sdk\targets\Microsoft.NET.TargetFrameworkInference.targets (81,5)
       C:\Program Files\dotnet\sdk\10.0.300\Sdks\Microsoft.NET.Sdk\targets\Microsoft.NET.DefaultOutputPaths.targets(127,5): message : R├⌐assignation de propri├⌐t├⌐┬á: $(DefaultItemExcludes)=";bin\Debug\/**;obj\Debug\/**" (valeur pr├⌐c├⌐dente┬á: ";bin\Debug\/**") ├á C:\Program Files\dotnet\sdk\10.0.300\Sdks\Microsoft.NET.Sdk\targets\Microsoft.NET.DefaultOutputPaths.targets (127,5)
       C:\Program Files\dotnet\sdk\10.0.300\Sdks\Microsoft.NET.Sdk\targets\Microsoft.NET.DefaultOutputPaths.targets(142,5): message : R├⌐assignation de propri├⌐t├⌐┬á: $(OutputPath)="bin\Debug\net10.0\" (valeur pr├⌐c├⌐dente┬á: "bin\Debug\") ├á C:\Program Files\dotnet\sdk\10.0.300\Sdks\Microsoft.NET.Sdk\targets\Microsoft.NET.DefaultOutputPaths.targets (142,5)
       C:\Program Files\dotnet\sdk\10.0.300\Sdks\Microsoft.NET.Sdk\targets\Microsoft.NET.DefaultOutputPaths.targets(147,5): message : R├⌐assignation de propri├⌐t├⌐┬á: $(IntermediateOutputPath)="obj\Debug\net10.0\" (valeur pr├⌐c├⌐dente┬á: "obj\Debug\") ├á C:\Program Files\dotnet\sdk\10.0.300\Sdks\Microsoft.NET.Sdk\targets\Microsoft.NET.DefaultOutputPaths.targets (147,5)
       Le programme de r├⌐solution ┬½┬áDefaultSdkResolver┬á┬╗ a tent├⌐ de r├⌐soudre le SDK ┬½┬áMicrosoft.NET.SDK.WorkloadManifestTargetsLocator┬á┬╗.
       Avertissements┬á: null
       Erreurs┬á: MSB4276: Le programme de r├⌐solution du SDK par d├⌐faut nΓÇÖa pas pu r├⌐soudre le SDK ┬½Microsoft.NET.SDK.WorkloadManifestTargetsLocator┬╗, car le r├⌐pertoire ┬½C:\Program Files\dotnet\sdk\10.0.300\Sdks\Microsoft.NET.SDK.WorkloadManifestTargetsLocator\Sdk┬╗ nΓÇÖexistait pas.
       Assembly charg├⌐ pendant Evaluation┬á: System.Collections.NonGeneric, Version=10.0.0.0, Culture=neutral, PublicKeyToken=b03f5f7f11d50a3a (emplacement : C:\Program Files\dotnet\shared\Microsoft.NETCore.App\10.0.8\System.Collections.NonGeneric.dll, MVID : 121c3784-89ba-4f3b-a062-599c6d8fa4d6, AssemblyLoadContext : Default)
       Le ┬½┬áMicrosoft.NET.SDK.WorkloadManifestTargetsLocator┬á┬╗ SDK a ├⌐t├⌐ r├⌐solu par le programme de r├⌐solution de ┬½┬áMicrosoft.DotNet.MSBuildWorkloadSdkResolver┬á┬╗ en ┬½┬áC:\Program Files\dotnet\sdk-manifests\10.0.100\microsoft.net.sdk.android\36.1.43┬á┬╗ dΓÇÖemplacement et en version ┬½┬ánull┬á┬╗.
       C:\Program Files\dotnet\sdk\10.0.300\Sdks\Microsoft.NET.Sdk\targets\Microsoft.NET.Sdk.BeforeCommon.targets(379,5): message : R├⌐assignation de propri├⌐t├⌐┬á: $(RoslynTargetsPath)="C:\Program Files\dotnet\sdk\10.0.300\Sdks\Microsoft.NET.Sdk\targets\..\..\..\Roslyn" (valeur pr├⌐c├⌐dente┬á: "C:\Program Files\dotnet\sdk\10.0.300\Roslyn") ├á C:\Program Files\dotnet\sdk\10.0.300\Sdks\Microsoft.NET.Sdk\targets\Microsoft.NET.Sdk.BeforeCommon.targets (379,5)
       C:\Program Files\dotnet\sdk\10.0.300\Roslyn\Microsoft.Managed.Core.targets(6,5): message : R├⌐assignation de propri├⌐t├⌐┬á: $(_BuildTasksDirectory)="C:\Program Files\dotnet\sdk\10.0.300\Sdks\Microsoft.NET.Sdk\targets\..\..\..\Roslyn\" (valeur pr├⌐c├⌐dente┬á: "C:\Program Files\dotnet\sdk\10.0.300\Roslyn\") ├á C:\Program Files\dotnet\sdk\10.0.300\Roslyn\Microsoft.Managed.Core.targets (6,5)
       C:\Program Files\dotnet\sdk\10.0.300\Roslyn\Microsoft.CSharp.Core.targets(213,5): message : R├⌐assignation de propri├⌐t├⌐┬á: $(CommandLineArgsForDesignTimeEvaluation)="-langversion:14.0 -define:TRACE" (valeur pr├⌐c├⌐dente┬á: "-langversion:14.0") ├á C:\Program Files\dotnet\sdk\10.0.300\Roslyn\Microsoft.CSharp.Core.targets (213,5)
       Assembly charg├⌐ pendant Evaluation┬á: Microsoft.Build.Utilities.Core, Version=15.1.0.0, Culture=neutral, PublicKeyToken=b03f5f7f11d50a3a (emplacement : C:\Program Files\dotnet\sdk\10.0.300\Microsoft.Build.Utilities.Core.dll, MVID : e3cc180f-25e3-4a64-8df9-92f407079812, AssemblyLoadContext : Default)
       C:\Program Files\dotnet\sdk\10.0.300\Microsoft.Common.CurrentVersion.targets(175,5): message : R├⌐assignation de propri├⌐t├⌐┬á: $(_DebugSymbolsProduced)="true" (valeur pr├⌐c├⌐dente┬á: "false") ├á C:\Program Files\dotnet\sdk\10.0.300\Microsoft.Common.CurrentVersion.targets (175,5)
       C:\Program Files\dotnet\sdk\10.0.300\Microsoft.Common.CurrentVersion.targets(185,5): message : R├⌐assignation de propri├⌐t├⌐┬á: $(_DocumentationFileProduced)="false" (valeur pr├⌐c├⌐dente┬á: "true") ├á C:\Program Files\dotnet\sdk\10.0.300\Microsoft.Common.CurrentVersion.targets (185,5)
       C:\Program Files\dotnet\sdk\10.0.300\Microsoft.Common.CurrentVersion.targets(392,5): message : R├⌐assignation de propri├⌐t├⌐┬á: $(MSBuildCopyMarkerName)="Leds.Gam.25591440" (valeur pr├⌐c├⌐dente┬á: "Leds.GameEngine.UnitTests.csproj") ├á C:\Program Files\dotnet\sdk\10.0.300\Microsoft.Common.CurrentVersion.targets (392,5)
       C:\Program Files\dotnet\sdk\10.0.300\Microsoft.Common.CurrentVersion.targets(393,5): message : R├⌐assignation de propri├⌐t├⌐┬á: $(MSBuildCopyMarkerName)="Leds.Gam.25591440.Up2Date" (valeur pr├⌐c├⌐dente┬á: "Leds.Gam.25591440") ├á C:\Program Files\dotnet\sdk\10.0.300\Microsoft.Common.CurrentVersion.targets (393,5)
       C:\Program Files\dotnet\sdk\10.0.300\Microsoft.Common.CurrentVersion.targets(541,5): message : R├⌐assignation de propri├⌐t├⌐┬á: $(ProcessorArchitecture)="msil" (valeur pr├⌐c├⌐dente┬á: "") ├á C:\Program Files\dotnet\sdk\10.0.300\Microsoft.Common.CurrentVersion.targets (541,5)
       C:\Program Files\dotnet\sdk\10.0.300\Microsoft.Common.CurrentVersion.targets(580,5): message : R├⌐assignation de propri├⌐t├⌐┬á: $(DelaySign)="" (valeur pr├⌐c├⌐dente┬á: "false") ├á C:\Program Files\dotnet\sdk\10.0.300\Microsoft.Common.CurrentVersion.targets (580,5)
       C:\Program Files\dotnet\sdk\10.0.300\Microsoft.Common.CurrentVersion.targets(2622,5): message : Propri├⌐t├⌐ 'LOCALAPPDATA' avec la valeur 'C:\Users\Thomas\AppData\Local' d├⌐velopp├⌐e ├á partir de lΓÇÖenvironnement.
       C:\Program Files\dotnet\sdk\10.0.300\Microsoft.Common.CurrentVersion.targets(3950,5): message : R├⌐assignation de propri├⌐t├⌐┬á: $(_SGenGenerateSerializationAssembliesConfig)="Auto" (valeur pr├⌐c├⌐dente┬á: "") ├á C:\Program Files\dotnet\sdk\10.0.300\Microsoft.Common.CurrentVersion.targets (3950,5)
       C:\Program Files\dotnet\sdk\10.0.300\Microsoft.Common.CurrentVersion.targets(3951,5): message : R├⌐assignation de propri├⌐t├⌐┬á: $(_SGenGenerateSerializationAssembliesConfig)="Off" (valeur pr├⌐c├⌐dente┬á: "Auto") ├á C:\Program Files\dotnet\sdk\10.0.300\Microsoft.Common.CurrentVersion.targets (3951,5)
       C:\Program Files\dotnet\sdk\10.0.300\Microsoft.Common.CurrentVersion.targets(5162,5): message : R├⌐assignation de propri├⌐t├⌐┬á: $(_TargetsThatPrepareProjectReferences)="
       C:\Program Files\dotnet\sdk\10.0.300\Microsoft.Common.CurrentVersion.targets(5162,5): message :       AssignProjectConfiguration;
       C:\Program Files\dotnet\sdk\10.0.300\Microsoft.Common.CurrentVersion.targets(5162,5): message :       _SplitProjectReferencesByFileExistence
       C:\Program Files\dotnet\sdk\10.0.300\Microsoft.Common.CurrentVersion.targets(5162,5): message :     " (valeur pr├⌐c├⌐dente┬á: "_SplitProjectReferencesByFileExistence") ├á C:\Program Files\dotnet\sdk\10.0.300\Microsoft.Common.CurrentVersion.targets (5162,5)
       C:\Program Files\dotnet\sdk\10.0.300\Microsoft.Common.CurrentVersion.targets(6975,5): message : Propri├⌐t├⌐ 'MSBuildExtensionsPath32' avec la valeur 'C:\Program Files\dotnet\sdk\10.0.300' d├⌐velopp├⌐e ├á partir de lΓÇÖenvironnement.
       La propri├⌐t├⌐ "NuGetInteractive" est une propri├⌐t├⌐ globale et elle ne peut pas ├¬tre modifi├⌐e.
       La propri├⌐t├⌐ "VSTestNoBuild" est une propri├⌐t├⌐ globale et elle ne peut pas ├¬tre modifi├⌐e.
       C:\Users\Thomas\.nuget\packages\microsoft.codecoverage\17.14.1\build\netstandard2.0\Microsoft.CodeCoverage.targets(32,5): message : R├⌐assignation de propri├⌐t├⌐┬á: $(_msCoverageSourceRootTargetName)="InitializeSourceRootMappedPaths" (valeur pr├⌐c├⌐dente┬á: "MsCoverageGetPathMap") ├á C:\Users\Thomas\.nuget\packages\microsoft.codecoverage\17.14.1\build\netstandard2.0\Microsoft.CodeCoverage.targets (32,5)
       C:\Users\Thomas\.nuget\packages\microsoft.net.test.sdk\17.14.1\build\net8.0\Microsoft.NET.Test.Sdk.targets(21,5): message : R├⌐assignation de propri├⌐t├⌐┬á: $(OutputType)="Exe" (valeur pr├⌐c├⌐dente┬á: "Library") ├á C:\Users\Thomas\.nuget\packages\microsoft.net.test.sdk\17.14.1\build\net8.0\Microsoft.NET.Test.Sdk.targets (21,5)
       C:\Users\Thomas\.nuget\packages\coverlet.collector\6.0.4\build\netstandard2.0\coverlet.collector.targets(32,5): message : R├⌐assignation de propri├⌐t├⌐┬á: $(_CoverletSourceRootTargetName)="InitializeSourceRootMappedPaths" (valeur pr├⌐c├⌐dente┬á: "CoverletGetPathMap") ├á C:\Users\Thomas\.nuget\packages\coverlet.collector\6.0.4\build\netstandard2.0\coverlet.collector.targets (32,5)
       C:\Program Files\dotnet\sdk\10.0.300\Sdks\Microsoft.NET.Sdk\targets\Microsoft.NET.Sdk.Common.targets(37,5): message : R├⌐assignation de propri├⌐t├⌐┬á: $(HasRuntimeOutput)="true" (valeur pr├⌐c├⌐dente┬á: "") ├á C:\Program Files\dotnet\sdk\10.0.300\Sdks\Microsoft.NET.Sdk\targets\Microsoft.NET.Sdk.Common.targets (37,5)
       C:\Program Files\dotnet\sdk\10.0.300\Sdks\Microsoft.NET.Sdk\targets\Microsoft.PackageDependencyResolution.targets(29,5): message : R├⌐assignation de propri├⌐t├⌐┬á: $(ProjectAssetsCacheFile)="C:\Users\Thomas\source\repos\rpg_esi07\services\game-engine\tests\Leds.GameEngine.UnitTests\obj\Debug\net10.0\Leds.GameEngine.UnitTests.assets.cache" (valeur pr├⌐c├⌐dente┬á: "obj\Debug\net10.0\Leds.GameEngine.UnitTests.assets.cache") ├á C:\Program Files\dotnet\sdk\10.0.300\Sdks\Microsoft.NET.Sdk\targets\Microsoft.PackageDependencyResolution.targets (29,5)
       C:\Program Files\dotnet\sdk\10.0.300\Sdks\Microsoft.NET.Sdk\targets\Microsoft.PackageDependencyResolution.targets(80,5): message : R├⌐assignation de propri├⌐t├⌐┬á: $(ResolveAssemblyReferencesDependsOn)="
       C:\Program Files\dotnet\sdk\10.0.300\Sdks\Microsoft.NET.Sdk\targets\Microsoft.PackageDependencyResolution.targets(80,5): message :       
       C:\Program Files\dotnet\sdk\10.0.300\Sdks\Microsoft.NET.Sdk\targets\Microsoft.PackageDependencyResolution.targets(80,5): message :       ResolveProjectReferences;
       C:\Program Files\dotnet\sdk\10.0.300\Sdks\Microsoft.NET.Sdk\targets\Microsoft.PackageDependencyResolution.targets(80,5): message :       FindInvalidProjectReferences;
       C:\Program Files\dotnet\sdk\10.0.300\Sdks\Microsoft.NET.Sdk\targets\Microsoft.PackageDependencyResolution.targets(80,5): message :       GetFrameworkPaths;
       C:\Program Files\dotnet\sdk\10.0.300\Sdks\Microsoft.NET.Sdk\targets\Microsoft.PackageDependencyResolution.targets(80,5): message :       GetReferenceAssemblyPaths;
       C:\Program Files\dotnet\sdk\10.0.300\Sdks\Microsoft.NET.Sdk\targets\Microsoft.PackageDependencyResolution.targets(80,5): message :       PrepareForBuild;
       C:\Program Files\dotnet\sdk\10.0.300\Sdks\Microsoft.NET.Sdk\targets\Microsoft.PackageDependencyResolution.targets(80,5): message :       ResolveSDKReferences;
       C:\Program Files\dotnet\sdk\10.0.300\Sdks\Microsoft.NET.Sdk\targets\Microsoft.PackageDependencyResolution.targets(80,5): message :       ExpandSDKReferences;
       C:\Program Files\dotnet\sdk\10.0.300\Sdks\Microsoft.NET.Sdk\targets\Microsoft.PackageDependencyResolution.targets(80,5): message :     ;
       C:\Program Files\dotnet\sdk\10.0.300\Sdks\Microsoft.NET.Sdk\targets\Microsoft.PackageDependencyResolution.targets(80,5): message :       ResolvePackageDependenciesForBuild;
       C:\Program Files\dotnet\sdk\10.0.300\Sdks\Microsoft.NET.Sdk\targets\Microsoft.PackageDependencyResolution.targets(80,5): message :       _HandlePackageFileConflicts;
       C:\Program Files\dotnet\sdk\10.0.300\Sdks\Microsoft.NET.Sdk\targets\Microsoft.PackageDependencyResolution.targets(80,5): message :     " (valeur pr├⌐c├⌐dente┬á: "
       C:\Program Files\dotnet\sdk\10.0.300\Sdks\Microsoft.NET.Sdk\targets\Microsoft.PackageDependencyResolution.targets(80,5): message :       ResolveProjectReferences;
       C:\Program Files\dotnet\sdk\10.0.300\Sdks\Microsoft.NET.Sdk\targets\Microsoft.PackageDependencyResolution.targets(80,5): message :       FindInvalidProjectReferences;
       C:\Program Files\dotnet\sdk\10.0.300\Sdks\Microsoft.NET.Sdk\targets\Microsoft.PackageDependencyResolution.targets(80,5): message :       GetFrameworkPaths;
       C:\Program Files\dotnet\sdk\10.0.300\Sdks\Microsoft.NET.Sdk\targets\Microsoft.PackageDependencyResolution.targets(80,5): message :       GetReferenceAssemblyPaths;
       C:\Program Files\dotnet\sdk\10.0.300\Sdks\Microsoft.NET.Sdk\targets\Microsoft.PackageDependencyResolution.targets(80,5): message :       PrepareForBuild;
       C:\Program Files\dotnet\sdk\10.0.300\Sdks\Microsoft.NET.Sdk\targets\Microsoft.PackageDependencyResolution.targets(80,5): message :       ResolveSDKReferences;
       C:\Program Files\dotnet\sdk\10.0.300\Sdks\Microsoft.NET.Sdk\targets\Microsoft.PackageDependencyResolution.targets(80,5): message :       ExpandSDKReferences;
       C:\Program Files\dotnet\sdk\10.0.300\Sdks\Microsoft.NET.Sdk\targets\Microsoft.PackageDependencyResolution.targets(80,5): message :     ") ├á C:\Program Files\dotnet\sdk\10.0.300\Sdks\Microsoft.NET.Sdk\targets\Microsoft.PackageDependencyResolution.targets (80,5)
       C:\Program Files\dotnet\sdk\10.0.300\Sdks\Microsoft.NET.Sdk\targets\Microsoft.PackageDependencyResolution.targets(86,5): message : R├⌐assignation de propri├⌐t├⌐┬á: $(PrepareResourcesDependsOn)="
       C:\Program Files\dotnet\sdk\10.0.300\Sdks\Microsoft.NET.Sdk\targets\Microsoft.PackageDependencyResolution.targets(86,5): message :       ResolvePackageDependenciesForBuild;
       C:\Program Files\dotnet\sdk\10.0.300\Sdks\Microsoft.NET.Sdk\targets\Microsoft.PackageDependencyResolution.targets(86,5): message :       _HandlePackageFileConflicts;
       C:\Program Files\dotnet\sdk\10.0.300\Sdks\Microsoft.NET.Sdk\targets\Microsoft.PackageDependencyResolution.targets(86,5): message :       
       C:\Program Files\dotnet\sdk\10.0.300\Sdks\Microsoft.NET.Sdk\targets\Microsoft.PackageDependencyResolution.targets(86,5): message :       ;
       C:\Program Files\dotnet\sdk\10.0.300\Sdks\Microsoft.NET.Sdk\targets\Microsoft.PackageDependencyResolution.targets(86,5): message :       PrepareResourceNames;
       C:\Program Files\dotnet\sdk\10.0.300\Sdks\Microsoft.NET.Sdk\targets\Microsoft.PackageDependencyResolution.targets(86,5): message :       ResGen;
       C:\Program Files\dotnet\sdk\10.0.300\Sdks\Microsoft.NET.Sdk\targets\Microsoft.PackageDependencyResolution.targets(86,5): message :       CompileLicxFiles
       C:\Program Files\dotnet\sdk\10.0.300\Sdks\Microsoft.NET.Sdk\targets\Microsoft.PackageDependencyResolution.targets(86,5): message :     
       C:\Program Files\dotnet\sdk\10.0.300\Sdks\Microsoft.NET.Sdk\targets\Microsoft.PackageDependencyResolution.targets(86,5): message :     " (valeur pr├⌐c├⌐dente┬á: "
       C:\Program Files\dotnet\sdk\10.0.300\Sdks\Microsoft.NET.Sdk\targets\Microsoft.PackageDependencyResolution.targets(86,5): message :       ;
       C:\Program Files\dotnet\sdk\10.0.300\Sdks\Microsoft.NET.Sdk\targets\Microsoft.PackageDependencyResolution.targets(86,5): message :       PrepareResourceNames;
       C:\Program Files\dotnet\sdk\10.0.300\Sdks\Microsoft.NET.Sdk\targets\Microsoft.PackageDependencyResolution.targets(86,5): message :       ResGen;
       C:\Program Files\dotnet\sdk\10.0.300\Sdks\Microsoft.NET.Sdk\targets\Microsoft.PackageDependencyResolution.targets(86,5): message :       CompileLicxFiles
       C:\Program Files\dotnet\sdk\10.0.300\Sdks\Microsoft.NET.Sdk\targets\Microsoft.PackageDependencyResolution.targets(86,5): message :     ") ├á C:\Program Files\dotnet\sdk\10.0.300\Sdks\Microsoft.NET.Sdk\targets\Microsoft.PackageDependencyResolution.targets (86,5)
       C:\Program Files\dotnet\sdk\10.0.300\Sdks\Microsoft.NET.Sdk\targets\Microsoft.NET.Sdk.DefaultItems.targets(35,5): message : R├⌐assignation de propri├⌐t├⌐┬á: $(DefaultItemExcludes)=";bin\Debug\/**;obj\Debug\/**;bin\/**" (valeur pr├⌐c├⌐dente┬á: ";bin\Debug\/**;obj\Debug\/**") ├á C:\Program Files\dotnet\sdk\10.0.300\Sdks\Microsoft.NET.Sdk\targets\Microsoft.NET.Sdk.DefaultItems.targets (35,5)
       C:\Program Files\dotnet\sdk\10.0.300\Sdks\Microsoft.NET.Sdk\targets\Microsoft.NET.Sdk.DefaultItems.targets(37,5): message : R├⌐assignation de propri├⌐t├⌐┬á: $(DefaultItemExcludes)=";bin\Debug\/**;obj\Debug\/**;bin\/**;obj\/**" (valeur pr├⌐c├⌐dente┬á: ";bin\Debug\/**;obj\Debug\/**;bin\/**") ├á C:\Program Files\dotnet\sdk\10.0.300\Sdks\Microsoft.NET.Sdk\targets\Microsoft.NET.Sdk.DefaultItems.targets (37,5)
       C:\Program Files\dotnet\sdk\10.0.300\Sdks\Microsoft.NET.Sdk\targets\Microsoft.NET.Sdk.DefaultItems.targets(41,5): message : R├⌐assignation de propri├⌐t├⌐┬á: $(DefaultItemExcludes)=";bin\Debug\/**;obj\Debug\/**;bin\/**;obj\/**;bin\Debug\net10.0\publish\/**" (valeur pr├⌐c├⌐dente┬á: ";bin\Debug\/**;obj\Debug\/**;bin\/**;obj\/**") ├á C:\Program Files\dotnet\sdk\10.0.300\Sdks\Microsoft.NET.Sdk\targets\Microsoft.NET.Sdk.DefaultItems.targets (41,5)
       C:\Program Files\dotnet\sdk\10.0.300\Sdks\Microsoft.NET.Sdk\targets\Microsoft.NET.Sdk.DefaultItems.targets(44,5): message : R├⌐assignation de propri├⌐t├⌐┬á: $(DefaultItemExcludes)=";bin\Debug\/**;obj\Debug\/**;bin\/**;obj\/**;bin\Debug\net10.0\publish\/**;**/*.user" (valeur pr├⌐c├⌐dente┬á: ";bin\Debug\/**;obj\Debug\/**;bin\/**;obj\/**;bin\Debug\net10.0\publish\/**") ├á C:\Program Files\dotnet\sdk\10.0.300\Sdks\Microsoft.NET.Sdk\targets\Microsoft.NET.Sdk.DefaultItems.targets (44,5)
       C:\Program Files\dotnet\sdk\10.0.300\Sdks\Microsoft.NET.Sdk\targets\Microsoft.NET.Sdk.DefaultItems.targets(45,5): message : R├⌐assignation de propri├⌐t├⌐┬á: $(DefaultItemExcludes)=";bin\Debug\/**;obj\Debug\/**;bin\/**;obj\/**;bin\Debug\net10.0\publish\/**;**/*.user;**/*.*proj" (valeur pr├⌐c├⌐dente┬á: ";bin\Debug\/**;obj\Debug\/**;bin\/**;obj\/**;bin\Debug\net10.0\publish\/**;**/*.user") ├á C:\Program Files\dotnet\sdk\10.0.300\Sdks\Microsoft.NET.Sdk\targets\Microsoft.NET.Sdk.DefaultItems.targets (45,5)
       C:\Program Files\dotnet\sdk\10.0.300\Sdks\Microsoft.NET.Sdk\targets\Microsoft.NET.Sdk.DefaultItems.targets(46,5): message : R├⌐assignation de propri├⌐t├⌐┬á: $(DefaultItemExcludes)=";bin\Debug\/**;obj\Debug\/**;bin\/**;obj\/**;bin\Debug\net10.0\publish\/**;**/*.user;**/*.*proj;**/*.sln" (valeur pr├⌐c├⌐dente┬á: ";bin\Debug\/**;obj\Debug\/**;bin\/**;obj\/**;bin\Debug\net10.0\publish\/**;**/*.user;**/*.*proj") ├á C:\Program Files\dotnet\sdk\10.0.300\Sdks\Microsoft.NET.Sdk\targets\Microsoft.NET.Sdk.DefaultItems.targets (46,5)
       C:\Program Files\dotnet\sdk\10.0.300\Sdks\Microsoft.NET.Sdk\targets\Microsoft.NET.Sdk.DefaultItems.targets(47,5): message : R├⌐assignation de propri├⌐t├⌐┬á: $(DefaultItemExcludes)=";bin\Debug\/**;obj\Debug\/**;bin\/**;obj\/**;bin\Debug\net10.0\publish\/**;**/*.user;**/*.*proj;**/*.sln;**/*.slnx" (valeur pr├⌐c├⌐dente┬á: ";bin\Debug\/**;obj\Debug\/**;bin\/**;obj\/**;bin\Debug\net10.0\publish\/**;**/*.user;**/*.*proj;**/*.sln") ├á C:\Program Files\dotnet\sdk\10.0.300\Sdks\Microsoft.NET.Sdk\targets\Microsoft.NET.Sdk.DefaultItems.targets (47,5)
       C:\Program Files\dotnet\sdk\10.0.300\Sdks\Microsoft.NET.Sdk\targets\Microsoft.NET.Sdk.DefaultItems.targets(48,5): message : R├⌐assignation de propri├⌐t├⌐┬á: $(DefaultItemExcludes)=";bin\Debug\/**;obj\Debug\/**;bin\/**;obj\/**;bin\Debug\net10.0\publish\/**;**/*.user;**/*.*proj;**/*.sln;**/*.slnx;**/*.vssscc" (valeur pr├⌐c├⌐dente┬á: ";bin\Debug\/**;obj\Debug\/**;bin\/**;obj\/**;bin\Debug\net10.0\publish\/**;**/*.user;**/*.*proj;**/*.sln;**/*.slnx") ├á C:\Program Files\dotnet\sdk\10.0.300\Sdks\Microsoft.NET.Sdk\targets\Microsoft.NET.Sdk.DefaultItems.targets (48,5)
       C:\Program Files\dotnet\sdk\10.0.300\Sdks\Microsoft.NET.Sdk\targets\Microsoft.NET.Sdk.DefaultItems.targets(49,5): message : R├⌐assignation de propri├⌐t├⌐┬á: $(DefaultItemExcludes)=";bin\Debug\/**;obj\Debug\/**;bin\/**;obj\/**;bin\Debug\net10.0\publish\/**;**/*.user;**/*.*proj;**/*.sln;**/*.slnx;**/*.vssscc;**/.DS_Store" (valeur pr├⌐c├⌐dente┬á: ";bin\Debug\/**;obj\Debug\/**;bin\/**;obj\/**;bin\Debug\net10.0\publish\/**;**/*.user;**/*.*proj;**/*.sln;**/*.slnx;**/*.vssscc") ├á C:\Program Files\dotnet\sdk\10.0.300\Sdks\Microsoft.NET.Sdk\targets\Microsoft.NET.Sdk.DefaultItems.targets (49,5)
       C:\Program Files\dotnet\sdk\10.0.300\Sdks\Microsoft.NET.Sdk\targets\Microsoft.NET.Sdk.FrameworkReferenceResolution.targets(14,5): message : R├⌐assignation de propri├⌐t├⌐┬á: $(ResolveAssemblyReferencesDependsOn)="
       C:\Program Files\dotnet\sdk\10.0.300\Sdks\Microsoft.NET.Sdk\targets\Microsoft.NET.Sdk.FrameworkReferenceResolution.targets(14,5): message :       
       C:\Program Files\dotnet\sdk\10.0.300\Sdks\Microsoft.NET.Sdk\targets\Microsoft.NET.Sdk.FrameworkReferenceResolution.targets(14,5): message :       
       C:\Program Files\dotnet\sdk\10.0.300\Sdks\Microsoft.NET.Sdk\targets\Microsoft.NET.Sdk.FrameworkReferenceResolution.targets(14,5): message :       ResolveProjectReferences;
       C:\Program Files\dotnet\sdk\10.0.300\Sdks\Microsoft.NET.Sdk\targets\Microsoft.NET.Sdk.FrameworkReferenceResolution.targets(14,5): message :       FindInvalidProjectReferences;
       C:\Program Files\dotnet\sdk\10.0.300\Sdks\Microsoft.NET.Sdk\targets\Microsoft.NET.Sdk.FrameworkReferenceResolution.targets(14,5): message :       GetFrameworkPaths;
       C:\Program Files\dotnet\sdk\10.0.300\Sdks\Microsoft.NET.Sdk\targets\Microsoft.NET.Sdk.FrameworkReferenceResolution.targets(14,5): message :       GetReferenceAssemblyPaths;
       C:\Program Files\dotnet\sdk\10.0.300\Sdks\Microsoft.NET.Sdk\targets\Microsoft.NET.Sdk.FrameworkReferenceResolution.targets(14,5): message :       PrepareForBuild;
       C:\Program Files\dotnet\sdk\10.0.300\Sdks\Microsoft.NET.Sdk\targets\Microsoft.NET.Sdk.FrameworkReferenceResolution.targets(14,5): message :       ResolveSDKReferences;
       C:\Program Files\dotnet\sdk\10.0.300\Sdks\Microsoft.NET.Sdk\targets\Microsoft.NET.Sdk.FrameworkReferenceResolution.targets(14,5): message :       ExpandSDKReferences;
       C:\Program Files\dotnet\sdk\10.0.300\Sdks\Microsoft.NET.Sdk\targets\Microsoft.NET.Sdk.FrameworkReferenceResolution.targets(14,5): message :     ;
       C:\Program Files\dotnet\sdk\10.0.300\Sdks\Microsoft.NET.Sdk\targets\Microsoft.NET.Sdk.FrameworkReferenceResolution.targets(14,5): message :       ResolvePackageDependenciesForBuild;
       C:\Program Files\dotnet\sdk\10.0.300\Sdks\Microsoft.NET.Sdk\targets\Microsoft.NET.Sdk.FrameworkReferenceResolution.targets(14,5): message :       _HandlePackageFileConflicts;
       C:\Program Files\dotnet\sdk\10.0.300\Sdks\Microsoft.NET.Sdk\targets\Microsoft.NET.Sdk.FrameworkReferenceResolution.targets(14,5): message :     ;
       C:\Program Files\dotnet\sdk\10.0.300\Sdks\Microsoft.NET.Sdk\targets\Microsoft.NET.Sdk.FrameworkReferenceResolution.targets(14,5): message :       ResolveTargetingPackAssets;
       C:\Program Files\dotnet\sdk\10.0.300\Sdks\Microsoft.NET.Sdk\targets\Microsoft.NET.Sdk.FrameworkReferenceResolution.targets(14,5): message :     " (valeur pr├⌐c├⌐dente┬á: "
       C:\Program Files\dotnet\sdk\10.0.300\Sdks\Microsoft.NET.Sdk\targets\Microsoft.NET.Sdk.FrameworkReferenceResolution.targets(14,5): message :       
       C:\Program Files\dotnet\sdk\10.0.300\Sdks\Microsoft.NET.Sdk\targets\Microsoft.NET.Sdk.FrameworkReferenceResolution.targets(14,5): message :       ResolveProjectReferences;
       C:\Program Files\dotnet\sdk\10.0.300\Sdks\Microsoft.NET.Sdk\targets\Microsoft.NET.Sdk.FrameworkReferenceResolution.targets(14,5): message :       FindInvalidProjectReferences;
       C:\Program Files\dotnet\sdk\10.0.300\Sdks\Microsoft.NET.Sdk\targets\Microsoft.NET.Sdk.FrameworkReferenceResolution.targets(14,5): message :       GetFrameworkPaths;
       C:\Program Files\dotnet\sdk\10.0.300\Sdks\Microsoft.NET.Sdk\targets\Microsoft.NET.Sdk.FrameworkReferenceResolution.targets(14,5): message :       GetReferenceAssemblyPaths;
       C:\Program Files\dotnet\sdk\10.0.300\Sdks\Microsoft.NET.Sdk\targets\Microsoft.NET.Sdk.FrameworkReferenceResolution.targets(14,5): message :       PrepareForBuild;
       C:\Program Files\dotnet\sdk\10.0.300\Sdks\Microsoft.NET.Sdk\targets\Microsoft.NET.Sdk.FrameworkReferenceResolution.targets(14,5): message :       ResolveSDKReferences;
       C:\Program Files\dotnet\sdk\10.0.300\Sdks\Microsoft.NET.Sdk\targets\Microsoft.NET.Sdk.FrameworkReferenceResolution.targets(14,5): message :       ExpandSDKReferences;
       C:\Program Files\dotnet\sdk\10.0.300\Sdks\Microsoft.NET.Sdk\targets\Microsoft.NET.Sdk.FrameworkReferenceResolution.targets(14,5): message :     ;
       C:\Program Files\dotnet\sdk\10.0.300\Sdks\Microsoft.NET.Sdk\targets\Microsoft.NET.Sdk.FrameworkReferenceResolution.targets(14,5): message :       ResolvePackageDependenciesForBuild;
       C:\Program Files\dotnet\sdk\10.0.300\Sdks\Microsoft.NET.Sdk\targets\Microsoft.NET.Sdk.FrameworkReferenceResolution.targets(14,5): message :       _HandlePackageFileConflicts;
       C:\Program Files\dotnet\sdk\10.0.300\Sdks\Microsoft.NET.Sdk\targets\Microsoft.NET.Sdk.FrameworkReferenceResolution.targets(14,5): message :     ") ├á C:\Program Files\dotnet\sdk\10.0.300\Sdks\Microsoft.NET.Sdk\targets\Microsoft.NET.Sdk.FrameworkReferenceResolution.targets (14,5)
       C:\Program Files\dotnet\sdk\10.0.300\Sdks\Microsoft.NET.Sdk\targets\Microsoft.NET.Sdk.targets(44,5): message : R├⌐assignation de propri├⌐t├⌐┬á: $(_GenerateRuntimeConfigurationPropertyInputsCache)="C:\Users\Thomas\source\repos\rpg_esi07\services\game-engine\tests\Leds.GameEngine.UnitTests\obj\Debug\net10.0\Leds.GameEngine.UnitTests.genruntimeconfig.cache" (valeur pr├⌐c├⌐dente┬á: "obj\Debug\net10.0\Leds.GameEngine.UnitTests.genruntimeconfig.cache") ├á C:\Program Files\dotnet\sdk\10.0.300\Sdks\Microsoft.NET.Sdk\targets\Microsoft.NET.Sdk.targets (44,5)
       C:\Program Files\dotnet\sdk\10.0.300\Sdks\Microsoft.NET.Sdk\targets\Microsoft.NET.Sdk.targets(46,5): message : R├⌐assignation de propri├⌐t├⌐┬á: $(_GeneratePublishDependencyFilePropertyInputsCache)="C:\Users\Thomas\source\repos\rpg_esi07\services\game-engine\tests\Leds.GameEngine.UnitTests\obj\Debug\net10.0\Leds.GameEngine.UnitTests.genpublishdeps.cache" (valeur pr├⌐c├⌐dente┬á: "obj\Debug\net10.0\Leds.GameEngine.UnitTests.genpublishdeps.cache") ├á C:\Program Files\dotnet\sdk\10.0.300\Sdks\Microsoft.NET.Sdk\targets\Microsoft.NET.Sdk.targets (46,5)
       C:\Program Files\dotnet\sdk\10.0.300\Sdks\Microsoft.NET.Sdk\targets\Microsoft.NET.Sdk.targets(48,5): message : R├⌐assignation de propri├⌐t├⌐┬á: $(_GenerateSingleFileBundlePropertyInputsCache)="C:\Users\Thomas\source\repos\rpg_esi07\services\game-engine\tests\Leds.GameEngine.UnitTests\obj\Debug\net10.0\Leds.GameEngine.UnitTests.genbundle.cache" (valeur pr├⌐c├⌐dente┬á: "obj\Debug\net10.0\Leds.GameEngine.UnitTests.genbundle.cache") ├á C:\Program Files\dotnet\sdk\10.0.300\Sdks\Microsoft.NET.Sdk\targets\Microsoft.NET.Sdk.targets (48,5)
       C:\Program Files\dotnet\sdk\10.0.300\Sdks\Microsoft.NET.Sdk\targets\Microsoft.NET.Sdk.targets(81,5): message : R├⌐assignation de propri├⌐t├⌐┬á: $(GenerateRuntimeConfigDevFile)="false" (valeur pr├⌐c├⌐dente┬á: "true") ├á C:\Program Files\dotnet\sdk\10.0.300\Sdks\Microsoft.NET.Sdk\targets\Microsoft.NET.Sdk.targets (81,5)
       C:\Program Files\dotnet\sdk\10.0.300\Sdks\Microsoft.NET.Sdk\targets\Microsoft.NET.Sdk.targets(98,5): message : R├⌐assignation de propri├⌐t├⌐┬á: $(_DefaultUserProfileRuntimeStorePath)="C:\Users\Thomas" (valeur pr├⌐c├⌐dente┬á: "") ├á C:\Program Files\dotnet\sdk\10.0.300\Sdks\Microsoft.NET.Sdk\targets\Microsoft.NET.Sdk.targets (98,5)
       C:\Program Files\dotnet\sdk\10.0.300\Sdks\Microsoft.NET.Sdk\targets\Microsoft.NET.Sdk.targets(99,5): message : R├⌐assignation de propri├⌐t├⌐┬á: $(_DefaultUserProfileRuntimeStorePath)="C:\Users\Thomas\.dotnet\store" (valeur pr├⌐c├⌐dente┬á: "C:\Users\Thomas") ├á C:\Program Files\dotnet\sdk\10.0.300\Sdks\Microsoft.NET.Sdk\targets\Microsoft.NET.Sdk.targets (99,5)
       C:\Program Files\dotnet\sdk\10.0.300\Sdks\Microsoft.NET.Sdk\targets\Microsoft.NET.Sdk.targets(144,5): message : R├⌐assignation de propri├⌐t├⌐┬á: $(AvailablePlatforms)="Any CPU,x86,x64,ARM32" (valeur pr├⌐c├⌐dente┬á: "Any CPU,x86,x64") ├á C:\Program Files\dotnet\sdk\10.0.300\Sdks\Microsoft.NET.Sdk\targets\Microsoft.NET.Sdk.targets (144,5)
       C:\Program Files\dotnet\sdk\10.0.300\Sdks\Microsoft.NET.Sdk\targets\Microsoft.NET.Sdk.targets(148,5): message : R├⌐assignation de propri├⌐t├⌐┬á: $(AvailablePlatforms)="Any CPU,x86,x64,ARM32,ARM64" (valeur pr├⌐c├⌐dente┬á: "Any CPU,x86,x64,ARM32") ├á C:\Program Files\dotnet\sdk\10.0.300\Sdks\Microsoft.NET.Sdk\targets\Microsoft.NET.Sdk.targets (148,5)
       C:\Program Files\dotnet\sdk\10.0.300\Sdks\Microsoft.NET.Sdk\targets\Microsoft.NET.Sdk.targets(204,5): message : R├⌐assignation de propri├⌐t├⌐┬á: $(CoreBuildDependsOn)="
       C:\Program Files\dotnet\sdk\10.0.300\Sdks\Microsoft.NET.Sdk\targets\Microsoft.NET.Sdk.targets(204,5): message :       _CheckForBuildWithNoBuild;
       C:\Program Files\dotnet\sdk\10.0.300\Sdks\Microsoft.NET.Sdk\targets\Microsoft.NET.Sdk.targets(204,5): message :       
       C:\Program Files\dotnet\sdk\10.0.300\Sdks\Microsoft.NET.Sdk\targets\Microsoft.NET.Sdk.targets(204,5): message :       BuildOnlySettings;
       C:\Program Files\dotnet\sdk\10.0.300\Sdks\Microsoft.NET.Sdk\targets\Microsoft.NET.Sdk.targets(204,5): message :       PrepareForBuild;
       C:\Program Files\dotnet\sdk\10.0.300\Sdks\Microsoft.NET.Sdk\targets\Microsoft.NET.Sdk.targets(204,5): message :       PreBuildEvent;
       C:\Program Files\dotnet\sdk\10.0.300\Sdks\Microsoft.NET.Sdk\targets\Microsoft.NET.Sdk.targets(204,5): message :       ResolveReferences;
       C:\Program Files\dotnet\sdk\10.0.300\Sdks\Microsoft.NET.Sdk\targets\Microsoft.NET.Sdk.targets(204,5): message :       PrepareResources;
       C:\Program Files\dotnet\sdk\10.0.300\Sdks\Microsoft.NET.Sdk\targets\Microsoft.NET.Sdk.targets(204,5): message :       ResolveKeySource;
       C:\Program Files\dotnet\sdk\10.0.300\Sdks\Microsoft.NET.Sdk\targets\Microsoft.NET.Sdk.targets(204,5): message :       Compile;
       C:\Program Files\dotnet\sdk\10.0.300\Sdks\Microsoft.NET.Sdk\targets\Microsoft.NET.Sdk.targets(204,5): message :       ExportWindowsMDFile;
       C:\Program Files\dotnet\sdk\10.0.300\Sdks\Microsoft.NET.Sdk\targets\Microsoft.NET.Sdk.targets(204,5): message :       UnmanagedUnregistration;
       C:\Program Files\dotnet\sdk\10.0.300\Sdks\Microsoft.NET.Sdk\targets\Microsoft.NET.Sdk.targets(204,5): message :       GenerateSerializationAssemblies;
       C:\Program Files\dotnet\sdk\10.0.300\Sdks\Microsoft.NET.Sdk\targets\Microsoft.NET.Sdk.targets(204,5): message :       CreateSatelliteAssemblies;
       C:\Program Files\dotnet\sdk\10.0.300\Sdks\Microsoft.NET.Sdk\targets\Microsoft.NET.Sdk.targets(204,5): message :       GenerateManifests;
       C:\Program Files\dotnet\sdk\10.0.300\Sdks\Microsoft.NET.Sdk\targets\Microsoft.NET.Sdk.targets(204,5): message :       GetTargetPath;
       C:\Program Files\dotnet\sdk\10.0.300\Sdks\Microsoft.NET.Sdk\targets\Microsoft.NET.Sdk.targets(204,5): message :       PrepareForRun;
       C:\Program Files\dotnet\sdk\10.0.300\Sdks\Microsoft.NET.Sdk\targets\Microsoft.NET.Sdk.targets(204,5): message :       UnmanagedRegistration;
       C:\Program Files\dotnet\sdk\10.0.300\Sdks\Microsoft.NET.Sdk\targets\Microsoft.NET.Sdk.targets(204,5): message :       IncrementalClean;
       C:\Program Files\dotnet\sdk\10.0.300\Sdks\Microsoft.NET.Sdk\targets\Microsoft.NET.Sdk.targets(204,5): message :       PostBuildEvent
       C:\Program Files\dotnet\sdk\10.0.300\Sdks\Microsoft.NET.Sdk\targets\Microsoft.NET.Sdk.targets(204,5): message :     ;
       C:\Program Files\dotnet\sdk\10.0.300\Sdks\Microsoft.NET.Sdk\targets\Microsoft.NET.Sdk.targets(204,5): message :       GenerateBuildDependencyFile;
       C:\Program Files\dotnet\sdk\10.0.300\Sdks\Microsoft.NET.Sdk\targets\Microsoft.NET.Sdk.targets(204,5): message :       GenerateBuildRuntimeConfigurationFiles
       C:\Program Files\dotnet\sdk\10.0.300\Sdks\Microsoft.NET.Sdk\targets\Microsoft.NET.Sdk.targets(204,5): message :     " (valeur pr├⌐c├⌐dente┬á: "
       C:\Program Files\dotnet\sdk\10.0.300\Sdks\Microsoft.NET.Sdk\targets\Microsoft.NET.Sdk.targets(204,5): message :       BuildOnlySettings;
       C:\Program Files\dotnet\sdk\10.0.300\Sdks\Microsoft.NET.Sdk\targets\Microsoft.NET.Sdk.targets(204,5): message :       PrepareForBuild;
       C:\Program Files\dotnet\sdk\10.0.300\Sdks\Microsoft.NET.Sdk\targets\Microsoft.NET.Sdk.targets(204,5): message :       PreBuildEvent;
       C:\Program Files\dotnet\sdk\10.0.300\Sdks\Microsoft.NET.Sdk\targets\Microsoft.NET.Sdk.targets(204,5): message :       ResolveReferences;
       C:\Program Files\dotnet\sdk\10.0.300\Sdks\Microsoft.NET.Sdk\targets\Microsoft.NET.Sdk.targets(204,5): message :       PrepareResources;
       C:\Program Files\dotnet\sdk\10.0.300\Sdks\Microsoft.NET.Sdk\targets\Microsoft.NET.Sdk.targets(204,5): message :       ResolveKeySource;
       C:\Program Files\dotnet\sdk\10.0.300\Sdks\Microsoft.NET.Sdk\targets\Microsoft.NET.Sdk.targets(204,5): message :       Compile;
       C:\Program Files\dotnet\sdk\10.0.300\Sdks\Microsoft.NET.Sdk\targets\Microsoft.NET.Sdk.targets(204,5): message :       ExportWindowsMDFile;
       C:\Program Files\dotnet\sdk\10.0.300\Sdks\Microsoft.NET.Sdk\targets\Microsoft.NET.Sdk.targets(204,5): message :       UnmanagedUnregistration;
       C:\Program Files\dotnet\sdk\10.0.300\Sdks\Microsoft.NET.Sdk\targets\Microsoft.NET.Sdk.targets(204,5): message :       GenerateSerializationAssemblies;
       C:\Program Files\dotnet\sdk\10.0.300\Sdks\Microsoft.NET.Sdk\targets\Microsoft.NET.Sdk.targets(204,5): message :       CreateSatelliteAssemblies;
       C:\Program Files\dotnet\sdk\10.0.300\Sdks\Microsoft.NET.Sdk\targets\Microsoft.NET.Sdk.targets(204,5): message :       GenerateManifests;
       C:\Program Files\dotnet\sdk\10.0.300\Sdks\Microsoft.NET.Sdk\targets\Microsoft.NET.Sdk.targets(204,5): message :       GetTargetPath;
       C:\Program Files\dotnet\sdk\10.0.300\Sdks\Microsoft.NET.Sdk\targets\Microsoft.NET.Sdk.targets(204,5): message :       PrepareForRun;
       C:\Program Files\dotnet\sdk\10.0.300\Sdks\Microsoft.NET.Sdk\targets\Microsoft.NET.Sdk.targets(204,5): message :       UnmanagedRegistration;
       C:\Program Files\dotnet\sdk\10.0.300\Sdks\Microsoft.NET.Sdk\targets\Microsoft.NET.Sdk.targets(204,5): message :       IncrementalClean;
       C:\Program Files\dotnet\sdk\10.0.300\Sdks\Microsoft.NET.Sdk\targets\Microsoft.NET.Sdk.targets(204,5): message :       PostBuildEvent
       C:\Program Files\dotnet\sdk\10.0.300\Sdks\Microsoft.NET.Sdk\targets\Microsoft.NET.Sdk.targets(204,5): message :     ") ├á C:\Program Files\dotnet\sdk\10.0.300\Sdks\Microsoft.NET.Sdk\targets\Microsoft.NET.Sdk.targets (204,5)
       C:\Program Files\dotnet\sdk\10.0.300\Sdks\Microsoft.NET.Sdk\targets\Microsoft.NET.Sdk.targets(213,5): message : R├⌐assignation de propri├⌐t├⌐┬á: $(CoreCleanDependsOn)="
       C:\Program Files\dotnet\sdk\10.0.300\Sdks\Microsoft.NET.Sdk\targets\Microsoft.NET.Sdk.targets(213,5): message :       _SdkBeforeClean;
       C:\Program Files\dotnet\sdk\10.0.300\Sdks\Microsoft.NET.Sdk\targets\Microsoft.NET.Sdk.targets(213,5): message :       
       C:\Program Files\dotnet\sdk\10.0.300\Sdks\Microsoft.NET.Sdk\targets\Microsoft.NET.Sdk.targets(213,5): message :     " (valeur pr├⌐c├⌐dente┬á: "") ├á C:\Program Files\dotnet\sdk\10.0.300\Sdks\Microsoft.NET.Sdk\targets\Microsoft.NET.Sdk.targets (213,5)
       C:\Program Files\dotnet\sdk\10.0.300\Sdks\Microsoft.NET.Sdk\targets\Microsoft.NET.Sdk.targets(220,5): message : R├⌐assignation de propri├⌐t├⌐┬á: $(RebuildDependsOn)="
       C:\Program Files\dotnet\sdk\10.0.300\Sdks\Microsoft.NET.Sdk\targets\Microsoft.NET.Sdk.targets(220,5): message :       _SdkBeforeRebuild;
       C:\Program Files\dotnet\sdk\10.0.300\Sdks\Microsoft.NET.Sdk\targets\Microsoft.NET.Sdk.targets(220,5): message :       
       C:\Program Files\dotnet\sdk\10.0.300\Sdks\Microsoft.NET.Sdk\targets\Microsoft.NET.Sdk.targets(220,5): message :       BeforeRebuild;
       C:\Program Files\dotnet\sdk\10.0.300\Sdks\Microsoft.NET.Sdk\targets\Microsoft.NET.Sdk.targets(220,5): message :       Clean;
       C:\Program Files\dotnet\sdk\10.0.300\Sdks\Microsoft.NET.Sdk\targets\Microsoft.NET.Sdk.targets(220,5): message :       Build;
       C:\Program Files\dotnet\sdk\10.0.300\Sdks\Microsoft.NET.Sdk\targets\Microsoft.NET.Sdk.targets(220,5): message :       AfterRebuild;
       C:\Program Files\dotnet\sdk\10.0.300\Sdks\Microsoft.NET.Sdk\targets\Microsoft.NET.Sdk.targets(220,5): message :     
       C:\Program Files\dotnet\sdk\10.0.300\Sdks\Microsoft.NET.Sdk\targets\Microsoft.NET.Sdk.targets(220,5): message :     " (valeur pr├⌐c├⌐dente┬á: "
       C:\Program Files\dotnet\sdk\10.0.300\Sdks\Microsoft.NET.Sdk\targets\Microsoft.NET.Sdk.targets(220,5): message :       BeforeRebuild;
       C:\Program Files\dotnet\sdk\10.0.300\Sdks\Microsoft.NET.Sdk\targets\Microsoft.NET.Sdk.targets(220,5): message :       Clean;
       C:\Program Files\dotnet\sdk\10.0.300\Sdks\Microsoft.NET.Sdk\targets\Microsoft.NET.Sdk.targets(220,5): message :       Build;
       C:\Program Files\dotnet\sdk\10.0.300\Sdks\Microsoft.NET.Sdk\targets\Microsoft.NET.Sdk.targets(220,5): message :       AfterRebuild;
       C:\Program Files\dotnet\sdk\10.0.300\Sdks\Microsoft.NET.Sdk\targets\Microsoft.NET.Sdk.targets(220,5): message :     ") ├á C:\Program Files\dotnet\sdk\10.0.300\Sdks\Microsoft.NET.Sdk\targets\Microsoft.NET.Sdk.targets (220,5)
       C:\Program Files\dotnet\sdk\10.0.300\Sdks\Microsoft.NET.Sdk\targets\Microsoft.NET.Sdk.targets(799,5): message : R├⌐assignation de propri├⌐t├⌐┬á: $(CompileDependsOn)="
       C:\Program Files\dotnet\sdk\10.0.300\Sdks\Microsoft.NET.Sdk\targets\Microsoft.NET.Sdk.targets(799,5): message :       
       C:\Program Files\dotnet\sdk\10.0.300\Sdks\Microsoft.NET.Sdk\targets\Microsoft.NET.Sdk.targets(799,5): message :       ResolveReferences;
       C:\Program Files\dotnet\sdk\10.0.300\Sdks\Microsoft.NET.Sdk\targets\Microsoft.NET.Sdk.targets(799,5): message :       ResolveKeySource;
       C:\Program Files\dotnet\sdk\10.0.300\Sdks\Microsoft.NET.Sdk\targets\Microsoft.NET.Sdk.targets(799,5): message :       SetWin32ManifestProperties;
       C:\Program Files\dotnet\sdk\10.0.300\Sdks\Microsoft.NET.Sdk\targets\Microsoft.NET.Sdk.targets(799,5): message :       _SetPreferNativeArm64Win32ManifestProperties;
       C:\Program Files\dotnet\sdk\10.0.300\Sdks\Microsoft.NET.Sdk\targets\Microsoft.NET.Sdk.targets(799,5): message :       FindReferenceAssembliesForReferences;
       C:\Program Files\dotnet\sdk\10.0.300\Sdks\Microsoft.NET.Sdk\targets\Microsoft.NET.Sdk.targets(799,5): message :       _GenerateCompileInputs;
       C:\Program Files\dotnet\sdk\10.0.300\Sdks\Microsoft.NET.Sdk\targets\Microsoft.NET.Sdk.targets(799,5): message :       BeforeCompile;
       C:\Program Files\dotnet\sdk\10.0.300\Sdks\Microsoft.NET.Sdk\targets\Microsoft.NET.Sdk.targets(799,5): message :       _TimeStampBeforeCompile;
       C:\Program Files\dotnet\sdk\10.0.300\Sdks\Microsoft.NET.Sdk\targets\Microsoft.NET.Sdk.targets(799,5): message :       _GenerateCompileDependencyCache;
       C:\Program Files\dotnet\sdk\10.0.300\Sdks\Microsoft.NET.Sdk\targets\Microsoft.NET.Sdk.targets(799,5): message :       CoreCompile;
       C:\Program Files\dotnet\sdk\10.0.300\Sdks\Microsoft.NET.Sdk\targets\Microsoft.NET.Sdk.targets(799,5): message :       _TimeStampAfterCompile;
       C:\Program Files\dotnet\sdk\10.0.300\Sdks\Microsoft.NET.Sdk\targets\Microsoft.NET.Sdk.targets(799,5): message :       AfterCompile;
       C:\Program Files\dotnet\sdk\10.0.300\Sdks\Microsoft.NET.Sdk\targets\Microsoft.NET.Sdk.targets(799,5): message :     ;
       C:\Program Files\dotnet\sdk\10.0.300\Sdks\Microsoft.NET.Sdk\targets\Microsoft.NET.Sdk.targets(799,5): message :       _CreateAppHost;
       C:\Program Files\dotnet\sdk\10.0.300\Sdks\Microsoft.NET.Sdk\targets\Microsoft.NET.Sdk.targets(799,5): message :       _CreateComHost;
       C:\Program Files\dotnet\sdk\10.0.300\Sdks\Microsoft.NET.Sdk\targets\Microsoft.NET.Sdk.targets(799,5): message :       _GetIjwHostPaths;
       C:\Program Files\dotnet\sdk\10.0.300\Sdks\Microsoft.NET.Sdk\targets\Microsoft.NET.Sdk.targets(799,5): message :     " (valeur pr├⌐c├⌐dente┬á: "
       C:\Program Files\dotnet\sdk\10.0.300\Sdks\Microsoft.NET.Sdk\targets\Microsoft.NET.Sdk.targets(799,5): message :       ResolveReferences;
       C:\Program Files\dotnet\sdk\10.0.300\Sdks\Microsoft.NET.Sdk\targets\Microsoft.NET.Sdk.targets(799,5): message :       ResolveKeySource;
       C:\Program Files\dotnet\sdk\10.0.300\Sdks\Microsoft.NET.Sdk\targets\Microsoft.NET.Sdk.targets(799,5): message :       SetWin32ManifestProperties;
       C:\Program Files\dotnet\sdk\10.0.300\Sdks\Microsoft.NET.Sdk\targets\Microsoft.NET.Sdk.targets(799,5): message :       _SetPreferNativeArm64Win32ManifestProperties;
       C:\Program Files\dotnet\sdk\10.0.300\Sdks\Microsoft.NET.Sdk\targets\Microsoft.NET.Sdk.targets(799,5): message :       FindReferenceAssembliesForReferences;
       C:\Program Files\dotnet\sdk\10.0.300\Sdks\Microsoft.NET.Sdk\targets\Microsoft.NET.Sdk.targets(799,5): message :       _GenerateCompileInputs;
       C:\Program Files\dotnet\sdk\10.0.300\Sdks\Microsoft.NET.Sdk\targets\Microsoft.NET.Sdk.targets(799,5): message :       BeforeCompile;
       C:\Program Files\dotnet\sdk\10.0.300\Sdks\Microsoft.NET.Sdk\targets\Microsoft.NET.Sdk.targets(799,5): message :       _TimeStampBeforeCompile;
       C:\Program Files\dotnet\sdk\10.0.300\Sdks\Microsoft.NET.Sdk\targets\Microsoft.NET.Sdk.targets(799,5): message :       _GenerateCompileDependencyCache;
       C:\Program Files\dotnet\sdk\10.0.300\Sdks\Microsoft.NET.Sdk\targets\Microsoft.NET.Sdk.targets(799,5): message :       CoreCompile;
       C:\Program Files\dotnet\sdk\10.0.300\Sdks\Microsoft.NET.Sdk\targets\Microsoft.NET.Sdk.targets(799,5): message :       _TimeStampAfterCompile;
       C:\Program Files\dotnet\sdk\10.0.300\Sdks\Microsoft.NET.Sdk\targets\Microsoft.NET.Sdk.targets(799,5): message :       AfterCompile;
       C:\Program Files\dotnet\sdk\10.0.300\Sdks\Microsoft.NET.Sdk\targets\Microsoft.NET.Sdk.targets(799,5): message :     ") ├á C:\Program Files\dotnet\sdk\10.0.300\Sdks\Microsoft.NET.Sdk\targets\Microsoft.NET.Sdk.targets (799,5)
       C:\Program Files\dotnet\sdk\10.0.300\Sdks\Microsoft.NET.Sdk\targets\Microsoft.NET.Sdk.targets(1131,5): message : R├⌐assignation de propri├⌐t├⌐┬á: $(CreateSatelliteAssembliesDependsOn)="
       C:\Program Files\dotnet\sdk\10.0.300\Sdks\Microsoft.NET.Sdk\targets\Microsoft.NET.Sdk.targets(1131,5): message :       
       C:\Program Files\dotnet\sdk\10.0.300\Sdks\Microsoft.NET.Sdk\targets\Microsoft.NET.Sdk.targets(1131,5): message :       ;
       C:\Program Files\dotnet\sdk\10.0.300\Sdks\Microsoft.NET.Sdk\targets\Microsoft.NET.Sdk.targets(1131,5): message :       _GenerateSatelliteAssemblyInputs;
       C:\Program Files\dotnet\sdk\10.0.300\Sdks\Microsoft.NET.Sdk\targets\Microsoft.NET.Sdk.targets(1131,5): message :       ComputeIntermediateSatelliteAssemblies;
       C:\Program Files\dotnet\sdk\10.0.300\Sdks\Microsoft.NET.Sdk\targets\Microsoft.NET.Sdk.targets(1131,5): message :       GenerateSatelliteAssemblies
       C:\Program Files\dotnet\sdk\10.0.300\Sdks\Microsoft.NET.Sdk\targets\Microsoft.NET.Sdk.targets(1131,5): message :     ;
       C:\Program Files\dotnet\sdk\10.0.300\Sdks\Microsoft.NET.Sdk\targets\Microsoft.NET.Sdk.targets(1131,5): message :       CoreGenerateSatelliteAssemblies
       C:\Program Files\dotnet\sdk\10.0.300\Sdks\Microsoft.NET.Sdk\targets\Microsoft.NET.Sdk.targets(1131,5): message :     " (valeur pr├⌐c├⌐dente┬á: "
       C:\Program Files\dotnet\sdk\10.0.300\Sdks\Microsoft.NET.Sdk\targets\Microsoft.NET.Sdk.targets(1131,5): message :       ;
       C:\Program Files\dotnet\sdk\10.0.300\Sdks\Microsoft.NET.Sdk\targets\Microsoft.NET.Sdk.targets(1131,5): message :       _GenerateSatelliteAssemblyInputs;
       C:\Program Files\dotnet\sdk\10.0.300\Sdks\Microsoft.NET.Sdk\targets\Microsoft.NET.Sdk.targets(1131,5): message :       ComputeIntermediateSatelliteAssemblies;
       C:\Program Files\dotnet\sdk\10.0.300\Sdks\Microsoft.NET.Sdk\targets\Microsoft.NET.Sdk.targets(1131,5): message :       GenerateSatelliteAssemblies
       C:\Program Files\dotnet\sdk\10.0.300\Sdks\Microsoft.NET.Sdk\targets\Microsoft.NET.Sdk.targets(1131,5): message :     ") ├á C:\Program Files\dotnet\sdk\10.0.300\Sdks\Microsoft.NET.Sdk\targets\Microsoft.NET.Sdk.targets (1131,5)
       C:\Program Files\dotnet\sdk\10.0.300\Sdks\Microsoft.SourceLink.GitLab\build\Microsoft.SourceLink.GitLab.targets(12,5): message : R├⌐assignation de propri├⌐t├⌐┬á: $(SourceLinkUrlInitializerTargets)=";_InitializeGitHubSourceLinkUrl;_InitializeGitLabSourceLinkUrl" (valeur pr├⌐c├⌐dente┬á: ";_InitializeGitHubSourceLinkUrl") ├á C:\Program Files\dotnet\sdk\10.0.300\Sdks\Microsoft.SourceLink.GitLab\build\Microsoft.SourceLink.GitLab.targets (12,5)
       C:\Program Files\dotnet\sdk\10.0.300\Sdks\Microsoft.SourceLink.GitLab\build\Microsoft.SourceLink.GitLab.targets(13,5): message : R├⌐assignation de propri├⌐t├⌐┬á: $(SourceControlManagerUrlTranslationTargets)=";TranslateGitHubUrlsInSourceControlInformation;TranslateGitLabUrlsInSourceControlInformation" (valeur pr├⌐c├⌐dente┬á: ";TranslateGitHubUrlsInSourceControlInformation") ├á C:\Program Files\dotnet\sdk\10.0.300\Sdks\Microsoft.SourceLink.GitLab\build\Microsoft.SourceLink.GitLab.targets (13,5)
       C:\Program Files\dotnet\sdk\10.0.300\Sdks\Microsoft.SourceLink.AzureRepos.Git\build\Microsoft.SourceLink.AzureRepos.Git.targets(12,5): message : R├⌐assignation de propri├⌐t├⌐┬á: $(SourceLinkUrlInitializerTargets)=";_InitializeGitHubSourceLinkUrl;_InitializeGitLabSourceLinkUrl;_InitializeAzureReposGitSourceLinkUrl" (valeur pr├⌐c├⌐dente┬á: ";_InitializeGitHubSourceLinkUrl;_InitializeGitLabSourceLinkUrl") ├á C:\Program Files\dotnet\sdk\10.0.300\Sdks\Microsoft.SourceLink.AzureRepos.Git\build\Microsoft.SourceLink.AzureRepos.Git.targets (12,5)
       C:\Program Files\dotnet\sdk\10.0.300\Sdks\Microsoft.SourceLink.AzureRepos.Git\build\Microsoft.SourceLink.AzureRepos.Git.targets(13,5): message : R├⌐assignation de propri├⌐t├⌐┬á: $(SourceControlManagerUrlTranslationTargets)=";TranslateGitHubUrlsInSourceControlInformation;TranslateGitLabUrlsInSourceControlInformation;TranslateAzureReposGitUrlsInSourceControlInformation" (valeur pr├⌐c├⌐dente┬á: ";TranslateGitHubUrlsInSourceControlInformation;TranslateGitLabUrlsInSourceControlInformation") ├á C:\Program Files\dotnet\sdk\10.0.300\Sdks\Microsoft.SourceLink.AzureRepos.Git\build\Microsoft.SourceLink.AzureRepos.Git.targets (13,5)
       C:\Program Files\dotnet\sdk\10.0.300\Sdks\Microsoft.SourceLink.Bitbucket.Git\build\Microsoft.SourceLink.Bitbucket.Git.targets(12,5): message : R├⌐assignation de propri├⌐t├⌐┬á: $(SourceLinkUrlInitializerTargets)=";_InitializeGitHubSourceLinkUrl;_InitializeGitLabSourceLinkUrl;_InitializeAzureReposGitSourceLinkUrl;_InitializeBitbucketGitSourceLinkUrl" (valeur pr├⌐c├⌐dente┬á: ";_InitializeGitHubSourceLinkUrl;_InitializeGitLabSourceLinkUrl;_InitializeAzureReposGitSourceLinkUrl") ├á C:\Program Files\dotnet\sdk\10.0.300\Sdks\Microsoft.SourceLink.Bitbucket.Git\build\Microsoft.SourceLink.Bitbucket.Git.targets (12,5)
       C:\Program Files\dotnet\sdk\10.0.300\Sdks\Microsoft.SourceLink.Bitbucket.Git\build\Microsoft.SourceLink.Bitbucket.Git.targets(13,5): message : R├⌐assignation de propri├⌐t├⌐┬á: $(SourceControlManagerUrlTranslationTargets)=";TranslateGitHubUrlsInSourceControlInformation;TranslateGitLabUrlsInSourceControlInformation;TranslateAzureReposGitUrlsInSourceControlInformation;TranslateBitbucketGitUrlsInSourceControlInformation" (valeur pr├⌐c├⌐dente┬á: ";TranslateGitHubUrlsInSourceControlInformation;TranslateGitLabUrlsInSourceControlInformation;TranslateAzureReposGitUrlsInSourceControlInformation") ├á C:\Program Files\dotnet\sdk\10.0.300\Sdks\Microsoft.SourceLink.Bitbucket.Git\build\Microsoft.SourceLink.Bitbucket.Git.targets (13,5)
       C:\Program Files\dotnet\sdk\10.0.300\Sdks\Microsoft.NET.Sdk\targets\Microsoft.NET.DesignerSupport.targets(21,5): message : R├⌐assignation de propri├⌐t├⌐┬á: $(DesignerRuntimeImplementationProjectOutputGroupDependsOn)="
       C:\Program Files\dotnet\sdk\10.0.300\Sdks\Microsoft.NET.Sdk\targets\Microsoft.NET.DesignerSupport.targets(21,5): message :       
       C:\Program Files\dotnet\sdk\10.0.300\Sdks\Microsoft.NET.Sdk\targets\Microsoft.NET.DesignerSupport.targets(21,5): message :       ;
       C:\Program Files\dotnet\sdk\10.0.300\Sdks\Microsoft.NET.Sdk\targets\Microsoft.NET.DesignerSupport.targets(21,5): message :       
       C:\Program Files\dotnet\sdk\10.0.300\Sdks\Microsoft.NET.Sdk\targets\Microsoft.NET.DesignerSupport.targets(21,5): message :       ;
       C:\Program Files\dotnet\sdk\10.0.300\Sdks\Microsoft.NET.Sdk\targets\Microsoft.NET.DesignerSupport.targets(21,5): message :       BuildOnlySettings;
       C:\Program Files\dotnet\sdk\10.0.300\Sdks\Microsoft.NET.Sdk\targets\Microsoft.NET.DesignerSupport.targets(21,5): message :       PrepareForBuild;
       C:\Program Files\dotnet\sdk\10.0.300\Sdks\Microsoft.NET.Sdk\targets\Microsoft.NET.DesignerSupport.targets(21,5): message :       AssignTargetPaths;
       C:\Program Files\dotnet\sdk\10.0.300\Sdks\Microsoft.NET.Sdk\targets\Microsoft.NET.DesignerSupport.targets(21,5): message :       ResolveReferences
       C:\Program Files\dotnet\sdk\10.0.300\Sdks\Microsoft.NET.Sdk\targets\Microsoft.NET.DesignerSupport.targets(21,5): message :     
       C:\Program Files\dotnet\sdk\10.0.300\Sdks\Microsoft.NET.Sdk\targets\Microsoft.NET.DesignerSupport.targets(21,5): message :     ;
       C:\Program Files\dotnet\sdk\10.0.300\Sdks\Microsoft.NET.Sdk\targets\Microsoft.NET.DesignerSupport.targets(21,5): message :       _GenerateDesignerDepsFile;
       C:\Program Files\dotnet\sdk\10.0.300\Sdks\Microsoft.NET.Sdk\targets\Microsoft.NET.DesignerSupport.targets(21,5): message :       _GenerateDesignerRuntimeConfigFile;
       C:\Program Files\dotnet\sdk\10.0.300\Sdks\Microsoft.NET.Sdk\targets\Microsoft.NET.DesignerSupport.targets(21,5): message :       GetCopyToOutputDirectoryItems;
       C:\Program Files\dotnet\sdk\10.0.300\Sdks\Microsoft.NET.Sdk\targets\Microsoft.NET.DesignerSupport.targets(21,5): message :       _GatherDesignerShadowCopyFiles;
       C:\Program Files\dotnet\sdk\10.0.300\Sdks\Microsoft.NET.Sdk\targets\Microsoft.NET.DesignerSupport.targets(21,5): message :     " (valeur pr├⌐c├⌐dente┬á: "
       C:\Program Files\dotnet\sdk\10.0.300\Sdks\Microsoft.NET.Sdk\targets\Microsoft.NET.DesignerSupport.targets(21,5): message :       ;
       C:\Program Files\dotnet\sdk\10.0.300\Sdks\Microsoft.NET.Sdk\targets\Microsoft.NET.DesignerSupport.targets(21,5): message :       
       C:\Program Files\dotnet\sdk\10.0.300\Sdks\Microsoft.NET.Sdk\targets\Microsoft.NET.DesignerSupport.targets(21,5): message :       ;
       C:\Program Files\dotnet\sdk\10.0.300\Sdks\Microsoft.NET.Sdk\targets\Microsoft.NET.DesignerSupport.targets(21,5): message :       BuildOnlySettings;
       C:\Program Files\dotnet\sdk\10.0.300\Sdks\Microsoft.NET.Sdk\targets\Microsoft.NET.DesignerSupport.targets(21,5): message :       PrepareForBuild;
       C:\Program Files\dotnet\sdk\10.0.300\Sdks\Microsoft.NET.Sdk\targets\Microsoft.NET.DesignerSupport.targets(21,5): message :       AssignTargetPaths;
       C:\Program Files\dotnet\sdk\10.0.300\Sdks\Microsoft.NET.Sdk\targets\Microsoft.NET.DesignerSupport.targets(21,5): message :       ResolveReferences
       C:\Program Files\dotnet\sdk\10.0.300\Sdks\Microsoft.NET.Sdk\targets\Microsoft.NET.DesignerSupport.targets(21,5): message :     
       C:\Program Files\dotnet\sdk\10.0.300\Sdks\Microsoft.NET.Sdk\targets\Microsoft.NET.DesignerSupport.targets(21,5): message :     ") ├á C:\Program Files\dotnet\sdk\10.0.300\Sdks\Microsoft.NET.Sdk\targets\Microsoft.NET.DesignerSupport.targets (21,5)
       C:\Program Files\dotnet\sdk\10.0.300\Sdks\Microsoft.NET.Sdk\targets\Microsoft.NET.Sdk.CSharp.targets(31,5): message : R├⌐assignation de propri├⌐t├⌐┬á: $(DefineConstants)="TRACE;DEBUG" (valeur pr├⌐c├⌐dente┬á: "TRACE") ├á C:\Program Files\dotnet\sdk\10.0.300\Sdks\Microsoft.NET.Sdk\targets\Microsoft.NET.Sdk.CSharp.targets (31,5)
       C:\Program Files\dotnet\sdk\10.0.300\Sdks\Microsoft.NET.Sdk\targets\Microsoft.NET.Sdk.CSharp.targets(45,5): message : R├⌐assignation de propri├⌐t├⌐┬á: $(WarningsAsErrors)=";NU1605;SYSLIB0011" (valeur pr├⌐c├⌐dente┬á: ";NU1605") ├á C:\Program Files\dotnet\sdk\10.0.300\Sdks\Microsoft.NET.Sdk\targets\Microsoft.NET.Sdk.CSharp.targets (45,5)
       C:\Program Files\dotnet\sdk\10.0.300\NuGet.Build.Tasks.Pack.targets(34,5): message : R├⌐assignation de propri├⌐t├⌐┬á: $(PackageDescription)="Package Description" (valeur pr├⌐c├⌐dente┬á: "") ├á C:\Program Files\dotnet\sdk\10.0.300\NuGet.Build.Tasks.Pack.targets (34,5)
       C:\Program Files\dotnet\sdk\10.0.300\NuGet.Build.Tasks.Pack.targets(59,5): message : R├⌐assignation de propri├⌐t├⌐┬á: $(GenerateNuspecDependsOn)="Build;_LoadPackInputItems; _GetTargetFrameworksOutput; _WalkEachTargetPerFramework; _GetPackageFiles; " (valeur pr├⌐c├⌐dente┬á: "_LoadPackInputItems; _GetTargetFrameworksOutput; _WalkEachTargetPerFramework; _GetPackageFiles; ") ├á C:\Program Files\dotnet\sdk\10.0.300\NuGet.Build.Tasks.Pack.targets (59,5)
       C:\Program Files\dotnet\sdk\10.0.300\Sdks\Microsoft.NET.Sdk\Sdk\Sdk.targets(59,5): message : R├⌐assignation de propri├⌐t├⌐┬á: $(_IsNotSetContainersTargetsDir)="true" (valeur pr├⌐c├⌐dente┬á: "false") ├á C:\Program Files\dotnet\sdk\10.0.300\Sdks\Microsoft.NET.Sdk\Sdk\Sdk.targets (59,5)
       C:\Program Files\dotnet\sdk\10.0.300\Containers\build\Microsoft.NET.Build.Containers.targets(5,5): message : R├⌐assignation de propri├⌐t├⌐┬á: $(_IsSDKContainerAllowedVersion)="true" (valeur pr├⌐c├⌐dente┬á: "false") ├á C:\Program Files\dotnet\sdk\10.0.300\Containers\build\Microsoft.NET.Build.Containers.targets (5,5)
       C:\Program Files\dotnet\sdk\10.0.300\Containers\build\Microsoft.NET.Build.Containers.targets(15,5): message : R├⌐assignation de propri├⌐t├⌐┬á: $(_ContainerIsTargetingNet8TFM)="true" (valeur pr├⌐c├⌐dente┬á: "false") ├á C:\Program Files\dotnet\sdk\10.0.300\Containers\build\Microsoft.NET.Build.Containers.targets (15,5)
       C:\Users\Thomas\.nuget\packages\microsoft.testplatform.testhost\17.14.1\build\net8.0\Microsoft.TestPlatform.TestHost.props(15,14): message : Propri├⌐t├⌐ 'OS' avec la valeur 'Windows_NT' d├⌐velopp├⌐e ├á partir de lΓÇÖenvironnement.
       Remplacement de la cible "ResolveFrameworkReferences" du projet "C:\Program Files\dotnet\sdk\10.0.300\Microsoft.Common.CurrentVersion.targets" par la cible "ResolveFrameworkReferences" du projet "C:\Program Files\dotnet\sdk\10.0.300\Sdks\Microsoft.NET.Sdk\targets\Microsoft.NET.Sdk.FrameworkReferenceResolution.targets".
       Remplacement de la cible "GenerateSupportedTargetFrameworkAlias" du projet "C:\Program Files\dotnet\sdk\10.0.300\Microsoft.Common.CurrentVersion.targets" par la cible "GenerateSupportedTargetFrameworkAlias" du projet "C:\Program Files\dotnet\sdk\10.0.300\Sdks\Microsoft.NET.Sdk\targets\Microsoft.NET.Sdk.targets".
       Remplacement de la cible "GetReferenceAssemblyPaths" du projet "C:\Program Files\dotnet\sdk\10.0.300\Microsoft.Common.CurrentVersion.targets" par la cible "GetReferenceAssemblyPaths" du projet "C:\Program Files\dotnet\sdk\10.0.300\Sdks\Microsoft.NET.Sdk\targets\Microsoft.NET.DisableStandardFrameworkResolution.targets".
       Remplacement de la cible "GetFrameworkPaths" du projet "C:\Program Files\dotnet\sdk\10.0.300\Microsoft.Common.CurrentVersion.targets" par la cible "GetFrameworkPaths" du projet "C:\Program Files\dotnet\sdk\10.0.300\Sdks\Microsoft.NET.Sdk\targets\Microsoft.NET.DisableStandardFrameworkResolution.targets".
       Remplacement de la cible "DesignerRuntimeImplementationProjectOutputGroup" du projet "C:\Program Files\dotnet\sdk\10.0.300\Microsoft.Common.CurrentVersion.targets" par la cible "DesignerRuntimeImplementationProjectOutputGroup" du projet "C:\Program Files\dotnet\sdk\10.0.300\Sdks\Microsoft.NET.Sdk\targets\Microsoft.NET.DesignerSupport.targets".
       Remplacement de la cible "Publish" du projet "C:\Program Files\dotnet\sdk\10.0.300\Microsoft.Common.CurrentVersion.targets" par la cible "Publish" du projet "C:\Program Files\dotnet\sdk\10.0.300\Sdks\Microsoft.NET.Sdk\targets\Microsoft.NET.Publish.targets".
       Remplacement de la cible "ResolveReadyToRunCompilers" du projet "C:\Program Files\dotnet\sdk\10.0.300\Sdks\Microsoft.NET.Sdk\targets\Microsoft.NET.CrossGen.targets" par la cible "ResolveReadyToRunCompilers" du projet "C:\Program Files\dotnet\sdk\10.0.300\Sdks\Microsoft.NET.Sdk\targets\Microsoft.NET.Publish.targets".
       Remplacement de la cible "GetCopyToPublishDirectoryItems" du projet "C:\Program Files\dotnet\sdk\10.0.300\Microsoft.Common.CurrentVersion.targets" par la cible "GetCopyToPublishDirectoryItems" du projet "C:\Program Files\dotnet\sdk\10.0.300\Sdks\Microsoft.NET.Sdk\targets\Microsoft.NET.Publish.targets".
       Remplacement de la cible "Run" du projet "C:\Program Files\dotnet\sdk\10.0.300\Microsoft.Common.CurrentVersion.targets" par la cible "Run" du projet "C:\Program Files\dotnet\sdk\10.0.300\Sdks\Microsoft.NET.Sdk\targets\Microsoft.NET.Sdk.targets".
       La cible "ResolveNuGetPackageAssets" r├⌐pertori├⌐e dans un attribut AfterTargets ├á "C:\Users\Thomas\.nuget\packages\microsoft.extensions.logging.abstractions\10.0.8\buildTransitive\net8.0\Microsoft.Extensions.Logging.Abstractions.targets (11,11)" n'existe pas dans le projet et sera ignor├⌐e.
       La cible "ResolveNuGetPackageAssets" r├⌐pertori├⌐e dans un attribut AfterTargets ├á "C:\Users\Thomas\.nuget\packages\microsoft.extensions.logging.abstractions\10.0.8\buildTransitive\net8.0\Microsoft.Extensions.Logging.Abstractions.targets (23,11)" n'existe pas dans le projet et sera ignor├⌐e.
       La cible "ResolveNuGetPackageAssets" r├⌐pertori├⌐e dans un attribut AfterTargets ├á "C:\Users\Thomas\.nuget\packages\microsoft.extensions.options\10.0.8\buildTransitive\net8.0\Microsoft.Extensions.Options.targets (11,11)" n'existe pas dans le projet et sera ignor├⌐e.
       La cible "ResolveNuGetPackageAssets" r├⌐pertori├⌐e dans un attribut AfterTargets ├á "C:\Users\Thomas\.nuget\packages\microsoft.extensions.options\10.0.8\buildTransitive\net8.0\Microsoft.Extensions.Options.targets (23,11)" n'existe pas dans le projet et sera ignor├⌐e.
     1>Projet "C:\Users\Thomas\source\repos\rpg_esi07\services\game-engine\tests\Leds.GameEngine.UnitTests\Leds.GameEngine.UnitTests.csproj" sur le n┼ôud 1 (VSTest cible(s)).
     1>Cible "GenerateProgramFile" dans le fichier "C:\Users\Thomas\.nuget\packages\microsoft.net.test.sdk\17.14.1\build\net8.0\Microsoft.NET.Test.Sdk.targets" du projet "C:\Users\Thomas\source\repos\rpg_esi07\services\game-engine\tests\Leds.GameEngine.UnitTests\Leds.GameEngine.UnitTests.csproj" (point d'entr├⌐e)┬á:
     1>G├⌐n├⌐ration de la cible "GenerateProgramFile" termin├⌐e dans le projet "Leds.GameEngine.UnitTests.csproj".
     1>Cible "SetXPlatDataCollectorPath" dans le fichier "C:\Users\Thomas\.nuget\packages\coverlet.collector\6.0.4\build\netstandard2.0\coverlet.collector.targets" du projet "C:\Users\Thomas\source\repos\rpg_esi07\services\game-engine\tests\Leds.GameEngine.UnitTests\Leds.GameEngine.UnitTests.csproj" (la cible "VSTest" en d├⌐pend)┬á:
     1>G├⌐n├⌐ration de la cible "SetXPlatDataCollectorPath" termin├⌐e dans le projet "Leds.GameEngine.UnitTests.csproj".
     1>Cible "VSTest" dans le fichier "C:\Program Files\dotnet\sdk\10.0.300\Microsoft.TestPlatform.targets" du projet "C:\Users\Thomas\source\repos\rpg_esi07\services\game-engine\tests\Leds.GameEngine.UnitTests\Leds.GameEngine.UnitTests.csproj" (point d'entr├⌐e)┬á:
       C:\Program Files\dotnet\sdk\10.0.300\Microsoft.TestPlatform.targets(33,42): message : Propri├⌐t├⌐ '_MSBUILDTLENABLED' avec la valeur '0' d├⌐velopp├⌐e ├á partir de lΓÇÖenvironnement. [C:\Users\Thomas\source\repos\rpg_esi07\services\game-engine\tests\Leds.GameEngine.UnitTests\Leds.GameEngine.UnitTests.csproj]
       Utilisation de la t├óche "CallTarget" ├á partir de l'assembly "Microsoft.Build.Tasks.Core, Version=15.1.0.0, Culture=neutral, PublicKeyToken=b03f5f7f11d50a3a".
       T├óche "CallTarget"
     1>Cible "_VSTestConsole" dans le fichier "C:\Program Files\dotnet\sdk\10.0.300\Microsoft.TestPlatform.targets" du projet "C:\Users\Thomas\source\repos\rpg_esi07\services\game-engine\tests\Leds.GameEngine.UnitTests\Leds.GameEngine.UnitTests.csproj" (la cible "VSTest" en d├⌐pend)┬á:
       T├óche "CallTarget"
     1>Cible "ShowCallOfVSTestTaskWithParameter" dans le fichier "C:\Program Files\dotnet\sdk\10.0.300\Microsoft.TestPlatform.targets" du projet "C:\Users\Thomas\source\repos\rpg_esi07\services\game-engine\tests\Leds.GameEngine.UnitTests\Leds.GameEngine.UnitTests.csproj" (la cible "_VSTestConsole" en d├⌐pend)┬á:
       Utilisation de la t├óche "Message" ├á partir de l'assembly "Microsoft.Build.Tasks.Core, Version=15.1.0.0, Culture=neutral, PublicKeyToken=b03f5f7f11d50a3a".
       T├óche "Message"
         Calling task Microsoft.TestPlatform.Build.Tasks.VSTestTask with following parameter...
       Ex├⌐cution de la t├óche "Message" termin├⌐e.
       T├óche "Message"
         TestFileFullPath = C:\Users\Thomas\source\repos\rpg_esi07\services\game-engine\tests\Leds.GameEngine.UnitTests\bin\Debug\net10.0\Leds.GameEngine.UnitTests.dll
       Ex├⌐cution de la t├óche "Message" termin├⌐e.
       T├óche "Message"
         VSTestSetting = 
       Ex├⌐cution de la t├óche "Message" termin├⌐e.
       T├óche "Message"
         VSTestTestAdapterPath = ;C:\Users\Thomas\.nuget\packages\coverlet.collector\6.0.4\build\netstandard2.0\
       Ex├⌐cution de la t├óche "Message" termin├⌐e.
       T├óche "Message"
         VSTestFramework = .NETCoreApp,Version=v10.0
       Ex├⌐cution de la t├óche "Message" termin├⌐e.
       T├óche "Message"
         VSTestPlatform = 
       Ex├⌐cution de la t├óche "Message" termin├⌐e.
       T├óche "Message"
         VSTestTestCaseFilter = 
       Ex├⌐cution de la t├óche "Message" termin├⌐e.
       T├óche "Message"
         VSTestLogger = 
       Ex├⌐cution de la t├óche "Message" termin├⌐e.
       T├óche "Message"
         VSTestListTests = 
       Ex├⌐cution de la t├óche "Message" termin├⌐e.
       T├óche "Message"
         VSTestDiag = 
       Ex├⌐cution de la t├óche "Message" termin├⌐e.
       T├óche "Message"
         VSTestCLIRunSettings = 
       Ex├⌐cution de la t├óche "Message" termin├⌐e.
       T├óche "Message"
         VSTestResultsDirectory = 
       Ex├⌐cution de la t├óche "Message" termin├⌐e.
       T├óche "Message"
         VSTestConsolePath = C:\Program Files\dotnet\sdk\10.0.300\vstest.console.dll
       Ex├⌐cution de la t├óche "Message" termin├⌐e.
       T├óche "Message"
         VSTestVerbosity = detailed
       Ex├⌐cution de la t├óche "Message" termin├⌐e.
       T├óche "Message"
         VSTestCollect = 
       Ex├⌐cution de la t├óche "Message" termin├⌐e.
       T├óche "Message"
         VSTestBlame = 
       Ex├⌐cution de la t├óche "Message" termin├⌐e.
       T├óche "Message"
         VSTestTraceDataCollectorDirectoryPath = C:\Users\Thomas\.nuget\packages\microsoft.codecoverage\17.14.1\build\netstandard2.0\
       Ex├⌐cution de la t├óche "Message" termin├⌐e.
       T├óche "Message"
         VSTestNoLogo = true
       Ex├⌐cution de la t├óche "Message" termin├⌐e.
     1>G├⌐n├⌐ration de la cible "ShowCallOfVSTestTaskWithParameter" termin├⌐e dans le projet "Leds.GameEngine.UnitTests.csproj".
       Ex├⌐cution de la t├óche "CallTarget" termin├⌐e.
       Assembly charg├⌐ pendant TaskRun┬á: Microsoft.TestPlatform.Build, Version=15.0.0.0, Culture=neutral, PublicKeyToken=b03f5f7f11d50a3a (emplacement : C:\Program Files\dotnet\sdk\10.0.300\Microsoft.TestPlatform.Build.dll, MVID : 249fb57f-cde0-407d-84a2-251bc5c617e5, AssemblyLoadContext : MSBuild plugin C:\Program Files\dotnet\sdk\10.0.300\Microsoft.TestPlatform.Build.dll)
       Utilisation de la t├óche "VSTestTask" ├á partir de l'assembly "C:\Program Files\dotnet\sdk\10.0.300\Microsoft.TestPlatform.Build.dll".
       T├óche "VSTestTask"
S├⌐rie de tests pour C:\Users\Thomas\source\repos\rpg_esi07\services\game-engine\tests\Leds.GameEngine.UnitTests\bin\Debug\net10.0\Leds.GameEngine.UnitTests.dll (.NETCoreApp,Version=v10.0)
         Assembly charg├⌐ pendant TaskRun (Microsoft.TestPlatform.Build.Tasks.VSTestTask)┬á: Microsoft.TestPlatform.Build.resources, Version=15.0.0.0, Culture=fr, PublicKeyToken=b03f5f7f11d50a3a (emplacement : C:\Program Files\dotnet\sdk\10.0.300\fr\Microsoft.TestPlatform.Build.resources.dll, MVID : 89fbcc85-1eed-48fc-a128-c316d761967b, AssemblyLoadContext : MSBuild plugin C:\Program Files\dotnet\sdk\10.0.300\Microsoft.TestPlatform.Build.dll)
Au total, 1 fichiers de test ont correspondu au mod├¿le sp├⌐cifi├⌐.
[xUnit.net 00:00:00.00] xUnit.net VSTest Adapter v3.1.4+50e68bbb8b (64-bit .NET 10.0.8)
[xUnit.net 00:00:00.08]   Discovering: Leds.GameEngine.UnitTests
[xUnit.net 00:00:00.14]   Discovered:  Leds.GameEngine.UnitTests
[xUnit.net 00:00:00.17]   Starting:    Leds.GameEngine.UnitTests
     Warning:
     The component "Fluent Assertions" is governed by the rules defined in the Xceed License Agreement and
     the Xceed Fluent Assertions Community License. You may use Fluent Assertions free of charge for
     non-commercial use only. An active subscription is required to use Fluent Assertions for commercial use.
     Please contact Xceed Sales mailto:sales@xceed.com to acquire a subscription at a very low cost.
     A paid commercial license supports the development and continued increasing support of
     Fluent Assertions users under both commercial and community licenses. Help us
     keep Fluent Assertions at the forefront of unit testing.
     For more information, visit https://xceed.com/products/unit-testing/fluent-assertions/
  R├⌐ussi Leds.GameEngine.UnitTests.Markov.MarkovTransitionResolverTests.ResolveNextState_ShouldReturnSecondState_WhenSampleFallsInSecondInterval [16 ms]
  R├⌐ussi Leds.GameEngine.UnitTests.Markov.MarkovTransitionResolverTests.ResolveNextState_ShouldReturnFirstState_WhenSampleFallsInFirstInterval [< 1 ms]
  R├⌐ussi Leds.GameEngine.UnitTests.Markov.MarkovTransitionResolverTests.ResolveNextState_ShouldBeDeterministic_ForSameInputs [1 ms]
  R├⌐ussi Leds.GameEngine.UnitTests.Markov.MarkovTransitionResolverTests.ResolveNextState_ShouldThrow_WhenSampleIsOne [1 ms]
[xUnit.net 00:00:00.27]       Leds.GameEngine.Domain.Common.DomainException : Node connections must be between same or adjacent lanes only.
[xUnit.net 00:00:00.28]       Stack Trace:
[xUnit.net 00:00:00.28]         C:\Users\Thomas\source\repos\rpg_esi07\services\game-engine\src\Leds.GameEngine.Domain\Rooms\Room.cs(422,0): at Leds.GameEngine.Domain.Rooms.Room.EnsureNoCrossRowConnections(IReadOnlyCollection`1 nodes)
[xUnit.net 00:00:00.28]         C:\Users\Thomas\source\repos\rpg_esi07\services\game-engine\src\Leds.GameEngine.Domain\Rooms\Room.cs(140,0): at Leds.GameEngine.Domain.Rooms.Room.Create(Int32 depth, RoomType roomType, String theme, RoomBossProfile bossProfile, IEnumerable`1 nodes)
[xUnit.net 00:00:00.28]         C:\Users\Thomas\source\repos\rpg_esi07\services\game-engine\tests\Leds.GameEngine.UnitTests\Common\Factories\TestGameEngineFactory.cs(115,0): at Leds.GameEngine.UnitTests.Common.Factories.TestGameEngineFactory.CreateThresholdRoomWithTargetInitialNode(NodeEventType targetInitialEventType, Int32 depth)
[xUnit.net 00:00:00.28]         C:\Users\Thomas\source\repos\rpg_esi07\services\game-engine\tests\Leds.GameEngine.UnitTests\Common\Factories\TestGameEngineFactory.cs(150,0): at Leds.GameEngine.UnitTests.Common.Factories.TestGameEngineFactory.CreateRunWithTargetInitialNode(NodeEventType targetInitialEventType)
[xUnit.net 00:00:00.28]         C:\Users\Thomas\source\repos\rpg_esi07\services\game-engine\tests\Leds.GameEngine.UnitTests\Common\Factories\TestGameEngineFactory.cs(167,0): at Leds.GameEngine.UnitTests.Common.Factories.TestGameEngineFactory.CreateRunWithSelectedTargetNode(NodeEventType targetInitialEventType)
[xUnit.net 00:00:00.28]         C:\Users\Thomas\source\repos\rpg_esi07\services\game-engine\tests\Leds.GameEngine.UnitTests\Common\Factories\TestGameEngineFactory.cs(178,0): at Leds.GameEngine.UnitTests.Common.Factories.TestGameEngineFactory.CreateRunWithResolvedCurrentEvent(NodeEventType targetInitialEventType)
[xUnit.net 00:00:00.28]         C:\Users\Thomas\source\repos\rpg_esi07\services\game-engine\tests\Leds.GameEngine.UnitTests\Events\ChooseEventOption\CurrentEventChoiceResolverDispatcherTests.cs(14,0): at Leds.GameEngine.UnitTests.Events.ChooseEventOption.CurrentEventChoiceResolverDispatcherTests.Resolve_ShouldUseResolverMatchingPrimaryEventType()
[xUnit.net 00:00:00.28]            at System.Reflection.MethodBaseInvoker.InterpretedInvoke_Method(Object obj, IntPtr* args)
[xUnit.net 00:00:00.28]            at System.Reflection.MethodBaseInvoker.InvokeWithNoArgs(Object obj, BindingFlags invokeAttr)
[xUnit.net 00:00:00.28]       Leds.GameEngine.Domain.Common.DomainException : Node connections must be between same or adjacent lanes only.
[xUnit.net 00:00:00.28]       Stack Trace:
[xUnit.net 00:00:00.28]         C:\Users\Thomas\source\repos\rpg_esi07\services\game-engine\src\Leds.GameEngine.Domain\Rooms\Room.cs(422,0): at Leds.GameEngine.Domain.Rooms.Room.EnsureNoCrossRowConnections(IReadOnlyCollection`1 nodes)
[xUnit.net 00:00:00.28]         C:\Users\Thomas\source\repos\rpg_esi07\services\game-engine\src\Leds.GameEngine.Domain\Rooms\Room.cs(140,0): at Leds.GameEngine.Domain.Rooms.Room.Create(Int32 depth, RoomType roomType, String theme, RoomBossProfile bossProfile, IEnumerable`1 nodes)
[xUnit.net 00:00:00.28]         C:\Users\Thomas\source\repos\rpg_esi07\services\game-engine\tests\Leds.GameEngine.UnitTests\Common\Factories\TestGameEngineFactory.cs(115,0): at Leds.GameEngine.UnitTests.Common.Factories.TestGameEngineFactory.CreateThresholdRoomWithTargetInitialNode(NodeEventType targetInitialEventType, Int32 depth)
[xUnit.net 00:00:00.28]         C:\Users\Thomas\source\repos\rpg_esi07\services\game-engine\tests\Leds.GameEngine.UnitTests\Common\Factories\TestGameEngineFactory.cs(35,0): at Leds.GameEngine.UnitTests.Common.Factories.TestGameEngineFactory.CreateThresholdRoom(NodeEventType targetInitialEventType, Int32 depth)
[xUnit.net 00:00:00.28]         C:\Users\Thomas\source\repos\rpg_esi07\services\game-engine\tests\Leds.GameEngine.UnitTests\Common\Factories\TestGameEngineFactory.cs(136,0): at Leds.GameEngine.UnitTests.Common.Factories.TestGameEngineFactory.CreateRun(NodeEventType targetInitialEventType)
[xUnit.net 00:00:00.28]         C:\Users\Thomas\source\repos\rpg_esi07\services\game-engine\tests\Leds.GameEngine.UnitTests\Combats\SubmitCombatAction\SubmitCombatActionCommandHandlerTests.cs(328,0): at Leds.GameEngine.UnitTests.Combats.SubmitCombatAction.SubmitCombatActionCommandHandlerTests.CreateRunWithActiveCombat()
[xUnit.net 00:00:00.28]         C:\Users\Thomas\source\repos\rpg_esi07\services\game-engine\tests\Leds.GameEngine.UnitTests\Combats\SubmitCombatAction\SubmitCombatActionCommandHandlerTests.cs(145,0): at Leds.GameEngine.UnitTests.Combats.SubmitCombatAction.SubmitCombatActionCommandHandlerTests.Handle_ShouldThrow_WhenCombatDoesNotExist()
[xUnit.net 00:00:00.28]         --- End of stack trace from previous location ---
[xUnit.net 00:00:00.28]       Leds.GameEngine.Domain.Common.DomainException : Node connections must be between same or adjacent lanes only.
[xUnit.net 00:00:00.28]       Stack Trace:
[xUnit.net 00:00:00.28]         C:\Users\Thomas\source\repos\rpg_esi07\services\game-engine\src\Leds.GameEngine.Domain\Rooms\Room.cs(422,0): at Leds.GameEngine.Domain.Rooms.Room.EnsureNoCrossRowConnections(IReadOnlyCollection`1 nodes)
[xUnit.net 00:00:00.28]         C:\Users\Thomas\source\repos\rpg_esi07\services\game-engine\src\Leds.GameEngine.Domain\Rooms\Room.cs(140,0): at Leds.GameEngine.Domain.Rooms.Room.Create(Int32 depth, RoomType roomType, String theme, RoomBossProfile bossProfile, IEnumerable`1 nodes)
[xUnit.net 00:00:00.28]         C:\Users\Thomas\source\repos\rpg_esi07\services\game-engine\tests\Leds.GameEngine.UnitTests\Common\Factories\TestGameEngineFactory.cs(115,0): at Leds.GameEngine.UnitTests.Common.Factories.TestGameEngineFactory.CreateThresholdRoomWithTargetInitialNode(NodeEventType targetInitialEventType, Int32 depth)
[xUnit.net 00:00:00.28]         C:\Users\Thomas\source\repos\rpg_esi07\services\game-engine\tests\Leds.GameEngine.UnitTests\Common\Factories\TestGameEngineFactory.cs(150,0): at Leds.GameEngine.UnitTests.Common.Factories.TestGameEngineFactory.CreateRunWithTargetInitialNode(NodeEventType targetInitialEventType)
[xUnit.net 00:00:00.28]         C:\Users\Thomas\source\repos\rpg_esi07\services\game-engine\tests\Leds.GameEngine.UnitTests\Common\Factories\TestGameEngineFactory.cs(167,0): at Leds.GameEngine.UnitTests.Common.Factories.TestGameEngineFactory.CreateRunWithSelectedTargetNode(NodeEventType targetInitialEventType)
[xUnit.net 00:00:00.28]         C:\Users\Thomas\source\repos\rpg_esi07\services\game-engine\tests\Leds.GameEngine.UnitTests\Common\Factories\TestGameEngineFactory.cs(178,0): at Leds.GameEngine.UnitTests.Common.Factories.TestGameEngineFactory.CreateRunWithResolvedCurrentEvent(NodeEventType targetInitialEventType)
[xUnit.net 00:00:00.28]         C:\Users\Thomas\source\repos\rpg_esi07\services\game-engine\tests\Leds.GameEngine.UnitTests\Events\ChooseEventOption\ChooseCurrentEventOptionCommandHandlerTests.cs(133,0): at Leds.GameEngine.UnitTests.Events.ChooseEventOption.ChooseCurrentEventOptionCommandHandlerTests.Handle_ShouldThrowDomainException_WhenChoiceWasAlreadyResolved()
[xUnit.net 00:00:00.28]         --- End of stack trace from previous location ---
[xUnit.net 00:00:00.28]       Leds.GameEngine.Domain.Common.DomainException : Node connections must be between same or adjacent lanes only.
[xUnit.net 00:00:00.28]       Stack Trace:
[xUnit.net 00:00:00.28]         C:\Users\Thomas\source\repos\rpg_esi07\services\game-engine\src\Leds.GameEngine.Domain\Rooms\Room.cs(422,0): at Leds.GameEngine.Domain.Rooms.Room.EnsureNoCrossRowConnections(IReadOnlyCollection`1 nodes)
[xUnit.net 00:00:00.28]         C:\Users\Thomas\source\repos\rpg_esi07\services\game-engine\src\Leds.GameEngine.Domain\Rooms\Room.cs(140,0): at Leds.GameEngine.Domain.Rooms.Room.Create(Int32 depth, RoomType roomType, String theme, RoomBossProfile bossProfile, IEnumerable`1 nodes)
[xUnit.net 00:00:00.28]         C:\Users\Thomas\source\repos\rpg_esi07\services\game-engine\tests\Leds.GameEngine.UnitTests\Common\Factories\TestGameEngineFactory.cs(115,0): at Leds.GameEngine.UnitTests.Common.Factories.TestGameEngineFactory.CreateThresholdRoomWithTargetInitialNode(NodeEventType targetInitialEventType, Int32 depth)
[xUnit.net 00:00:00.28]         C:\Users\Thomas\source\repos\rpg_esi07\services\game-engine\tests\Leds.GameEngine.UnitTests\Common\Factories\TestGameEngineFactory.cs(150,0): at Leds.GameEngine.UnitTests.Common.Factories.TestGameEngineFactory.CreateRunWithTargetInitialNode(NodeEventType targetInitialEventType)
[xUnit.net 00:00:00.28]         C:\Users\Thomas\source\repos\rpg_esi07\services\game-engine\tests\Leds.GameEngine.UnitTests\Common\Factories\TestGameEngineFactory.cs(167,0): at Leds.GameEngine.UnitTests.Common.Factories.TestGameEngineFactory.CreateRunWithSelectedTargetNode(NodeEventType targetInitialEventType)
[xUnit.net 00:00:00.28]         C:\Users\Thomas\source\repos\rpg_esi07\services\game-engine\tests\Leds.GameEngine.UnitTests\Common\Factories\TestGameEngineFactory.cs(178,0): at Leds.GameEngine.UnitTests.Common.Factories.TestGameEngineFactory.CreateRunWithResolvedCurrentEvent(NodeEventType targetInitialEventType)
[xUnit.net 00:00:00.28]         C:\Users\Thomas\source\repos\rpg_esi07\services\game-engine\tests\Leds.GameEngine.UnitTests\Events\ChooseEventOption\CurrentEventChoiceResolverDispatcherTests.cs(35,0): at Leds.GameEngine.UnitTests.Events.ChooseEventOption.CurrentEventChoiceResolverDispatcherTests.Resolve_ShouldThrowDomainException_WhenNoResolverIsRegistered()
[xUnit.net 00:00:00.28]            at System.Reflection.MethodBaseInvoker.InterpretedInvoke_Method(Object obj, IntPtr* args)
[xUnit.net 00:00:00.28]            at System.Reflection.MethodBaseInvoker.InvokeWithNoArgs(Object obj, BindingFlags invokeAttr)
[xUnit.net 00:00:00.28]       Leds.GameEngine.Domain.Common.DomainException : Node connections must be between same or adjacent lanes only.
[xUnit.net 00:00:00.28]       Stack Trace:
[xUnit.net 00:00:00.28]         C:\Users\Thomas\source\repos\rpg_esi07\services\game-engine\src\Leds.GameEngine.Domain\Rooms\Room.cs(422,0): at Leds.GameEngine.Domain.Rooms.Room.EnsureNoCrossRowConnections(IReadOnlyCollection`1 nodes)
[xUnit.net 00:00:00.28]         C:\Users\Thomas\source\repos\rpg_esi07\services\game-engine\src\Leds.GameEngine.Domain\Rooms\Room.cs(140,0): at Leds.GameEngine.Domain.Rooms.Room.Create(Int32 depth, RoomType roomType, String theme, RoomBossProfile bossProfile, IEnumerable`1 nodes)
[xUnit.net 00:00:00.28]         C:\Users\Thomas\source\repos\rpg_esi07\services\game-engine\tests\Leds.GameEngine.UnitTests\Common\Factories\TestGameEngineFactory.cs(115,0): at Leds.GameEngine.UnitTests.Common.Factories.TestGameEngineFactory.CreateThresholdRoomWithTargetInitialNode(NodeEventType targetInitialEventType, Int32 depth)
[xUnit.net 00:00:00.28]         C:\Users\Thomas\source\repos\rpg_esi07\services\game-engine\tests\Leds.GameEngine.UnitTests\Common\Factories\TestGameEngineFactory.cs(35,0): at Leds.GameEngine.UnitTests.Common.Factories.TestGameEngineFactory.CreateThresholdRoom(NodeEventType targetInitialEventType, Int32 depth)
[xUnit.net 00:00:00.28]         C:\Users\Thomas\source\repos\rpg_esi07\services\game-engine\tests\Leds.GameEngine.UnitTests\Common\Factories\TestGameEngineFactory.cs(136,0): at Leds.GameEngine.UnitTests.Common.Factories.TestGameEngineFactory.CreateRun(NodeEventType targetInitialEventType)
[xUnit.net 00:00:00.28]         C:\Users\Thomas\source\repos\rpg_esi07\services\game-engine\tests\Leds.GameEngine.UnitTests\Combats\SubmitCombatAction\SubmitCombatActionCommandHandlerTests.cs(78,0): at Leds.GameEngine.UnitTests.Combats.SubmitCombatAction.SubmitCombatActionCommandHandlerTests.Handle_ShouldThrow_WhenRunHasNoActiveCombat()
[xUnit.net 00:00:00.28]         --- End of stack trace from previous location ---
  ├ëchou├⌐ Leds.GameEngine.UnitTests.Events.ChooseEventOption.CurrentEventChoiceResolverDispatcherTests.Resolve_ShouldUseResolverMatchingPrimaryEventType [20 ms]
  Message d'erreur┬á:
   Leds.GameEngine.Domain.Common.DomainException : Node connections must be between same or adjacent lanes only.
  Arborescence des appels de proc├⌐dure┬á:
     at Leds.GameEngine.Domain.Rooms.Room.EnsureNoCrossRowConnections(IReadOnlyCollection`1 nodes) in C:\Users\Thomas\source\repos\rpg_esi07\services\game-engine\src\Leds.GameEngine.Domain\Rooms\Room.cs:line 422
   at Leds.GameEngine.Domain.Rooms.Room.Create(Int32 depth, RoomType roomType, String theme, RoomBossProfile bossProfile, IEnumerable`1 nodes) in C:\Users\Thomas\source\repos\rpg_esi07\services\game-engine\src\Leds.GameEngine.Domain\Rooms\Room.cs:line 140
   at Leds.GameEngine.UnitTests.Common.Factories.TestGameEngineFactory.CreateThresholdRoomWithTargetInitialNode(NodeEventType targetInitialEventType, Int32 depth) in C:\Users\Thomas\source\repos\rpg_esi07\services\game-engine\tests\Leds.GameEngine.UnitTests\Common\Factories\TestGameEngineFactory.cs:line 115
   at Leds.GameEngine.UnitTests.Common.Factories.TestGameEngineFactory.CreateRunWithTargetInitialNode(NodeEventType targetInitialEventType) in C:\Users\Thomas\source\repos\rpg_esi07\services\game-engine\tests\Leds.GameEngine.UnitTests\Common\Factories\TestGameEngineFactory.cs:line 150
   at Leds.GameEngine.UnitTests.Common.Factories.TestGameEngineFactory.CreateRunWithSelectedTargetNode(NodeEventType targetInitialEventType) in C:\Users\Thomas\source\repos\rpg_esi07\services\game-engine\tests\Leds.GameEngine.UnitTests\Common\Factories\TestGameEngineFactory.cs:line 167
   at Leds.GameEngine.UnitTests.Common.Factories.TestGameEngineFactory.CreateRunWithResolvedCurrentEvent(NodeEventType targetInitialEventType) in C:\Users\Thomas\source\repos\rpg_esi07\services\game-engine\tests\Leds.GameEngine.UnitTests\Common\Factories\TestGameEngineFactory.cs:line 178
   at Leds.GameEngine.UnitTests.Events.ChooseEventOption.CurrentEventChoiceResolverDispatcherTests.Resolve_ShouldUseResolverMatchingPrimaryEventType() in C:\Users\Thomas\source\repos\rpg_esi07\services\game-engine\tests\Leds.GameEngine.UnitTests\Events\ChooseEventOption\CurrentEventChoiceResolverDispatcherTests.cs:line 14
   at System.Reflection.MethodBaseInvoker.InterpretedInvoke_Method(Object obj, IntPtr* args)
   at System.Reflection.MethodBaseInvoker.InvokeWithNoArgs(Object obj, BindingFlags invokeAttr)
  ├ëchou├⌐ Leds.GameEngine.UnitTests.Events.ChooseEventOption.ChooseCurrentEventOptionCommandHandlerTests.Handle_ShouldThrowDomainException_WhenChoiceWasAlreadyResolved [20 ms]
  Message d'erreur┬á:
   Leds.GameEngine.Domain.Common.DomainException : Node connections must be between same or adjacent lanes only.
  Arborescence des appels de proc├⌐dure┬á:
     at Leds.GameEngine.Domain.Rooms.Room.EnsureNoCrossRowConnections(IReadOnlyCollection`1 nodes) in C:\Users\Thomas\source\repos\rpg_esi07\services\game-engine\src\Leds.GameEngine.Domain\Rooms\Room.cs:line 422
   at Leds.GameEngine.Domain.Rooms.Room.Create(Int32 depth, RoomType roomType, String theme, RoomBossProfile bossProfile, IEnumerable`1 nodes) in C:\Users\Thomas\source\repos\rpg_esi07\services\game-engine\src\Leds.GameEngine.Domain\Rooms\Room.cs:line 140
   at Leds.GameEngine.UnitTests.Common.Factories.TestGameEngineFactory.CreateThresholdRoomWithTargetInitialNode(NodeEventType targetInitialEventType, Int32 depth) in C:\Users\Thomas\source\repos\rpg_esi07\services\game-engine\tests\Leds.GameEngine.UnitTests\Common\Factories\TestGameEngineFactory.cs:line 115
   at Leds.GameEngine.UnitTests.Common.Factories.TestGameEngineFactory.CreateRunWithTargetInitialNode(NodeEventType targetInitialEventType) in C:\Users\Thomas\source\repos\rpg_esi07\services\game-engine\tests\Leds.GameEngine.UnitTests\Common\Factories\TestGameEngineFactory.cs:line 150
   at Leds.GameEngine.UnitTests.Common.Factories.TestGameEngineFactory.CreateRunWithSelectedTargetNode(NodeEventType targetInitialEventType) in C:\Users\Thomas\source\repos\rpg_esi07\services\game-engine\tests\Leds.GameEngine.UnitTests\Common\Factories\TestGameEngineFactory.cs:line 167
   at Leds.GameEngine.UnitTests.Common.Factories.TestGameEngineFactory.CreateRunWithResolvedCurrentEvent(NodeEventType targetInitialEventType) in C:\Users\Thomas\source\repos\rpg_esi07\services\game-engine\tests\Leds.GameEngine.UnitTests\Common\Factories\TestGameEngineFactory.cs:line 178
   at Leds.GameEngine.UnitTests.Events.ChooseEventOption.ChooseCurrentEventOptionCommandHandlerTests.Handle_ShouldThrowDomainException_WhenChoiceWasAlreadyResolved() in C:\Users\Thomas\source\repos\rpg_esi07\services\game-engine\tests\Leds.GameEngine.UnitTests\Events\ChooseEventOption\ChooseCurrentEventOptionCommandHandlerTests.cs:line 133
--- End of stack trace from previous location ---
  ├ëchou├⌐ Leds.GameEngine.UnitTests.Combats.SubmitCombatAction.SubmitCombatActionCommandHandlerTests.Handle_ShouldThrow_WhenCombatDoesNotExist [20 ms]
  Message d'erreur┬á:
   Leds.GameEngine.Domain.Common.DomainException : Node connections must be between same or adjacent lanes only.
  Arborescence des appels de proc├⌐dure┬á:
     at Leds.GameEngine.Domain.Rooms.Room.EnsureNoCrossRowConnections(IReadOnlyCollection`1 nodes) in C:\Users\Thomas\source\repos\rpg_esi07\services\game-engine\src\Leds.GameEngine.Domain\Rooms\Room.cs:line 422
   at Leds.GameEngine.Domain.Rooms.Room.Create(Int32 depth, RoomType roomType, String theme, RoomBossProfile bossProfile, IEnumerable`1 nodes) in C:\Users\Thomas\source\repos\rpg_esi07\services\game-engine\src\Leds.GameEngine.Domain\Rooms\Room.cs:line 140
   at Leds.GameEngine.UnitTests.Common.Factories.TestGameEngineFactory.CreateThresholdRoomWithTargetInitialNode(NodeEventType targetInitialEventType, Int32 depth) in C:\Users\Thomas\source\repos\rpg_esi07\services\game-engine\tests\Leds.GameEngine.UnitTests\Common\Factories\TestGameEngineFactory.cs:line 115
   at Leds.GameEngine.UnitTests.Common.Factories.TestGameEngineFactory.CreateThresholdRoom(NodeEventType targetInitialEventType, Int32 depth) in C:\Users\Thomas\source\repos\rpg_esi07\services\game-engine\tests\Leds.GameEngine.UnitTests\Common\Factories\TestGameEngineFactory.cs:line 35
   at Leds.GameEngine.UnitTests.Common.Factories.TestGameEngineFactory.CreateRun(NodeEventType targetInitialEventType) in C:\Users\Thomas\source\repos\rpg_esi07\services\game-engine\tests\Leds.GameEngine.UnitTests\Common\Factories\TestGameEngineFactory.cs:line 136
   at Leds.GameEngine.UnitTests.Combats.SubmitCombatAction.SubmitCombatActionCommandHandlerTests.CreateRunWithActiveCombat() in C:\Users\Thomas\source\repos\rpg_esi07\services\game-engine\tests\Leds.GameEngine.UnitTests\Combats\SubmitCombatAction\SubmitCombatActionCommandHandlerTests.cs:line 328
   at Leds.GameEngine.UnitTests.Combats.SubmitCombatAction.SubmitCombatActionCommandHandlerTests.Handle_ShouldThrow_WhenCombatDoesNotExist() in C:\Users\Thomas\source\repos\rpg_esi07\services\game-engine\tests\Leds.GameEngine.UnitTests\Combats\SubmitCombatAction\SubmitCombatActionCommandHandlerTests.cs:line 145
--- End of stack trace from previous location ---
  ├ëchou├⌐ Leds.GameEngine.UnitTests.Events.ChooseEventOption.CurrentEventChoiceResolverDispatcherTests.Resolve_ShouldThrowDomainException_WhenNoResolverIsRegistered [< 1 ms]
  Message d'erreur┬á:
   Leds.GameEngine.Domain.Common.DomainException : Node connections must be between same or adjacent lanes only.
  Arborescence des appels de proc├⌐dure┬á:
     at Leds.GameEngine.Domain.Rooms.Room.EnsureNoCrossRowConnections(IReadOnlyCollection`1 nodes) in C:\Users\Thomas\source\repos\rpg_esi07\services\game-engine\src\Leds.GameEngine.Domain\Rooms\Room.cs:line 422
   at Leds.GameEngine.Domain.Rooms.Room.Create(Int32 depth, RoomType roomType, String theme, RoomBossProfile bossProfile, IEnumerable`1 nodes) in C:\Users\Thomas\source\repos\rpg_esi07\services\game-engine\src\Leds.GameEngine.Domain\Rooms\Room.cs:line 140
   at Leds.GameEngine.UnitTests.Common.Factories.TestGameEngineFactory.CreateThresholdRoomWithTargetInitialNode(NodeEventType targetInitialEventType, Int32 depth) in C:\Users\Thomas\source\repos\rpg_esi07\services\game-engine\tests\Leds.GameEngine.UnitTests\Common\Factories\TestGameEngineFactory.cs:line 115
   at Leds.GameEngine.UnitTests.Common.Factories.TestGameEngineFactory.CreateRunWithTargetInitialNode(NodeEventType targetInitialEventType) in C:\Users\Thomas\source\repos\rpg_esi07\services\game-engine\tests\Leds.GameEngine.UnitTests\Common\Factories\TestGameEngineFactory.cs:line 150
   at Leds.GameEngine.UnitTests.Common.Factories.TestGameEngineFactory.CreateRunWithSelectedTargetNode(NodeEventType targetInitialEventType) in C:\Users\Thomas\source\repos\rpg_esi07\services\game-engine\tests\Leds.GameEngine.UnitTests\Common\Factories\TestGameEngineFactory.cs:line 167
   at Leds.GameEngine.UnitTests.Common.Factories.TestGameEngineFactory.CreateRunWithResolvedCurrentEvent(NodeEventType targetInitialEventType) in C:\Users\Thomas\source\repos\rpg_esi07\services\game-engine\tests\Leds.GameEngine.UnitTests\Common\Factories\TestGameEngineFactory.cs:line 178
   at Leds.GameEngine.UnitTests.Events.ChooseEventOption.CurrentEventChoiceResolverDispatcherTests.Resolve_ShouldThrowDomainException_WhenNoResolverIsRegistered() in C:\Users\Thomas\source\repos\rpg_esi07\services\game-engine\tests\Leds.GameEngine.UnitTests\Events\ChooseEventOption\CurrentEventChoiceResolverDispatcherTests.cs:line 35
   at System.Reflection.MethodBaseInvoker.InterpretedInvoke_Method(Object obj, IntPtr* args)
   at System.Reflection.MethodBaseInvoker.InvokeWithNoArgs(Object obj, BindingFlags invokeAttr)
  ├ëchou├⌐ Leds.GameEngine.UnitTests.Combats.SubmitCombatAction.SubmitCombatActionCommandHandlerTests.Handle_ShouldThrow_WhenRunHasNoActiveCombat [< 1 ms]
  Message d'erreur┬á:
   Leds.GameEngine.Domain.Common.DomainException : Node connections must be between same or adjacent lanes only.
  Arborescence des appels de proc├⌐dure┬á:
     at Leds.GameEngine.Domain.Rooms.Room.EnsureNoCrossRowConnections(IReadOnlyCollection`1 nodes) in C:\Users\Thomas\source\repos\rpg_esi07\services\game-engine\src\Leds.GameEngine.Domain\Rooms\Room.cs:line 422
   at Leds.GameEngine.Domain.Rooms.Room.Create(Int32 depth, RoomType roomType, String theme, RoomBossProfile bossProfile, IEnumerable`1 nodes) in C:\Users\Thomas\source\repos\rpg_esi07\services\game-engine\src\Leds.GameEngine.Domain\Rooms\Room.cs:line 140
   at Leds.GameEngine.UnitTests.Common.Factories.TestGameEngineFactory.CreateThresholdRoomWithTargetInitialNode(NodeEventType targetInitialEventType, Int32 depth) in C:\Users\Thomas\source\repos\rpg_esi07\services\game-engine\tests\Leds.GameEngine.UnitTests\Common\Factories\TestGameEngineFactory.cs:line 115
   at Leds.GameEngine.UnitTests.Common.Factories.TestGameEngineFactory.CreateThresholdRoom(NodeEventType targetInitialEventType, Int32 depth) in C:\Users\Thomas\source\repos\rpg_esi07\services\game-engine\tests\Leds.GameEngine.UnitTests\Common\Factories\TestGameEngineFactory.cs:line 35
   at Leds.GameEngine.UnitTests.Common.Factories.TestGameEngineFactory.CreateRun(NodeEventType targetInitialEventType) in C:\Users\Thomas\source\repos\rpg_esi07\services\game-engine\tests\Leds.GameEngine.UnitTests\Common\Factories\TestGameEngineFactory.cs:line 136
   at Leds.GameEngine.UnitTests.Combats.SubmitCombatAction.SubmitCombatActionCommandHandlerTests.Handle_ShouldThrow_WhenRunHasNoActiveCombat() in C:\Users\Thomas\source\repos\rpg_esi07\services\game-engine\tests\Leds.GameEngine.UnitTests\Combats\SubmitCombatAction\SubmitCombatActionCommandHandlerTests.cs:line 78
--- End of stack trace from previous location ---
  R├⌐ussi Leds.GameEngine.UnitTests.Nodes.NodeTests.ChooseEventOption_ShouldThrowDomainException_WhenNodeIsNotResolved [30 ms]
[xUnit.net 00:00:00.28]       Leds.GameEngine.Domain.Common.DomainException : Node connections must be between same or adjacent lanes only.
[xUnit.net 00:00:00.29]       Stack Trace:
[xUnit.net 00:00:00.29]         C:\Users\Thomas\source\repos\rpg_esi07\services\game-engine\src\Leds.GameEngine.Domain\Rooms\Room.cs(422,0): at Leds.GameEngine.Domain.Rooms.Room.EnsureNoCrossRowConnections(IReadOnlyCollection`1 nodes)
[xUnit.net 00:00:00.29]         C:\Users\Thomas\source\repos\rpg_esi07\services\game-engine\src\Leds.GameEngine.Domain\Rooms\Room.cs(140,0): at Leds.GameEngine.Domain.Rooms.Room.Create(Int32 depth, RoomType roomType, String theme, RoomBossProfile bossProfile, IEnumerable`1 nodes)
[xUnit.net 00:00:00.29]         C:\Users\Thomas\source\repos\rpg_esi07\services\game-engine\tests\Leds.GameEngine.UnitTests\Common\Factories\TestGameEngineFactory.cs(115,0): at Leds.GameEngine.UnitTests.Common.Factories.TestGameEngineFactory.CreateThresholdRoomWithTargetInitialNode(NodeEventType targetInitialEventType, Int32 depth)
[xUnit.net 00:00:00.29]         C:\Users\Thomas\source\repos\rpg_esi07\services\game-engine\tests\Leds.GameEngine.UnitTests\Common\Factories\TestGameEngineFactory.cs(35,0): at Leds.GameEngine.UnitTests.Common.Factories.TestGameEngineFactory.CreateThresholdRoom(NodeEventType targetInitialEventType, Int32 depth)
[xUnit.net 00:00:00.29]         C:\Users\Thomas\source\repos\rpg_esi07\services\game-engine\tests\Leds.GameEngine.UnitTests\Common\Factories\TestGameEngineFactory.cs(136,0): at Leds.GameEngine.UnitTests.Common.Factories.TestGameEngineFactory.CreateRun(NodeEventType targetInitialEventType)
[xUnit.net 00:00:00.29]         C:\Users\Thomas\source\repos\rpg_esi07\services\game-engine\tests\Leds.GameEngine.UnitTests\Combats\SubmitCombatAction\SubmitCombatActionCommandHandlerTests.cs(270,0): at Leds.GameEngine.UnitTests.Combats.SubmitCombatAction.SubmitCombatActionCommandHandlerTests.Handle_ShouldKeepNodeSelected_WhenCombatIsStillInProgress()
[xUnit.net 00:00:00.29]         --- End of stack trace from previous location ---
[xUnit.net 00:00:00.29]       System.Collections.Generic.KeyNotFoundException : No RoomMapLayoutTemplate found for RoomType 'Threshold' and version 'gen-0.4.0'.
[xUnit.net 00:00:00.29]       Stack Trace:
[xUnit.net 00:00:00.29]         C:\Users\Thomas\source\repos\rpg_esi07\services\game-engine\src\Leds.GameEngine.Infrastructure\Generation\RoomMaps\RoomMapLayoutTemplateProvider.cs(34,0): at Leds.GameEngine.Infrastructure.Generation.RoomMaps.RoomMapLayoutTemplateProvider.GetTemplate(RoomType roomType, String generatorVersion)
[xUnit.net 00:00:00.29]         C:\Users\Thomas\source\repos\rpg_esi07\services\game-engine\src\Leds.GameEngine.Infrastructure\Generation\RoomMaps\MapRoomGenerator.cs(51,0): at Leds.GameEngine.Infrastructure.Generation.RoomMaps.MapRoomGenerator.Generate(String seed, String generatorVersion, Int32 roomDepth, RoomType roomType, Random random)
[xUnit.net 00:00:00.29]         C:\Users\Thomas\source\repos\rpg_esi07\services\game-engine\src\Leds.GameEngine.Infrastructure\Generation\DeterministicRunGenerator.cs(42,0): at Leds.GameEngine.Infrastructure.Generation.DeterministicRunGenerator.GenerateInitialRoom(String seed)
[xUnit.net 00:00:00.29]         C:\Users\Thomas\source\repos\rpg_esi07\services\game-engine\tests\Leds.GameEngine.UnitTests\Generation\DeterministicRunGeneratorTests.cs(17,0): at Leds.GameEngine.UnitTests.Generation.DeterministicRunGeneratorTests.GenerateInitialRoom_ShouldCreateVisibleRoomPlan()
[xUnit.net 00:00:00.29]            at System.Reflection.MethodBaseInvoker.InterpretedInvoke_Method(Object obj, IntPtr* args)
[xUnit.net 00:00:00.29]            at System.Reflection.MethodBaseInvoker.InvokeWithNoArgs(Object obj, BindingFlags invokeAttr)
[xUnit.net 00:00:00.29]       Leds.GameEngine.Domain.Common.DomainException : Node connections must be between same or adjacent lanes only.
[xUnit.net 00:00:00.29]       Stack Trace:
[xUnit.net 00:00:00.29]         C:\Users\Thomas\source\repos\rpg_esi07\services\game-engine\src\Leds.GameEngine.Domain\Rooms\Room.cs(422,0): at Leds.GameEngine.Domain.Rooms.Room.EnsureNoCrossRowConnections(IReadOnlyCollection`1 nodes)
[xUnit.net 00:00:00.29]         C:\Users\Thomas\source\repos\rpg_esi07\services\game-engine\src\Leds.GameEngine.Domain\Rooms\Room.cs(140,0): at Leds.GameEngine.Domain.Rooms.Room.Create(Int32 depth, RoomType roomType, String theme, RoomBossProfile bossProfile, IEnumerable`1 nodes)
[xUnit.net 00:00:00.29]         C:\Users\Thomas\source\repos\rpg_esi07\services\game-engine\tests\Leds.GameEngine.UnitTests\Common\Factories\TestGameEngineFactory.cs(115,0): at Leds.GameEngine.UnitTests.Common.Factories.TestGameEngineFactory.CreateThresholdRoomWithTargetInitialNode(NodeEventType targetInitialEventType, Int32 depth)
[xUnit.net 00:00:00.29]         C:\Users\Thomas\source\repos\rpg_esi07\services\game-engine\tests\Leds.GameEngine.UnitTests\Common\Factories\TestGameEngineFactory.cs(35,0): at Leds.GameEngine.UnitTests.Common.Factories.TestGameEngineFactory.CreateThresholdRoom(NodeEventType targetInitialEventType, Int32 depth)
[xUnit.net 00:00:00.29]         C:\Users\Thomas\source\repos\rpg_esi07\services\game-engine\tests\Leds.GameEngine.UnitTests\Common\Factories\TestGameEngineFactory.cs(136,0): at Leds.GameEngine.UnitTests.Common.Factories.TestGameEngineFactory.CreateRun(NodeEventType targetInitialEventType)
[xUnit.net 00:00:00.29]         C:\Users\Thomas\source\repos\rpg_esi07\services\game-engine\tests\Leds.GameEngine.UnitTests\Combats\SubmitCombatAction\SubmitCombatActionCommandHandlerTests.cs(328,0): at Leds.GameEngine.UnitTests.Combats.SubmitCombatAction.SubmitCombatActionCommandHandlerTests.CreateRunWithActiveCombat()
[xUnit.net 00:00:00.29]         C:\Users\Thomas\source\repos\rpg_esi07\services\game-engine\tests\Leds.GameEngine.UnitTests\Combats\SubmitCombatAction\SubmitCombatActionCommandHandlerTests.cs(111,0): at Leds.GameEngine.UnitTests.Combats.SubmitCombatAction.SubmitCombatActionCommandHandlerTests.Handle_ShouldThrow_WhenCombatDoesNotBelongToRun()
[xUnit.net 00:00:00.29]         --- End of stack trace from previous location ---
  ├ëchou├⌐ Leds.GameEngine.UnitTests.Combats.SubmitCombatAction.SubmitCombatActionCommandHandlerTests.Handle_ShouldKeepNodeSelected_WhenCombatIsStillInProgress [1 ms]
  Message d'erreur┬á:
   Leds.GameEngine.Domain.Common.DomainException : Node connections must be between same or adjacent lanes only.
  Arborescence des appels de proc├⌐dure┬á:
     at Leds.GameEngine.Domain.Rooms.Room.EnsureNoCrossRowConnections(IReadOnlyCollection`1 nodes) in C:\Users\Thomas\source\repos\rpg_esi07\services\game-engine\src\Leds.GameEngine.Domain\Rooms\Room.cs:line 422
   at Leds.GameEngine.Domain.Rooms.Room.Create(Int32 depth, RoomType roomType, String theme, RoomBossProfile bossProfile, IEnumerable`1 nodes) in C:\Users\Thomas\source\repos\rpg_esi07\services\game-engine\src\Leds.GameEngine.Domain\Rooms\Room.cs:line 140
   at Leds.GameEngine.UnitTests.Common.Factories.TestGameEngineFactory.CreateThresholdRoomWithTargetInitialNode(NodeEventType targetInitialEventType, Int32 depth) in C:\Users\Thomas\source\repos\rpg_esi07\services\game-engine\tests\Leds.GameEngine.UnitTests\Common\Factories\TestGameEngineFactory.cs:line 115
   at Leds.GameEngine.UnitTests.Common.Factories.TestGameEngineFactory.CreateThresholdRoom(NodeEventType targetInitialEventType, Int32 depth) in C:\Users\Thomas\source\repos\rpg_esi07\services\game-engine\tests\Leds.GameEngine.UnitTests\Common\Factories\TestGameEngineFactory.cs:line 35
   at Leds.GameEngine.UnitTests.Common.Factories.TestGameEngineFactory.CreateRun(NodeEventType targetInitialEventType) in C:\Users\Thomas\source\repos\rpg_esi07\services\game-engine\tests\Leds.GameEngine.UnitTests\Common\Factories\TestGameEngineFactory.cs:line 136
   at Leds.GameEngine.UnitTests.Combats.SubmitCombatAction.SubmitCombatActionCommandHandlerTests.Handle_ShouldKeepNodeSelected_WhenCombatIsStillInProgress() in C:\Users\Thomas\source\repos\rpg_esi07\services\game-engine\tests\Leds.GameEngine.UnitTests\Combats\SubmitCombatAction\SubmitCombatActionCommandHandlerTests.cs:line 270
--- End of stack trace from previous location ---
  ├ëchou├⌐ Leds.GameEngine.UnitTests.Generation.DeterministicRunGeneratorTests.GenerateInitialRoom_ShouldCreateVisibleRoomPlan [6 ms]
  Message d'erreur┬á:
   System.Collections.Generic.KeyNotFoundException : No RoomMapLayoutTemplate found for RoomType 'Threshold' and version 'gen-0.4.0'.
  Arborescence des appels de proc├⌐dure┬á:
     at Leds.GameEngine.Infrastructure.Generation.RoomMaps.RoomMapLayoutTemplateProvider.GetTemplate(RoomType roomType, String generatorVersion) in C:\Users\Thomas\source\repos\rpg_esi07\services\game-engine\src\Leds.GameEngine.Infrastructure\Generation\RoomMaps\RoomMapLayoutTemplateProvider.cs:line 34
   at Leds.GameEngine.Infrastructure.Generation.RoomMaps.MapRoomGenerator.Generate(String seed, String generatorVersion, Int32 roomDepth, RoomType roomType, Random random) in C:\Users\Thomas\source\repos\rpg_esi07\services\game-engine\src\Leds.GameEngine.Infrastructure\Generation\RoomMaps\MapRoomGenerator.cs:line 51
   at Leds.GameEngine.Infrastructure.Generation.DeterministicRunGenerator.GenerateInitialRoom(String seed) in C:\Users\Thomas\source\repos\rpg_esi07\services\game-engine\src\Leds.GameEngine.Infrastructure\Generation\DeterministicRunGenerator.cs:line 42
   at Leds.GameEngine.UnitTests.Generation.DeterministicRunGeneratorTests.GenerateInitialRoom_ShouldCreateVisibleRoomPlan() in C:\Users\Thomas\source\repos\rpg_esi07\services\game-engine\tests\Leds.GameEngine.UnitTests\Generation\DeterministicRunGeneratorTests.cs:line 17
   at System.Reflection.MethodBaseInvoker.InterpretedInvoke_Method(Object obj, IntPtr* args)
   at System.Reflection.MethodBaseInvoker.InvokeWithNoArgs(Object obj, BindingFlags invokeAttr)
  R├⌐ussi Leds.GameEngine.UnitTests.Nodes.NodeTests.Lock_ShouldKeepSelectedNodeSelected [1 ms]
  ├ëchou├⌐ Leds.GameEngine.UnitTests.Combats.SubmitCombatAction.SubmitCombatActionCommandHandlerTests.Handle_ShouldThrow_WhenCombatDoesNotBelongToRun [< 1 ms]
  Message d'erreur┬á:
   Leds.GameEngine.Domain.Common.DomainException : Node connections must be between same or adjacent lanes only.
  Arborescence des appels de proc├⌐dure┬á:
     at Leds.GameEngine.Domain.Rooms.Room.EnsureNoCrossRowConnections(IReadOnlyCollection`1 nodes) in C:\Users\Thomas\source\repos\rpg_esi07\services\game-engine\src\Leds.GameEngine.Domain\Rooms\Room.cs:line 422
   at Leds.GameEngine.Domain.Rooms.Room.Create(Int32 depth, RoomType roomType, String theme, RoomBossProfile bossProfile, IEnumerable`1 nodes) in C:\Users\Thomas\source\repos\rpg_esi07\services\game-engine\src\Leds.GameEngine.Domain\Rooms\Room.cs:line 140
   at Leds.GameEngine.UnitTests.Common.Factories.TestGameEngineFactory.CreateThresholdRoomWithTargetInitialNode(NodeEventType targetInitialEventType, Int32 depth) in C:\Users\Thomas\source\repos\rpg_esi07\services\game-engine\tests\Leds.GameEngine.UnitTests\Common\Factories\TestGameEngineFactory.cs:line 115
   at Leds.GameEngine.UnitTests.Common.Factories.TestGameEngineFactory.CreateThresholdRoom(NodeEventType targetInitialEventType, Int32 depth) in C:\Users\Thomas\source\repos\rpg_esi07\services\game-engine\tests\Leds.GameEngine.UnitTests\Common\Factories\TestGameEngineFactory.cs:line 35
   at Leds.GameEngine.UnitTests.Common.Factories.TestGameEngineFactory.CreateRun(NodeEventType targetInitialEventType) in C:\Users\Thomas\source\repos\rpg_esi07\services\game-engine\tests\Leds.GameEngine.UnitTests\Common\Factories\TestGameEngineFactory.cs:line 136
   at Leds.GameEngine.UnitTests.Combats.SubmitCombatAction.SubmitCombatActionCommandHandlerTests.CreateRunWithActiveCombat() in C:\Users\Thomas\source\repos\rpg_esi07\services\game-engine\tests\Leds.GameEngine.UnitTests\Combats\SubmitCombatAction\SubmitCombatActionCommandHandlerTests.cs:line 328
   at Leds.GameEngine.UnitTests.Combats.SubmitCombatAction.SubmitCombatActionCommandHandlerTests.Handle_ShouldThrow_WhenCombatDoesNotBelongToRun() in C:\Users\Thomas\source\repos\rpg_esi07\services\game-engine\tests\Leds.GameEngine.UnitTests\Combats\SubmitCombatAction\SubmitCombatActionCommandHandlerTests.cs:line 111
--- End of stack trace from previous location ---
  R├⌐ussi Leds.GameEngine.UnitTests.Nodes.NodeTests.ChooseEventOption_ShouldThrowDomainException_WhenChoiceIdIsWhitespace [< 1 ms]
  R├⌐ussi Leds.GameEngine.UnitTests.Generation.DeterministicRunGeneratorTests.GenerateNextRoom_ShouldUseMarkovMatrixVersion [1 ms]
  R├⌐ussi Leds.GameEngine.UnitTests.Nodes.NodeTests.Create_ShouldThrowDomainException_WhenRowIsNegative [< 1 ms]
[xUnit.net 00:00:00.29]       System.Collections.Generic.KeyNotFoundException : No RoomMapLayoutTemplate found for RoomType 'Threshold' and version 'gen-0.4.0'.
[xUnit.net 00:00:00.29]       Stack Trace:
[xUnit.net 00:00:00.29]         C:\Users\Thomas\source\repos\rpg_esi07\services\game-engine\src\Leds.GameEngine.Infrastructure\Generation\RoomMaps\RoomMapLayoutTemplateProvider.cs(34,0): at Leds.GameEngine.Infrastructure.Generation.RoomMaps.RoomMapLayoutTemplateProvider.GetTemplate(RoomType roomType, String generatorVersion)
[xUnit.net 00:00:00.29]         C:\Users\Thomas\source\repos\rpg_esi07\services\game-engine\src\Leds.GameEngine.Infrastructure\Generation\RoomMaps\MapRoomGenerator.cs(51,0): at Leds.GameEngine.Infrastructure.Generation.RoomMaps.MapRoomGenerator.Generate(String seed, String generatorVersion, Int32 roomDepth, RoomType roomType, Random random)
[xUnit.net 00:00:00.29]         C:\Users\Thomas\source\repos\rpg_esi07\services\game-engine\src\Leds.GameEngine.Infrastructure\Generation\DeterministicRunGenerator.cs(42,0): at Leds.GameEngine.Infrastructure.Generation.DeterministicRunGenerator.GenerateInitialRoom(String seed)
[xUnit.net 00:00:00.29]         C:\Users\Thomas\source\repos\rpg_esi07\services\game-engine\tests\Leds.GameEngine.UnitTests\Generation\DeterministicRunGeneratorTests.cs(130,0): at Leds.GameEngine.UnitTests.Generation.DeterministicRunGeneratorTests.GenerateInitialRoom_ShouldCreateConvergentGraph_ToRoomBoss()
[xUnit.net 00:00:00.29]            at System.Reflection.MethodBaseInvoker.InterpretedInvoke_Method(Object obj, IntPtr* args)
[xUnit.net 00:00:00.29]            at System.Reflection.MethodBaseInvoker.InvokeWithNoArgs(Object obj, BindingFlags invokeAttr)
[xUnit.net 00:00:00.29]       Leds.GameEngine.Domain.Common.DomainException : Node connections must be between same or adjacent lanes only.
[xUnit.net 00:00:00.29]       Stack Trace:
[xUnit.net 00:00:00.29]         C:\Users\Thomas\source\repos\rpg_esi07\services\game-engine\src\Leds.GameEngine.Domain\Rooms\Room.cs(422,0): at Leds.GameEngine.Domain.Rooms.Room.EnsureNoCrossRowConnections(IReadOnlyCollection`1 nodes)
[xUnit.net 00:00:00.29]         C:\Users\Thomas\source\repos\rpg_esi07\services\game-engine\src\Leds.GameEngine.Domain\Rooms\Room.cs(140,0): at Leds.GameEngine.Domain.Rooms.Room.Create(Int32 depth, RoomType roomType, String theme, RoomBossProfile bossProfile, IEnumerable`1 nodes)
[xUnit.net 00:00:00.29]         C:\Users\Thomas\source\repos\rpg_esi07\services\game-engine\tests\Leds.GameEngine.UnitTests\Common\Factories\TestGameEngineFactory.cs(115,0): at Leds.GameEngine.UnitTests.Common.Factories.TestGameEngineFactory.CreateThresholdRoomWithTargetInitialNode(NodeEventType targetInitialEventType, Int32 depth)
[xUnit.net 00:00:00.29]         C:\Users\Thomas\source\repos\rpg_esi07\services\game-engine\tests\Leds.GameEngine.UnitTests\Common\Factories\TestGameEngineFactory.cs(35,0): at Leds.GameEngine.UnitTests.Common.Factories.TestGameEngineFactory.CreateThresholdRoom(NodeEventType targetInitialEventType, Int32 depth)
[xUnit.net 00:00:00.29]         C:\Users\Thomas\source\repos\rpg_esi07\services\game-engine\tests\Leds.GameEngine.UnitTests\Common\Factories\TestGameEngineFactory.cs(136,0): at Leds.GameEngine.UnitTests.Common.Factories.TestGameEngineFactory.CreateRun(NodeEventType targetInitialEventType)
[xUnit.net 00:00:00.29]         C:\Users\Thomas\source\repos\rpg_esi07\services\game-engine\tests\Leds.GameEngine.UnitTests\Combats\SubmitCombatAction\SubmitCombatActionCommandHandlerTests.cs(328,0): at Leds.GameEngine.UnitTests.Combats.SubmitCombatAction.SubmitCombatActionCommandHandlerTests.CreateRunWithActiveCombat()
[xUnit.net 00:00:00.29]         C:\Users\Thomas\source\repos\rpg_esi07\services\game-engine\tests\Leds.GameEngine.UnitTests\Combats\SubmitCombatAction\SubmitCombatActionCommandHandlerTests.cs(41,0): at Leds.GameEngine.UnitTests.Combats.SubmitCombatAction.SubmitCombatActionCommandHandlerTests.Handle_ShouldSubmitBasicAttack_WhenCombatIsActive()
[xUnit.net 00:00:00.29]         --- End of stack trace from previous location ---
[xUnit.net 00:00:00.30]       System.Collections.Generic.KeyNotFoundException : No RoomMapLayoutTemplate found for RoomType 'Threshold' and version 'gen-0.4.0'.
[xUnit.net 00:00:00.30]       Stack Trace:
[xUnit.net 00:00:00.30]         C:\Users\Thomas\source\repos\rpg_esi07\services\game-engine\src\Leds.GameEngine.Infrastructure\Generation\RoomMaps\RoomMapLayoutTemplateProvider.cs(34,0): at Leds.GameEngine.Infrastructure.Generation.RoomMaps.RoomMapLayoutTemplateProvider.GetTemplate(RoomType roomType, String generatorVersion)
[xUnit.net 00:00:00.30]         C:\Users\Thomas\source\repos\rpg_esi07\services\game-engine\src\Leds.GameEngine.Infrastructure\Generation\RoomMaps\MapRoomGenerator.cs(51,0): at Leds.GameEngine.Infrastructure.Generation.RoomMaps.MapRoomGenerator.Generate(String seed, String generatorVersion, Int32 roomDepth, RoomType roomType, Random random)
[xUnit.net 00:00:00.30]         C:\Users\Thomas\source\repos\rpg_esi07\services\game-engine\src\Leds.GameEngine.Infrastructure\Generation\DeterministicRunGenerator.cs(42,0): at Leds.GameEngine.Infrastructure.Generation.DeterministicRunGenerator.GenerateInitialRoom(String seed)
[xUnit.net 00:00:00.30]         C:\Users\Thomas\source\repos\rpg_esi07\services\game-engine\tests\Leds.GameEngine.UnitTests\Generation\DeterministicRunGeneratorTests.cs(198,0): at Leds.GameEngine.UnitTests.Generation.DeterministicRunGeneratorTests.GenerateInitialRoom_ShouldCreateAtLeastTwoAvailableNodesAtInitialRow()
[xUnit.net 00:00:00.30]            at System.Reflection.MethodBaseInvoker.InterpretedInvoke_Method(Object obj, IntPtr* args)
[xUnit.net 00:00:00.30]            at System.Reflection.MethodBaseInvoker.InvokeWithNoArgs(Object obj, BindingFlags invokeAttr)
[xUnit.net 00:00:00.30]       System.Collections.Generic.KeyNotFoundException : No RoomMapLayoutTemplate found for RoomType 'Threshold' and version 'gen-0.4.0'.
[xUnit.net 00:00:00.30]       Stack Trace:
[xUnit.net 00:00:00.30]         C:\Users\Thomas\source\repos\rpg_esi07\services\game-engine\src\Leds.GameEngine.Infrastructure\Generation\RoomMaps\RoomMapLayoutTemplateProvider.cs(34,0): at Leds.GameEngine.Infrastructure.Generation.RoomMaps.RoomMapLayoutTemplateProvider.GetTemplate(RoomType roomType, String generatorVersion)
[xUnit.net 00:00:00.30]         C:\Users\Thomas\source\repos\rpg_esi07\services\game-engine\src\Leds.GameEngine.Infrastructure\Generation\RoomMaps\MapRoomGenerator.cs(51,0): at Leds.GameEngine.Infrastructure.Generation.RoomMaps.MapRoomGenerator.Generate(String seed, String generatorVersion, Int32 roomDepth, RoomType roomType, Random random)
[xUnit.net 00:00:00.30]         C:\Users\Thomas\source\repos\rpg_esi07\services\game-engine\src\Leds.GameEngine.Infrastructure\Generation\DeterministicRunGenerator.cs(42,0): at Leds.GameEngine.Infrastructure.Generation.DeterministicRunGenerator.GenerateInitialRoom(String seed)
[xUnit.net 00:00:00.30]         C:\Users\Thomas\source\repos\rpg_esi07\services\game-engine\tests\Leds.GameEngine.UnitTests\Generation\DeterministicRunGeneratorTests.cs(80,0): at Leds.GameEngine.UnitTests.Generation.DeterministicRunGeneratorTests.GenerateInitialRoom_ShouldBeDeterministic()
[xUnit.net 00:00:00.30]            at System.Reflection.MethodBaseInvoker.InterpretedInvoke_Method(Object obj, IntPtr* args)
[xUnit.net 00:00:00.30]            at System.Reflection.MethodBaseInvoker.InvokeWithNoArgs(Object obj, BindingFlags invokeAttr)
[xUnit.net 00:00:00.30]       System.Collections.Generic.KeyNotFoundException : No RoomMapLayoutTemplate found for RoomType 'Threshold' and version 'gen-0.4.0'.
[xUnit.net 00:00:00.30]       Stack Trace:
[xUnit.net 00:00:00.30]         C:\Users\Thomas\source\repos\rpg_esi07\services\game-engine\src\Leds.GameEngine.Infrastructure\Generation\RoomMaps\RoomMapLayoutTemplateProvider.cs(34,0): at Leds.GameEngine.Infrastructure.Generation.RoomMaps.RoomMapLayoutTemplateProvider.GetTemplate(RoomType roomType, String generatorVersion)
[xUnit.net 00:00:00.30]         C:\Users\Thomas\source\repos\rpg_esi07\services\game-engine\src\Leds.GameEngine.Infrastructure\Generation\RoomMaps\MapRoomGenerator.cs(51,0): at Leds.GameEngine.Infrastructure.Generation.RoomMaps.MapRoomGenerator.Generate(String seed, String generatorVersion, Int32 roomDepth, RoomType roomType, Random random)
[xUnit.net 00:00:00.30]         C:\Users\Thomas\source\repos\rpg_esi07\services\game-engine\src\Leds.GameEngine.Infrastructure\Generation\DeterministicRunGenerator.cs(42,0): at Leds.GameEngine.Infrastructure.Generation.DeterministicRunGenerator.GenerateInitialRoom(String seed)
[xUnit.net 00:00:00.30]         C:\Users\Thomas\source\repos\rpg_esi07\services\game-engine\tests\Leds.GameEngine.UnitTests\Generation\DeterministicRunGeneratorTests.cs(162,0): at Leds.GameEngine.UnitTests.Generation.DeterministicRunGeneratorTests.GenerateInitialRoom_ShouldGiveEveryNonBossNodeAtLeastOneChild()
[xUnit.net 00:00:00.30]            at System.Reflection.MethodBaseInvoker.InterpretedInvoke_Method(Object obj, IntPtr* args)
[xUnit.net 00:00:00.30]            at System.Reflection.MethodBaseInvoker.InvokeWithNoArgs(Object obj, BindingFlags invokeAttr)
[xUnit.net 00:00:00.30]       System.Collections.Generic.KeyNotFoundException : No RoomMapLayoutTemplate found for RoomType 'Threshold' and version 'gen-0.4.0'.
[xUnit.net 00:00:00.30]       Stack Trace:
[xUnit.net 00:00:00.30]         C:\Users\Thomas\source\repos\rpg_esi07\services\game-engine\src\Leds.GameEngine.Infrastructure\Generation\RoomMaps\RoomMapLayoutTemplateProvider.cs(34,0): at Leds.GameEngine.Infrastructure.Generation.RoomMaps.RoomMapLayoutTemplateProvider.GetTemplate(RoomType roomType, String generatorVersion)
[xUnit.net 00:00:00.30]         C:\Users\Thomas\source\repos\rpg_esi07\services\game-engine\src\Leds.GameEngine.Infrastructure\Generation\RoomMaps\MapRoomGenerator.cs(51,0): at Leds.GameEngine.Infrastructure.Generation.RoomMaps.MapRoomGenerator.Generate(String seed, String generatorVersion, Int32 roomDepth, RoomType roomType, Random random)
[xUnit.net 00:00:00.30]         C:\Users\Thomas\source\repos\rpg_esi07\services\game-engine\src\Leds.GameEngine.Infrastructure\Generation\DeterministicRunGenerator.cs(42,0): at Leds.GameEngine.Infrastructure.Generation.DeterministicRunGenerator.GenerateInitialRoom(String seed)
[xUnit.net 00:00:00.30]         C:\Users\Thomas\source\repos\rpg_esi07\services\game-engine\tests\Leds.GameEngine.UnitTests\Generation\DeterministicRunGeneratorTests.cs(65,0): at Leds.GameEngine.UnitTests.Generation.DeterministicRunGeneratorTests.GenerateInitialRoom_ShouldCreateEightRows()
[xUnit.net 00:00:00.30]            at System.Reflection.MethodBaseInvoker.InterpretedInvoke_Method(Object obj, IntPtr* args)
[xUnit.net 00:00:00.30]            at System.Reflection.MethodBaseInvoker.InvokeWithNoArgs(Object obj, BindingFlags invokeAttr)
  R├⌐ussi Leds.GameEngine.UnitTests.Nodes.NodeTests.MarkUnreachable_ShouldKeepSelectedNodeSelected [< 1 ms]
  ├ëchou├⌐ Leds.GameEngine.UnitTests.Generation.DeterministicRunGeneratorTests.GenerateInitialRoom_ShouldCreateConvergentGraph_ToRoomBoss [< 1 ms]
  Message d'erreur┬á:
   System.Collections.Generic.KeyNotFoundException : No RoomMapLayoutTemplate found for RoomType 'Threshold' and version 'gen-0.4.0'.
  Arborescence des appels de proc├⌐dure┬á:
     at Leds.GameEngine.Infrastructure.Generation.RoomMaps.RoomMapLayoutTemplateProvider.GetTemplate(RoomType roomType, String generatorVersion) in C:\Users\Thomas\source\repos\rpg_esi07\services\game-engine\src\Leds.GameEngine.Infrastructure\Generation\RoomMaps\RoomMapLayoutTemplateProvider.cs:line 34
   at Leds.GameEngine.Infrastructure.Generation.RoomMaps.MapRoomGenerator.Generate(String seed, String generatorVersion, Int32 roomDepth, RoomType roomType, Random random) in C:\Users\Thomas\source\repos\rpg_esi07\services\game-engine\src\Leds.GameEngine.Infrastructure\Generation\RoomMaps\MapRoomGenerator.cs:line 51
   at Leds.GameEngine.Infrastructure.Generation.DeterministicRunGenerator.GenerateInitialRoom(String seed) in C:\Users\Thomas\source\repos\rpg_esi07\services\game-engine\src\Leds.GameEngine.Infrastructure\Generation\DeterministicRunGenerator.cs:line 42
   at Leds.GameEngine.UnitTests.Generation.DeterministicRunGeneratorTests.GenerateInitialRoom_ShouldCreateConvergentGraph_ToRoomBoss() in C:\Users\Thomas\source\repos\rpg_esi07\services\game-engine\tests\Leds.GameEngine.UnitTests\Generation\DeterministicRunGeneratorTests.cs:line 130
   at System.Reflection.MethodBaseInvoker.InterpretedInvoke_Method(Object obj, IntPtr* args)
   at System.Reflection.MethodBaseInvoker.InvokeWithNoArgs(Object obj, BindingFlags invokeAttr)
  ├ëchou├⌐ Leds.GameEngine.UnitTests.Combats.SubmitCombatAction.SubmitCombatActionCommandHandlerTests.Handle_ShouldSubmitBasicAttack_WhenCombatIsActive [1 ms]
  Message d'erreur┬á:
   Leds.GameEngine.Domain.Common.DomainException : Node connections must be between same or adjacent lanes only.
  Arborescence des appels de proc├⌐dure┬á:
     at Leds.GameEngine.Domain.Rooms.Room.EnsureNoCrossRowConnections(IReadOnlyCollection`1 nodes) in C:\Users\Thomas\source\repos\rpg_esi07\services\game-engine\src\Leds.GameEngine.Domain\Rooms\Room.cs:line 422
   at Leds.GameEngine.Domain.Rooms.Room.Create(Int32 depth, RoomType roomType, String theme, RoomBossProfile bossProfile, IEnumerable`1 nodes) in C:\Users\Thomas\source\repos\rpg_esi07\services\game-engine\src\Leds.GameEngine.Domain\Rooms\Room.cs:line 140
   at Leds.GameEngine.UnitTests.Common.Factories.TestGameEngineFactory.CreateThresholdRoomWithTargetInitialNode(NodeEventType targetInitialEventType, Int32 depth) in C:\Users\Thomas\source\repos\rpg_esi07\services\game-engine\tests\Leds.GameEngine.UnitTests\Common\Factories\TestGameEngineFactory.cs:line 115
   at Leds.GameEngine.UnitTests.Common.Factories.TestGameEngineFactory.CreateThresholdRoom(NodeEventType targetInitialEventType, Int32 depth) in C:\Users\Thomas\source\repos\rpg_esi07\services\game-engine\tests\Leds.GameEngine.UnitTests\Common\Factories\TestGameEngineFactory.cs:line 35
   at Leds.GameEngine.UnitTests.Common.Factories.TestGameEngineFactory.CreateRun(NodeEventType targetInitialEventType) in C:\Users\Thomas\source\repos\rpg_esi07\services\game-engine\tests\Leds.GameEngine.UnitTests\Common\Factories\TestGameEngineFactory.cs:line 136
   at Leds.GameEngine.UnitTests.Combats.SubmitCombatAction.SubmitCombatActionCommandHandlerTests.CreateRunWithActiveCombat() in C:\Users\Thomas\source\repos\rpg_esi07\services\game-engine\tests\Leds.GameEngine.UnitTests\Combats\SubmitCombatAction\SubmitCombatActionCommandHandlerTests.cs:line 328
   at Leds.GameEngine.UnitTests.Combats.SubmitCombatAction.SubmitCombatActionCommandHandlerTests.Handle_ShouldSubmitBasicAttack_WhenCombatIsActive() in C:\Users\Thomas\source\repos\rpg_esi07\services\game-engine\tests\Leds.GameEngine.UnitTests\Combats\SubmitCombatAction\SubmitCombatActionCommandHandlerTests.cs:line 41
--- End of stack trace from previous location ---
  ├ëchou├⌐ Leds.GameEngine.UnitTests.Generation.DeterministicRunGeneratorTests.GenerateInitialRoom_ShouldCreateAtLeastTwoAvailableNodesAtInitialRow [< 1 ms]
  Message d'erreur┬á:
   System.Collections.Generic.KeyNotFoundException : No RoomMapLayoutTemplate found for RoomType 'Threshold' and version 'gen-0.4.0'.
  Arborescence des appels de proc├⌐dure┬á:
     at Leds.GameEngine.Infrastructure.Generation.RoomMaps.RoomMapLayoutTemplateProvider.GetTemplate(RoomType roomType, String generatorVersion) in C:\Users\Thomas\source\repos\rpg_esi07\services\game-engine\src\Leds.GameEngine.Infrastructure\Generation\RoomMaps\RoomMapLayoutTemplateProvider.cs:line 34
   at Leds.GameEngine.Infrastructure.Generation.RoomMaps.MapRoomGenerator.Generate(String seed, String generatorVersion, Int32 roomDepth, RoomType roomType, Random random) in C:\Users\Thomas\source\repos\rpg_esi07\services\game-engine\src\Leds.GameEngine.Infrastructure\Generation\RoomMaps\MapRoomGenerator.cs:line 51
   at Leds.GameEngine.Infrastructure.Generation.DeterministicRunGenerator.GenerateInitialRoom(String seed) in C:\Users\Thomas\source\repos\rpg_esi07\services\game-engine\src\Leds.GameEngine.Infrastructure\Generation\DeterministicRunGenerator.cs:line 42
   at Leds.GameEngine.UnitTests.Generation.DeterministicRunGeneratorTests.GenerateInitialRoom_ShouldCreateAtLeastTwoAvailableNodesAtInitialRow() in C:\Users\Thomas\source\repos\rpg_esi07\services\game-engine\tests\Leds.GameEngine.UnitTests\Generation\DeterministicRunGeneratorTests.cs:line 198
   at System.Reflection.MethodBaseInvoker.InterpretedInvoke_Method(Object obj, IntPtr* args)
   at System.Reflection.MethodBaseInvoker.InvokeWithNoArgs(Object obj, BindingFlags invokeAttr)
  ├ëchou├⌐ Leds.GameEngine.UnitTests.Generation.DeterministicRunGeneratorTests.GenerateInitialRoom_ShouldBeDeterministic [< 1 ms]
  Message d'erreur┬á:
   System.Collections.Generic.KeyNotFoundException : No RoomMapLayoutTemplate found for RoomType 'Threshold' and version 'gen-0.4.0'.
  Arborescence des appels de proc├⌐dure┬á:
     at Leds.GameEngine.Infrastructure.Generation.RoomMaps.RoomMapLayoutTemplateProvider.GetTemplate(RoomType roomType, String generatorVersion) in C:\Users\Thomas\source\repos\rpg_esi07\services\game-engine\src\Leds.GameEngine.Infrastructure\Generation\RoomMaps\RoomMapLayoutTemplateProvider.cs:line 34
   at Leds.GameEngine.Infrastructure.Generation.RoomMaps.MapRoomGenerator.Generate(String seed, String generatorVersion, Int32 roomDepth, RoomType roomType, Random random) in C:\Users\Thomas\source\repos\rpg_esi07\services\game-engine\src\Leds.GameEngine.Infrastructure\Generation\RoomMaps\MapRoomGenerator.cs:line 51
   at Leds.GameEngine.Infrastructure.Generation.DeterministicRunGenerator.GenerateInitialRoom(String seed) in C:\Users\Thomas\source\repos\rpg_esi07\services\game-engine\src\Leds.GameEngine.Infrastructure\Generation\DeterministicRunGenerator.cs:line 42
   at Leds.GameEngine.UnitTests.Generation.DeterministicRunGeneratorTests.GenerateInitialRoom_ShouldBeDeterministic() in C:\Users\Thomas\source\repos\rpg_esi07\services\game-engine\tests\Leds.GameEngine.UnitTests\Generation\DeterministicRunGeneratorTests.cs:line 80
   at System.Reflection.MethodBaseInvoker.InterpretedInvoke_Method(Object obj, IntPtr* args)
   at System.Reflection.MethodBaseInvoker.InvokeWithNoArgs(Object obj, BindingFlags invokeAttr)
  ├ëchou├⌐ Leds.GameEngine.UnitTests.Generation.DeterministicRunGeneratorTests.GenerateInitialRoom_ShouldGiveEveryNonBossNodeAtLeastOneChild [< 1 ms]
  Message d'erreur┬á:
   System.Collections.Generic.KeyNotFoundException : No RoomMapLayoutTemplate found for RoomType 'Threshold' and version 'gen-0.4.0'.
  Arborescence des appels de proc├⌐dure┬á:
     at Leds.GameEngine.Infrastructure.Generation.RoomMaps.RoomMapLayoutTemplateProvider.GetTemplate(RoomType roomType, String generatorVersion) in C:\Users\Thomas\source\repos\rpg_esi07\services\game-engine\src\Leds.GameEngine.Infrastructure\Generation\RoomMaps\RoomMapLayoutTemplateProvider.cs:line 34
   at Leds.GameEngine.Infrastructure.Generation.RoomMaps.MapRoomGenerator.Generate(String seed, String generatorVersion, Int32 roomDepth, RoomType roomType, Random random) in C:\Users\Thomas\source\repos\rpg_esi07\services\game-engine\src\Leds.GameEngine.Infrastructure\Generation\RoomMaps\MapRoomGenerator.cs:line 51
   at Leds.GameEngine.Infrastructure.Generation.DeterministicRunGenerator.GenerateInitialRoom(String seed) in C:\Users\Thomas\source\repos\rpg_esi07\services\game-engine\src\Leds.GameEngine.Infrastructure\Generation\DeterministicRunGenerator.cs:line 42
   at Leds.GameEngine.UnitTests.Generation.DeterministicRunGeneratorTests.GenerateInitialRoom_ShouldGiveEveryNonBossNodeAtLeastOneChild() in C:\Users\Thomas\source\repos\rpg_esi07\services\game-engine\tests\Leds.GameEngine.UnitTests\Generation\DeterministicRunGeneratorTests.cs:line 162
   at System.Reflection.MethodBaseInvoker.InterpretedInvoke_Method(Object obj, IntPtr* args)
   at System.Reflection.MethodBaseInvoker.InvokeWithNoArgs(Object obj, BindingFlags invokeAttr)
  ├ëchou├⌐ Leds.GameEngine.UnitTests.Generation.DeterministicRunGeneratorTests.GenerateInitialRoom_ShouldCreateEightRows [< 1 ms]
  Message d'erreur┬á:
   System.Collections.Generic.KeyNotFoundException : No RoomMapLayoutTemplate found for RoomType 'Threshold' and version 'gen-0.4.0'.
  Arborescence des appels de proc├⌐dure┬á:
     at Leds.GameEngine.Infrastructure.Generation.RoomMaps.RoomMapLayoutTemplateProvider.GetTemplate(RoomType roomType, String generatorVersion) in C:\Users\Thomas\source\repos\rpg_esi07\services\game-engine\src\Leds.GameEngine.Infrastructure\Generation\RoomMaps\RoomMapLayoutTemplateProvider.cs:line 34
   at Leds.GameEngine.Infrastructure.Generation.RoomMaps.MapRoomGenerator.Generate(String seed, String generatorVersion, Int32 roomDepth, RoomType roomType, Random random) in C:\Users\Thomas\source\repos\rpg_esi07\services\game-engine\src\Leds.GameEngine.Infrastructure\Generation\RoomMaps\MapRoomGenerator.cs:line 51
   at Leds.GameEngine.Infrastructure.Generation.DeterministicRunGenerator.GenerateInitialRoom(String seed) in C:\Users\Thomas\source\repos\rpg_esi07\services\game-engine\src\Leds.GameEngine.Infrastructure\Generation\DeterministicRunGenerator.cs:line 42
   at Leds.GameEngine.UnitTests.Generation.DeterministicRunGeneratorTests.GenerateInitialRoom_ShouldCreateEightRows() in C:\Users\Thomas\source\repos\rpg_esi07\services\game-engine\tests\Leds.GameEngine.UnitTests\Generation\DeterministicRunGeneratorTests.cs:line 65
   at System.Reflection.MethodBaseInvoker.InterpretedInvoke_Method(Object obj, IntPtr* args)
   at System.Reflection.MethodBaseInvoker.InvokeWithNoArgs(Object obj, BindingFlags invokeAttr)
[xUnit.net 00:00:00.30]       System.Collections.Generic.KeyNotFoundException : No RoomMapLayoutTemplate found for RoomType 'Threshold' and version 'gen-0.4.0'.
[xUnit.net 00:00:00.30]       Stack Trace:
[xUnit.net 00:00:00.30]         C:\Users\Thomas\source\repos\rpg_esi07\services\game-engine\src\Leds.GameEngine.Infrastructure\Generation\RoomMaps\RoomMapLayoutTemplateProvider.cs(34,0): at Leds.GameEngine.Infrastructure.Generation.RoomMaps.RoomMapLayoutTemplateProvider.GetTemplate(RoomType roomType, String generatorVersion)
[xUnit.net 00:00:00.30]         C:\Users\Thomas\source\repos\rpg_esi07\services\game-engine\src\Leds.GameEngine.Infrastructure\Generation\RoomMaps\MapRoomGenerator.cs(51,0): at Leds.GameEngine.Infrastructure.Generation.RoomMaps.MapRoomGenerator.Generate(String seed, String generatorVersion, Int32 roomDepth, RoomType roomType, Random random)
[xUnit.net 00:00:00.30]         C:\Users\Thomas\source\repos\rpg_esi07\services\game-engine\src\Leds.GameEngine.Infrastructure\Generation\DeterministicRunGenerator.cs(42,0): at Leds.GameEngine.Infrastructure.Generation.DeterministicRunGenerator.GenerateInitialRoom(String seed)
[xUnit.net 00:00:00.30]         C:\Users\Thomas\source\repos\rpg_esi07\services\game-engine\tests\Leds.GameEngine.UnitTests\Generation\DeterministicRunGeneratorTests.cs(96,0): at Leds.GameEngine.UnitTests.Generation.DeterministicRunGeneratorTests.GenerateInitialRoom_ShouldGenerateDifferentPlans_ForDifferentSeeds()
[xUnit.net 00:00:00.30]            at System.Reflection.MethodBaseInvoker.InterpretedInvoke_Method(Object obj, IntPtr* args)
[xUnit.net 00:00:00.30]            at System.Reflection.MethodBaseInvoker.InvokeWithNoArgs(Object obj, BindingFlags invokeAttr)
[xUnit.net 00:00:00.30]       Leds.GameEngine.Domain.Common.DomainException : Node connections must be between same or adjacent lanes only.
[xUnit.net 00:00:00.30]       Stack Trace:
[xUnit.net 00:00:00.30]         C:\Users\Thomas\source\repos\rpg_esi07\services\game-engine\src\Leds.GameEngine.Domain\Rooms\Room.cs(422,0): at Leds.GameEngine.Domain.Rooms.Room.EnsureNoCrossRowConnections(IReadOnlyCollection`1 nodes)
[xUnit.net 00:00:00.30]         C:\Users\Thomas\source\repos\rpg_esi07\services\game-engine\src\Leds.GameEngine.Domain\Rooms\Room.cs(140,0): at Leds.GameEngine.Domain.Rooms.Room.Create(Int32 depth, RoomType roomType, String theme, RoomBossProfile bossProfile, IEnumerable`1 nodes)
[xUnit.net 00:00:00.30]         C:\Users\Thomas\source\repos\rpg_esi07\services\game-engine\tests\Leds.GameEngine.UnitTests\Common\Factories\TestGameEngineFactory.cs(115,0): at Leds.GameEngine.UnitTests.Common.Factories.TestGameEngineFactory.CreateThresholdRoomWithTargetInitialNode(NodeEventType targetInitialEventType, Int32 depth)
[xUnit.net 00:00:00.30]         C:\Users\Thomas\source\repos\rpg_esi07\services\game-engine\tests\Leds.GameEngine.UnitTests\Common\Factories\TestGameEngineFactory.cs(35,0): at Leds.GameEngine.UnitTests.Common.Factories.TestGameEngineFactory.CreateThresholdRoom(NodeEventType targetInitialEventType, Int32 depth)
[xUnit.net 00:00:00.30]         C:\Users\Thomas\source\repos\rpg_esi07\services\game-engine\tests\Leds.GameEngine.UnitTests\Common\Factories\TestGameEngineFactory.cs(136,0): at Leds.GameEngine.UnitTests.Common.Factories.TestGameEngineFactory.CreateRun(NodeEventType targetInitialEventType)
[xUnit.net 00:00:00.30]         C:\Users\Thomas\source\repos\rpg_esi07\services\game-engine\tests\Leds.GameEngine.UnitTests\Combats\SubmitCombatAction\SubmitCombatActionCommandHandlerTests.cs(201,0): at Leds.GameEngine.UnitTests.Combats.SubmitCombatAction.SubmitCombatActionCommandHandlerTests.Handle_ShouldResolveCurrentNode_AndGenerateReward_WhenCombatIsCompleted()
[xUnit.net 00:00:00.30]         --- End of stack trace from previous location ---
[xUnit.net 00:00:00.30]       System.Collections.Generic.KeyNotFoundException : No RoomMapLayoutTemplate found for RoomType 'Threshold' and version 'gen-0.4.0'.
[xUnit.net 00:00:00.30]       Stack Trace:
[xUnit.net 00:00:00.30]         C:\Users\Thomas\source\repos\rpg_esi07\services\game-engine\src\Leds.GameEngine.Infrastructure\Generation\RoomMaps\RoomMapLayoutTemplateProvider.cs(34,0): at Leds.GameEngine.Infrastructure.Generation.RoomMaps.RoomMapLayoutTemplateProvider.GetTemplate(RoomType roomType, String generatorVersion)
[xUnit.net 00:00:00.30]         C:\Users\Thomas\source\repos\rpg_esi07\services\game-engine\src\Leds.GameEngine.Infrastructure\Generation\RoomMaps\MapRoomGenerator.cs(51,0): at Leds.GameEngine.Infrastructure.Generation.RoomMaps.MapRoomGenerator.Generate(String seed, String generatorVersion, Int32 roomDepth, RoomType roomType, Random random)
[xUnit.net 00:00:00.30]         C:\Users\Thomas\source\repos\rpg_esi07\services\game-engine\src\Leds.GameEngine.Infrastructure\Generation\DeterministicRunGenerator.cs(42,0): at Leds.GameEngine.Infrastructure.Generation.DeterministicRunGenerator.GenerateInitialRoom(String seed)
[xUnit.net 00:00:00.30]         C:\Users\Thomas\source\repos\rpg_esi07\services\game-engine\tests\Leds.GameEngine.UnitTests\Generation\DeterministicRunGeneratorTests.cs(45,0): at Leds.GameEngine.UnitTests.Generation.DeterministicRunGeneratorTests.GenerateInitialRoom_ShouldCreateRoomBossMatchingRoomType()
[xUnit.net 00:00:00.30]            at System.Reflection.MethodBaseInvoker.InterpretedInvoke_Method(Object obj, IntPtr* args)
[xUnit.net 00:00:00.30]            at System.Reflection.MethodBaseInvoker.InvokeWithNoArgs(Object obj, BindingFlags invokeAttr)
[xUnit.net 00:00:00.30]       System.Collections.Generic.KeyNotFoundException : No RoomMapLayoutTemplate found for RoomType 'Threshold' and version 'gen-0.4.0'.
[xUnit.net 00:00:00.30]       Stack Trace:
[xUnit.net 00:00:00.30]         C:\Users\Thomas\source\repos\rpg_esi07\services\game-engine\src\Leds.GameEngine.Infrastructure\Generation\RoomMaps\RoomMapLayoutTemplateProvider.cs(34,0): at Leds.GameEngine.Infrastructure.Generation.RoomMaps.RoomMapLayoutTemplateProvider.GetTemplate(RoomType roomType, String generatorVersion)
[xUnit.net 00:00:00.30]         C:\Users\Thomas\source\repos\rpg_esi07\services\game-engine\src\Leds.GameEngine.Infrastructure\Generation\RoomMaps\MapRoomGenerator.cs(51,0): at Leds.GameEngine.Infrastructure.Generation.RoomMaps.MapRoomGenerator.Generate(String seed, String generatorVersion, Int32 roomDepth, RoomType roomType, Random random)
[xUnit.net 00:00:00.30]         C:\Users\Thomas\source\repos\rpg_esi07\services\game-engine\src\Leds.GameEngine.Infrastructure\Generation\DeterministicRunGenerator.cs(42,0): at Leds.GameEngine.Infrastructure.Generation.DeterministicRunGenerator.GenerateInitialRoom(String seed)
[xUnit.net 00:00:00.30]         C:\Users\Thomas\source\repos\rpg_esi07\services\game-engine\tests\Leds.GameEngine.UnitTests\Generation\DeterministicRunGeneratorTests.cs(178,0): at Leds.GameEngine.UnitTests.Generation.DeterministicRunGeneratorTests.GenerateInitialRoom_ShouldPlaceSingleRoomBossNodeAtFinalRow()
[xUnit.net 00:00:00.30]            at System.Reflection.MethodBaseInvoker.InterpretedInvoke_Method(Object obj, IntPtr* args)
[xUnit.net 00:00:00.30]            at System.Reflection.MethodBaseInvoker.InvokeWithNoArgs(Object obj, BindingFlags invokeAttr)
  ├ëchou├⌐ Leds.GameEngine.UnitTests.Generation.DeterministicRunGeneratorTests.GenerateInitialRoom_ShouldGenerateDifferentPlans_ForDifferentSeeds [< 1 ms]
  Message d'erreur┬á:
   System.Collections.Generic.KeyNotFoundException : No RoomMapLayoutTemplate found for RoomType 'Threshold' and version 'gen-0.4.0'.
  Arborescence des appels de proc├⌐dure┬á:
     at Leds.GameEngine.Infrastructure.Generation.RoomMaps.RoomMapLayoutTemplateProvider.GetTemplate(RoomType roomType, String generatorVersion) in C:\Users\Thomas\source\repos\rpg_esi07\services\game-engine\src\Leds.GameEngine.Infrastructure\Generation\RoomMaps\RoomMapLayoutTemplateProvider.cs:line 34
   at Leds.GameEngine.Infrastructure.Generation.RoomMaps.MapRoomGenerator.Generate(String seed, String generatorVersion, Int32 roomDepth, RoomType roomType, Random random) in C:\Users\Thomas\source\repos\rpg_esi07\services\game-engine\src\Leds.GameEngine.Infrastructure\Generation\RoomMaps\MapRoomGenerator.cs:line 51
   at Leds.GameEngine.Infrastructure.Generation.DeterministicRunGenerator.GenerateInitialRoom(String seed) in C:\Users\Thomas\source\repos\rpg_esi07\services\game-engine\src\Leds.GameEngine.Infrastructure\Generation\DeterministicRunGenerator.cs:line 42
   at Leds.GameEngine.UnitTests.Generation.DeterministicRunGeneratorTests.GenerateInitialRoom_ShouldGenerateDifferentPlans_ForDifferentSeeds() in C:\Users\Thomas\source\repos\rpg_esi07\services\game-engine\tests\Leds.GameEngine.UnitTests\Generation\DeterministicRunGeneratorTests.cs:line 96
   at System.Reflection.MethodBaseInvoker.InterpretedInvoke_Method(Object obj, IntPtr* args)
   at System.Reflection.MethodBaseInvoker.InvokeWithNoArgs(Object obj, BindingFlags invokeAttr)
  ├ëchou├⌐ Leds.GameEngine.UnitTests.Combats.SubmitCombatAction.SubmitCombatActionCommandHandlerTests.Handle_ShouldResolveCurrentNode_AndGenerateReward_WhenCombatIsCompleted [1 ms]
  Message d'erreur┬á:
   Leds.GameEngine.Domain.Common.DomainException : Node connections must be between same or adjacent lanes only.
  Arborescence des appels de proc├⌐dure┬á:
     at Leds.GameEngine.Domain.Rooms.Room.EnsureNoCrossRowConnections(IReadOnlyCollection`1 nodes) in C:\Users\Thomas\source\repos\rpg_esi07\services\game-engine\src\Leds.GameEngine.Domain\Rooms\Room.cs:line 422
   at Leds.GameEngine.Domain.Rooms.Room.Create(Int32 depth, RoomType roomType, String theme, RoomBossProfile bossProfile, IEnumerable`1 nodes) in C:\Users\Thomas\source\repos\rpg_esi07\services\game-engine\src\Leds.GameEngine.Domain\Rooms\Room.cs:line 140
   at Leds.GameEngine.UnitTests.Common.Factories.TestGameEngineFactory.CreateThresholdRoomWithTargetInitialNode(NodeEventType targetInitialEventType, Int32 depth) in C:\Users\Thomas\source\repos\rpg_esi07\services\game-engine\tests\Leds.GameEngine.UnitTests\Common\Factories\TestGameEngineFactory.cs:line 115
   at Leds.GameEngine.UnitTests.Common.Factories.TestGameEngineFactory.CreateThresholdRoom(NodeEventType targetInitialEventType, Int32 depth) in C:\Users\Thomas\source\repos\rpg_esi07\services\game-engine\tests\Leds.GameEngine.UnitTests\Common\Factories\TestGameEngineFactory.cs:line 35
   at Leds.GameEngine.UnitTests.Common.Factories.TestGameEngineFactory.CreateRun(NodeEventType targetInitialEventType) in C:\Users\Thomas\source\repos\rpg_esi07\services\game-engine\tests\Leds.GameEngine.UnitTests\Common\Factories\TestGameEngineFactory.cs:line 136
   at Leds.GameEngine.UnitTests.Combats.SubmitCombatAction.SubmitCombatActionCommandHandlerTests.Handle_ShouldResolveCurrentNode_AndGenerateReward_WhenCombatIsCompleted() in C:\Users\Thomas\source\repos\rpg_esi07\services\game-engine\tests\Leds.GameEngine.UnitTests\Combats\SubmitCombatAction\SubmitCombatActionCommandHandlerTests.cs:line 201
--- End of stack trace from previous location ---
  ├ëchou├⌐ Leds.GameEngine.UnitTests.Generation.DeterministicRunGeneratorTests.GenerateInitialRoom_ShouldCreateRoomBossMatchingRoomType [< 1 ms]
  Message d'erreur┬á:
   System.Collections.Generic.KeyNotFoundException : No RoomMapLayoutTemplate found for RoomType 'Threshold' and version 'gen-0.4.0'.
  Arborescence des appels de proc├⌐dure┬á:
     at Leds.GameEngine.Infrastructure.Generation.RoomMaps.RoomMapLayoutTemplateProvider.GetTemplate(RoomType roomType, String generatorVersion) in C:\Users\Thomas\source\repos\rpg_esi07\services\game-engine\src\Leds.GameEngine.Infrastructure\Generation\RoomMaps\RoomMapLayoutTemplateProvider.cs:line 34
   at Leds.GameEngine.Infrastructure.Generation.RoomMaps.MapRoomGenerator.Generate(String seed, String generatorVersion, Int32 roomDepth, RoomType roomType, Random random) in C:\Users\Thomas\source\repos\rpg_esi07\services\game-engine\src\Leds.GameEngine.Infrastructure\Generation\RoomMaps\MapRoomGenerator.cs:line 51
   at Leds.GameEngine.Infrastructure.Generation.DeterministicRunGenerator.GenerateInitialRoom(String seed) in C:\Users\Thomas\source\repos\rpg_esi07\services\game-engine\src\Leds.GameEngine.Infrastructure\Generation\DeterministicRunGenerator.cs:line 42
   at Leds.GameEngine.UnitTests.Generation.DeterministicRunGeneratorTests.GenerateInitialRoom_ShouldCreateRoomBossMatchingRoomType() in C:\Users\Thomas\source\repos\rpg_esi07\services\game-engine\tests\Leds.GameEngine.UnitTests\Generation\DeterministicRunGeneratorTests.cs:line 45
   at System.Reflection.MethodBaseInvoker.InterpretedInvoke_Method(Object obj, IntPtr* args)
   at System.Reflection.MethodBaseInvoker.InvokeWithNoArgs(Object obj, BindingFlags invokeAttr)
  ├ëchou├⌐ Leds.GameEngine.UnitTests.Generation.DeterministicRunGeneratorTests.GenerateInitialRoom_ShouldPlaceSingleRoomBossNodeAtFinalRow [< 1 ms]
  Message d'erreur┬á:
   System.Collections.Generic.KeyNotFoundException : No RoomMapLayoutTemplate found for RoomType 'Threshold' and version 'gen-0.4.0'.
  Arborescence des appels de proc├⌐dure┬á:
     at Leds.GameEngine.Infrastructure.Generation.RoomMaps.RoomMapLayoutTemplateProvider.GetTemplate(RoomType roomType, String generatorVersion) in C:\Users\Thomas\source\repos\rpg_esi07\services\game-engine\src\Leds.GameEngine.Infrastructure\Generation\RoomMaps\RoomMapLayoutTemplateProvider.cs:line 34
   at Leds.GameEngine.Infrastructure.Generation.RoomMaps.MapRoomGenerator.Generate(String seed, String generatorVersion, Int32 roomDepth, RoomType roomType, Random random) in C:\Users\Thomas\source\repos\rpg_esi07\services\game-engine\src\Leds.GameEngine.Infrastructure\Generation\RoomMaps\MapRoomGenerator.cs:line 51
   at Leds.GameEngine.Infrastructure.Generation.DeterministicRunGenerator.GenerateInitialRoom(String seed) in C:\Users\Thomas\source\repos\rpg_esi07\services\game-engine\src\Leds.GameEngine.Infrastructure\Generation\DeterministicRunGenerator.cs:line 42
   at Leds.GameEngine.UnitTests.Generation.DeterministicRunGeneratorTests.GenerateInitialRoom_ShouldPlaceSingleRoomBossNodeAtFinalRow() in C:\Users\Thomas\source\repos\rpg_esi07\services\game-engine\tests\Leds.GameEngine.UnitTests\Generation\DeterministicRunGeneratorTests.cs:line 178
   at System.Reflection.MethodBaseInvoker.InterpretedInvoke_Method(Object obj, IntPtr* args)
   at System.Reflection.MethodBaseInvoker.InvokeWithNoArgs(Object obj, BindingFlags invokeAttr)
  R├⌐ussi Leds.GameEngine.UnitTests.Markov.MarkovTransitionMatrixTests.Create_ShouldThrow_WhenStatesAreEmpty [1 ms]
  R├⌐ussi Leds.GameEngine.UnitTests.Markov.MarkovTransitionMatrixTests.Create_ShouldThrow_WhenDuplicateRowsExist [< 1 ms]
  R├⌐ussi Leds.GameEngine.UnitTests.Markov.MarkovTransitionMatrixTests.Create_ShouldThrow_WhenDuplicateStatesExist [< 1 ms]
  R├⌐ussi Leds.GameEngine.UnitTests.Markov.MarkovTransitionMatrixTests.Create_ShouldThrow_WhenVersionIsBlank [< 1 ms]
  R├⌐ussi Leds.GameEngine.UnitTests.Nodes.NodeTests.Create_ShouldCreateAvailableNode_WhenInputIsValid [6 ms]
  R├⌐ussi Leds.GameEngine.UnitTests.Nodes.NodeTests.Unlock_ShouldMakeNodeAvailable_WhenNodeIsPlanned [< 1 ms]
  R├⌐ussi Leds.GameEngine.UnitTests.Markov.MarkovTransitionMatrixTests.Create_ShouldThrow_WhenRowDoesNotSumToOne [< 1 ms]
  R├⌐ussi Leds.GameEngine.UnitTests.Nodes.NodeTests.Create_ShouldThrowDomainException_WhenRiskLevelIsOutOfRange(riskLevel: -1) [< 1 ms]
  R├⌐ussi Leds.GameEngine.UnitTests.Events.EventContentResolverTests.ResolveAsync_ShouldResolveNpcContent_WhenEventTypeIsNpc [12 ms]
  R├⌐ussi Leds.GameEngine.UnitTests.Markov.MarkovTransitionMatrixTests.Create_ShouldThrow_WhenRowIsMissing [< 1 ms]
  R├⌐ussi Leds.GameEngine.UnitTests.Markov.MarkovTransitionMatrixTests.Create_ShouldThrow_WhenKeyIsBlank [< 1 ms]
  R├⌐ussi Leds.GameEngine.UnitTests.Nodes.NodeTests.Create_ShouldThrowDomainException_WhenRiskLevelIsOutOfRange(riskLevel: 101) [< 1 ms]
  R├⌐ussi Leds.GameEngine.UnitTests.RoomMaps.MapRoomGeneratorTests.GenerateRoom_ShouldHaveEveryInitialNodeAsParent [8 ms]
  R├⌐ussi Leds.GameEngine.UnitTests.Events.EventContentResolverTests.ResolveAsync_ShouldResolveRoomBossContent [2 ms]
  R├⌐ussi Leds.GameEngine.UnitTests.Nodes.NodeTests.Create_ShouldCreatePlannedChildNode_WhenParentIsProvided [2 ms]
  R├⌐ussi Leds.GameEngine.UnitTests.Nodes.NodeTests.Resolve_ShouldThrowDomainException_WhenNodeIsNotSelected [< 1 ms]
  R├⌐ussi Leds.GameEngine.UnitTests.RoomMaps.MapRoomGeneratorTests.GenerateRoom_ShouldRespectProvidedLayoutTemplate [1 ms]
  R├⌐ussi Leds.GameEngine.UnitTests.Nodes.NodeTests.ChooseEventOption_ShouldTrimChoiceId_WhenChoiceIdContainsWhitespaces [< 1 ms]
  R├⌐ussi Leds.GameEngine.UnitTests.RoomMaps.MapRoomGeneratorTests.GenerateRoom_ShouldPersistLayoutTemplateKeyAndVersion [< 1 ms]
  R├⌐ussi Leds.GameEngine.UnitTests.Events.EventContentResolverTests.ResolveAsync_ShouldRejectMemoryContent [2 ms]
  R├⌐ussi Leds.GameEngine.UnitTests.Nodes.NodeTests.Create_ShouldThrowDomainException_WhenInitialNodeHasParent [< 1 ms]
  R├⌐ussi Leds.GameEngine.UnitTests.Nodes.NodeTests.Select_ShouldMakeNodeSelected_WhenNodeIsAvailable [< 1 ms]
  R├⌐ussi Leds.GameEngine.UnitTests.Nodes.NodeTests.Unlock_ShouldThrowDomainException_WhenNodeIsNotPlanned [< 1 ms]
  R├⌐ussi Leds.GameEngine.UnitTests.Nodes.NodeTests.Lock_ShouldKeepResolvedNodeResolved [< 1 ms]
  R├⌐ussi Leds.GameEngine.UnitTests.Nodes.NodeTests.ChooseEventOption_ShouldStoreChoiceId_WhenNodeIsResolved [< 1 ms]
  R├⌐ussi Leds.GameEngine.UnitTests.Nodes.NodeTests.Resolve_ShouldMakeNodeResolved_WhenNodeIsSelected [< 1 ms]
  R├⌐ussi Leds.GameEngine.UnitTests.Nodes.NodeTests.Lock_ShouldMakeAvailableNodeLocked [< 1 ms]
  R├⌐ussi Leds.GameEngine.UnitTests.Markov.MarkovTransitionMatrixTests.Advance_ShouldApplyMatrixMultiplicationToDistribution [5 ms]
  R├⌐ussi Leds.GameEngine.UnitTests.Nodes.NodeTests.ChooseEventOption_ShouldThrowDomainException_WhenChoiceWasAlreadyResolved [< 1 ms]
  R├⌐ussi Leds.GameEngine.UnitTests.Events.EventContentResolverTests.ResolveAsync_ShouldResolvePalaceLawContent_WhenEventTypeIsLaw [2 ms]
  R├⌐ussi Leds.GameEngine.UnitTests.Nodes.NodeTests.Select_ShouldThrowDomainException_WhenNodeIsNotAvailable [1 ms]
  R├⌐ussi Leds.GameEngine.UnitTests.Markov.MarkovTransitionMatrixTests.Create_ShouldThrow_WhenTargetStateIsMissing [1 ms]
  R├⌐ussi Leds.GameEngine.UnitTests.Nodes.NodeTests.ChooseEventOption_ShouldThrowDomainException_WhenChoiceIdIsEmpty [< 1 ms]
  R├⌐ussi Leds.GameEngine.UnitTests.Events.EventContentResolverTests.ResolveAsync_ShouldResolveEliteContent_WhenEventTypeIsElite [1 ms]
  R├⌐ussi Leds.GameEngine.UnitTests.Nodes.NodeTests.MarkUnreachable_ShouldMakeAvailableNodeUnreachable [< 1 ms]
  R├⌐ussi Leds.GameEngine.UnitTests.Markov.MarkovTransitionMatrixTests.Create_ShouldThrow_WhenProbabilityIsNegative [< 1 ms]
  R├⌐ussi Leds.GameEngine.UnitTests.Markov.MarkovStateTests.Equals_ShouldBeCaseInsensitive [< 1 ms]
  R├⌐ussi Leds.GameEngine.UnitTests.Nodes.NodeTests.Create_ShouldThrowDomainException_WhenRewardProfileIsEmpty [< 1 ms]
  R├⌐ussi Leds.GameEngine.UnitTests.Markov.MarkovStateTests.Create_ShouldThrow_WhenValueIsBlank(value: " ") [< 1 ms]
[xUnit.net 00:00:00.31]       Leds.GameEngine.Domain.Common.DomainException : Node connections must be between same or adjacent lanes only.
[xUnit.net 00:00:00.31]       Stack Trace:
[xUnit.net 00:00:00.31]         C:\Users\Thomas\source\repos\rpg_esi07\services\game-engine\src\Leds.GameEngine.Domain\Rooms\Room.cs(422,0): at Leds.GameEngine.Domain.Rooms.Room.EnsureNoCrossRowConnections(IReadOnlyCollection`1 nodes)
[xUnit.net 00:00:00.31]         C:\Users\Thomas\source\repos\rpg_esi07\services\game-engine\src\Leds.GameEngine.Domain\Rooms\Room.cs(140,0): at Leds.GameEngine.Domain.Rooms.Room.Create(Int32 depth, RoomType roomType, String theme, RoomBossProfile bossProfile, IEnumerable`1 nodes)
[xUnit.net 00:00:00.31]         C:\Users\Thomas\source\repos\rpg_esi07\services\game-engine\tests\Leds.GameEngine.UnitTests\Common\Factories\TestGameEngineFactory.cs(115,0): at Leds.GameEngine.UnitTests.Common.Factories.TestGameEngineFactory.CreateThresholdRoomWithTargetInitialNode(NodeEventType targetInitialEventType, Int32 depth)
[xUnit.net 00:00:00.31]         C:\Users\Thomas\source\repos\rpg_esi07\services\game-engine\tests\Leds.GameEngine.UnitTests\Common\Factories\TestGameEngineFactory.cs(35,0): at Leds.GameEngine.UnitTests.Common.Factories.TestGameEngineFactory.CreateThresholdRoom(NodeEventType targetInitialEventType, Int32 depth)
[xUnit.net 00:00:00.32]         C:\Users\Thomas\source\repos\rpg_esi07\services\game-engine\tests\Leds.GameEngine.UnitTests\Common\Factories\TestGameEngineFactory.cs(136,0): at Leds.GameEngine.UnitTests.Common.Factories.TestGameEngineFactory.CreateRun(NodeEventType targetInitialEventType)
[xUnit.net 00:00:00.32]         C:\Users\Thomas\source\repos\rpg_esi07\services\game-engine\tests\Leds.GameEngine.UnitTests\Runs\RunTests.cs(174,0): at Leds.GameEngine.UnitTests.Runs.RunTests.ResolveCurrentEvent_ShouldCompleteRoom_AndSetRunRoomResolved_WhenRoomBossIsResolved()
[xUnit.net 00:00:00.32]            at System.Reflection.MethodBaseInvoker.InterpretedInvoke_Method(Object obj, IntPtr* args)
[xUnit.net 00:00:00.32]            at System.Reflection.MethodBaseInvoker.InvokeWithNoArgs(Object obj, BindingFlags invokeAttr)
[xUnit.net 00:00:00.32]       Leds.GameEngine.Domain.Common.DomainException : Node connections must be between same or adjacent lanes only.
[xUnit.net 00:00:00.32]       Stack Trace:
[xUnit.net 00:00:00.32]         C:\Users\Thomas\source\repos\rpg_esi07\services\game-engine\src\Leds.GameEngine.Domain\Rooms\Room.cs(422,0): at Leds.GameEngine.Domain.Rooms.Room.EnsureNoCrossRowConnections(IReadOnlyCollection`1 nodes)
[xUnit.net 00:00:00.32]         C:\Users\Thomas\source\repos\rpg_esi07\services\game-engine\src\Leds.GameEngine.Domain\Rooms\Room.cs(140,0): at Leds.GameEngine.Domain.Rooms.Room.Create(Int32 depth, RoomType roomType, String theme, RoomBossProfile bossProfile, IEnumerable`1 nodes)
[xUnit.net 00:00:00.32]         C:\Users\Thomas\source\repos\rpg_esi07\services\game-engine\tests\Leds.GameEngine.UnitTests\Common\Factories\TestGameEngineFactory.cs(115,0): at Leds.GameEngine.UnitTests.Common.Factories.TestGameEngineFactory.CreateThresholdRoomWithTargetInitialNode(NodeEventType targetInitialEventType, Int32 depth)
[xUnit.net 00:00:00.32]         C:\Users\Thomas\source\repos\rpg_esi07\services\game-engine\tests\Leds.GameEngine.UnitTests\Common\Factories\TestGameEngineFactory.cs(35,0): at Leds.GameEngine.UnitTests.Common.Factories.TestGameEngineFactory.CreateThresholdRoom(NodeEventType targetInitialEventType, Int32 depth)
[xUnit.net 00:00:00.32]         C:\Users\Thomas\source\repos\rpg_esi07\services\game-engine\tests\Leds.GameEngine.UnitTests\Common\Factories\TestGameEngineFactory.cs(136,0): at Leds.GameEngine.UnitTests.Common.Factories.TestGameEngineFactory.CreateRun(NodeEventType targetInitialEventType)
[xUnit.net 00:00:00.32]         C:\Users\Thomas\source\repos\rpg_esi07\services\game-engine\tests\Leds.GameEngine.UnitTests\Runs\RunTests.cs(219,0): at Leds.GameEngine.UnitTests.Runs.RunTests.MoveToNextRoom_ShouldThrow_WhenRunIsFailed()
[xUnit.net 00:00:00.32]            at System.Reflection.MethodBaseInvoker.InterpretedInvoke_Method(Object obj, IntPtr* args)
[xUnit.net 00:00:00.32]            at System.Reflection.MethodBaseInvoker.InvokeWithNoArgs(Object obj, BindingFlags invokeAttr)
  R├⌐ussi Leds.GameEngine.UnitTests.Events.EventContentResolverTests.ResolveAsync_ShouldResolveRareContent_WhenEventTypeIsRare [1 ms]
  R├⌐ussi Leds.GameEngine.UnitTests.Markov.MarkovStateTests.Create_ShouldThrow_WhenValueIsBlank(value: "") [< 1 ms]
  R├⌐ussi Leds.GameEngine.UnitTests.Markov.MarkovStateTests.Create_ShouldTrimValue [< 1 ms]
  ├ëchou├⌐ Leds.GameEngine.UnitTests.Runs.RunTests.ResolveCurrentEvent_ShouldCompleteRoom_AndSetRunRoomResolved_WhenRoomBossIsResolved [< 1 ms]
  Message d'erreur┬á:
   Leds.GameEngine.Domain.Common.DomainException : Node connections must be between same or adjacent lanes only.
  Arborescence des appels de proc├⌐dure┬á:
     at Leds.GameEngine.Domain.Rooms.Room.EnsureNoCrossRowConnections(IReadOnlyCollection`1 nodes) in C:\Users\Thomas\source\repos\rpg_esi07\services\game-engine\src\Leds.GameEngine.Domain\Rooms\Room.cs:line 422
   at Leds.GameEngine.Domain.Rooms.Room.Create(Int32 depth, RoomType roomType, String theme, RoomBossProfile bossProfile, IEnumerable`1 nodes) in C:\Users\Thomas\source\repos\rpg_esi07\services\game-engine\src\Leds.GameEngine.Domain\Rooms\Room.cs:line 140
   at Leds.GameEngine.UnitTests.Common.Factories.TestGameEngineFactory.CreateThresholdRoomWithTargetInitialNode(NodeEventType targetInitialEventType, Int32 depth) in C:\Users\Thomas\source\repos\rpg_esi07\services\game-engine\tests\Leds.GameEngine.UnitTests\Common\Factories\TestGameEngineFactory.cs:line 115
   at Leds.GameEngine.UnitTests.Common.Factories.TestGameEngineFactory.CreateThresholdRoom(NodeEventType targetInitialEventType, Int32 depth) in C:\Users\Thomas\source\repos\rpg_esi07\services\game-engine\tests\Leds.GameEngine.UnitTests\Common\Factories\TestGameEngineFactory.cs:line 35
   at Leds.GameEngine.UnitTests.Common.Factories.TestGameEngineFactory.CreateRun(NodeEventType targetInitialEventType) in C:\Users\Thomas\source\repos\rpg_esi07\services\game-engine\tests\Leds.GameEngine.UnitTests\Common\Factories\TestGameEngineFactory.cs:line 136
   at Leds.GameEngine.UnitTests.Runs.RunTests.ResolveCurrentEvent_ShouldCompleteRoom_AndSetRunRoomResolved_WhenRoomBossIsResolved() in C:\Users\Thomas\source\repos\rpg_esi07\services\game-engine\tests\Leds.GameEngine.UnitTests\Runs\RunTests.cs:line 174
   at System.Reflection.MethodBaseInvoker.InterpretedInvoke_Method(Object obj, IntPtr* args)
   at System.Reflection.MethodBaseInvoker.InvokeWithNoArgs(Object obj, BindingFlags invokeAttr)
  R├⌐ussi Leds.GameEngine.UnitTests.Events.EventContentResolverTests.ResolveAsync_ShouldResolveCombatContent_WhenEventTypeIsCombat [< 1 ms]
  ├ëchou├⌐ Leds.GameEngine.UnitTests.Runs.RunTests.MoveToNextRoom_ShouldThrow_WhenRunIsFailed [< 1 ms]
  Message d'erreur┬á:
   Leds.GameEngine.Domain.Common.DomainException : Node connections must be between same or adjacent lanes only.
  Arborescence des appels de proc├⌐dure┬á:
     at Leds.GameEngine.Domain.Rooms.Room.EnsureNoCrossRowConnections(IReadOnlyCollection`1 nodes) in C:\Users\Thomas\source\repos\rpg_esi07\services\game-engine\src\Leds.GameEngine.Domain\Rooms\Room.cs:line 422
   at Leds.GameEngine.Domain.Rooms.Room.Create(Int32 depth, RoomType roomType, String theme, RoomBossProfile bossProfile, IEnumerable`1 nodes) in C:\Users\Thomas\source\repos\rpg_esi07\services\game-engine\src\Leds.GameEngine.Domain\Rooms\Room.cs:line 140
   at Leds.GameEngine.UnitTests.Common.Factories.TestGameEngineFactory.CreateThresholdRoomWithTargetInitialNode(NodeEventType targetInitialEventType, Int32 depth) in C:\Users\Thomas\source\repos\rpg_esi07\services\game-engine\tests\Leds.GameEngine.UnitTests\Common\Factories\TestGameEngineFactory.cs:line 115
   at Leds.GameEngine.UnitTests.Common.Factories.TestGameEngineFactory.CreateThresholdRoom(NodeEventType targetInitialEventType, Int32 depth) in C:\Users\Thomas\source\repos\rpg_esi07\services\game-engine\tests\Leds.GameEngine.UnitTests\Common\Factories\TestGameEngineFactory.cs:line 35
   at Leds.GameEngine.UnitTests.Common.Factories.TestGameEngineFactory.CreateRun(NodeEventType targetInitialEventType) in C:\Users\Thomas\source\repos\rpg_esi07\services\game-engine\tests\Leds.GameEngine.UnitTests\Common\Factories\TestGameEngineFactory.cs:line 136
   at Leds.GameEngine.UnitTests.Runs.RunTests.MoveToNextRoom_ShouldThrow_WhenRunIsFailed() in C:\Users\Thomas\source\repos\rpg_esi07\services\game-engine\tests\Leds.GameEngine.UnitTests\Runs\RunTests.cs:line 219
   at System.Reflection.MethodBaseInvoker.InterpretedInvoke_Method(Object obj, IntPtr* args)
   at System.Reflection.MethodBaseInvoker.InvokeWithNoArgs(Object obj, BindingFlags invokeAttr)
  R├⌐ussi Leds.GameEngine.UnitTests.Markov.DeterministicMarkovSamplerTests.NextUnitInterval_ShouldThrow_WhenStepIsNegative [< 1 ms]
[xUnit.net 00:00:00.32]       Leds.GameEngine.Domain.Common.DomainException : Node connections must be between same or adjacent lanes only.
[xUnit.net 00:00:00.32]       Stack Trace:
[xUnit.net 00:00:00.32]         C:\Users\Thomas\source\repos\rpg_esi07\services\game-engine\src\Leds.GameEngine.Domain\Rooms\Room.cs(422,0): at Leds.GameEngine.Domain.Rooms.Room.EnsureNoCrossRowConnections(IReadOnlyCollection`1 nodes)
[xUnit.net 00:00:00.32]         C:\Users\Thomas\source\repos\rpg_esi07\services\game-engine\src\Leds.GameEngine.Domain\Rooms\Room.cs(140,0): at Leds.GameEngine.Domain.Rooms.Room.Create(Int32 depth, RoomType roomType, String theme, RoomBossProfile bossProfile, IEnumerable`1 nodes)
[xUnit.net 00:00:00.32]         C:\Users\Thomas\source\repos\rpg_esi07\services\game-engine\tests\Leds.GameEngine.UnitTests\Common\Factories\TestGameEngineFactory.cs(115,0): at Leds.GameEngine.UnitTests.Common.Factories.TestGameEngineFactory.CreateThresholdRoomWithTargetInitialNode(NodeEventType targetInitialEventType, Int32 depth)
[xUnit.net 00:00:00.32]         C:\Users\Thomas\source\repos\rpg_esi07\services\game-engine\tests\Leds.GameEngine.UnitTests\Common\Factories\TestGameEngineFactory.cs(35,0): at Leds.GameEngine.UnitTests.Common.Factories.TestGameEngineFactory.CreateThresholdRoom(NodeEventType targetInitialEventType, Int32 depth)
[xUnit.net 00:00:00.32]         C:\Users\Thomas\source\repos\rpg_esi07\services\game-engine\tests\Leds.GameEngine.UnitTests\Common\Factories\TestGameEngineFactory.cs(136,0): at Leds.GameEngine.UnitTests.Common.Factories.TestGameEngineFactory.CreateRun(NodeEventType targetInitialEventType)
[xUnit.net 00:00:00.32]         C:\Users\Thomas\source\repos\rpg_esi07\services\game-engine\tests\Leds.GameEngine.UnitTests\Runs\RunTests.cs(261,0): at Leds.GameEngine.UnitTests.Runs.RunTests.FailRun_ShouldCloseRun_AsFailed()
[xUnit.net 00:00:00.32]            at System.Reflection.MethodBaseInvoker.InterpretedInvoke_Method(Object obj, IntPtr* args)
[xUnit.net 00:00:00.32]            at System.Reflection.MethodBaseInvoker.InvokeWithNoArgs(Object obj, BindingFlags invokeAttr)
[xUnit.net 00:00:00.32]       Leds.GameEngine.Domain.Common.DomainException : Node connections must be between same or adjacent lanes only.
[xUnit.net 00:00:00.32]       Stack Trace:
[xUnit.net 00:00:00.32]         C:\Users\Thomas\source\repos\rpg_esi07\services\game-engine\src\Leds.GameEngine.Domain\Rooms\Room.cs(422,0): at Leds.GameEngine.Domain.Rooms.Room.EnsureNoCrossRowConnections(IReadOnlyCollection`1 nodes)
[xUnit.net 00:00:00.32]         C:\Users\Thomas\source\repos\rpg_esi07\services\game-engine\src\Leds.GameEngine.Domain\Rooms\Room.cs(140,0): at Leds.GameEngine.Domain.Rooms.Room.Create(Int32 depth, RoomType roomType, String theme, RoomBossProfile bossProfile, IEnumerable`1 nodes)
[xUnit.net 00:00:00.32]         C:\Users\Thomas\source\repos\rpg_esi07\services\game-engine\tests\Leds.GameEngine.UnitTests\Common\Factories\TestGameEngineFactory.cs(115,0): at Leds.GameEngine.UnitTests.Common.Factories.TestGameEngineFactory.CreateThresholdRoomWithTargetInitialNode(NodeEventType targetInitialEventType, Int32 depth)
[xUnit.net 00:00:00.32]         C:\Users\Thomas\source\repos\rpg_esi07\services\game-engine\tests\Leds.GameEngine.UnitTests\Common\Factories\TestGameEngineFactory.cs(35,0): at Leds.GameEngine.UnitTests.Common.Factories.TestGameEngineFactory.CreateThresholdRoom(NodeEventType targetInitialEventType, Int32 depth)
[xUnit.net 00:00:00.32]         C:\Users\Thomas\source\repos\rpg_esi07\services\game-engine\tests\Leds.GameEngine.UnitTests\Common\Factories\TestGameEngineFactory.cs(136,0): at Leds.GameEngine.UnitTests.Common.Factories.TestGameEngineFactory.CreateRun(NodeEventType targetInitialEventType)
[xUnit.net 00:00:00.32]         C:\Users\Thomas\source\repos\rpg_esi07\services\game-engine\tests\Leds.GameEngine.UnitTests\Runs\RunTests.cs(288,0): at Leds.GameEngine.UnitTests.Runs.RunTests.Abandon_ShouldCloseRun()
[xUnit.net 00:00:00.32]            at System.Reflection.MethodBaseInvoker.InterpretedInvoke_Method(Object obj, IntPtr* args)
[xUnit.net 00:00:00.32]            at System.Reflection.MethodBaseInvoker.InvokeWithNoArgs(Object obj, BindingFlags invokeAttr)
  R├⌐ussi Leds.GameEngine.UnitTests.Events.EventContentResolverTests.ResolveAsync_ShouldRejectFinalBossContent [< 1 ms]
  ├ëchou├⌐ Leds.GameEngine.UnitTests.Runs.RunTests.FailRun_ShouldCloseRun_AsFailed [< 1 ms]
  Message d'erreur┬á:
   Leds.GameEngine.Domain.Common.DomainException : Node connections must be between same or adjacent lanes only.
  Arborescence des appels de proc├⌐dure┬á:
     at Leds.GameEngine.Domain.Rooms.Room.EnsureNoCrossRowConnections(IReadOnlyCollection`1 nodes) in C:\Users\Thomas\source\repos\rpg_esi07\services\game-engine\src\Leds.GameEngine.Domain\Rooms\Room.cs:line 422
   at Leds.GameEngine.Domain.Rooms.Room.Create(Int32 depth, RoomType roomType, String theme, RoomBossProfile bossProfile, IEnumerable`1 nodes) in C:\Users\Thomas\source\repos\rpg_esi07\services\game-engine\src\Leds.GameEngine.Domain\Rooms\Room.cs:line 140
   at Leds.GameEngine.UnitTests.Common.Factories.TestGameEngineFactory.CreateThresholdRoomWithTargetInitialNode(NodeEventType targetInitialEventType, Int32 depth) in C:\Users\Thomas\source\repos\rpg_esi07\services\game-engine\tests\Leds.GameEngine.UnitTests\Common\Factories\TestGameEngineFactory.cs:line 115
   at Leds.GameEngine.UnitTests.Common.Factories.TestGameEngineFactory.CreateThresholdRoom(NodeEventType targetInitialEventType, Int32 depth) in C:\Users\Thomas\source\repos\rpg_esi07\services\game-engine\tests\Leds.GameEngine.UnitTests\Common\Factories\TestGameEngineFactory.cs:line 35
   at Leds.GameEngine.UnitTests.Common.Factories.TestGameEngineFactory.CreateRun(NodeEventType targetInitialEventType) in C:\Users\Thomas\source\repos\rpg_esi07\services\game-engine\tests\Leds.GameEngine.UnitTests\Common\Factories\TestGameEngineFactory.cs:line 136
   at Leds.GameEngine.UnitTests.Runs.RunTests.FailRun_ShouldCloseRun_AsFailed() in C:\Users\Thomas\source\repos\rpg_esi07\services\game-engine\tests\Leds.GameEngine.UnitTests\Runs\RunTests.cs:line 261
   at System.Reflection.MethodBaseInvoker.InterpretedInvoke_Method(Object obj, IntPtr* args)
   at System.Reflection.MethodBaseInvoker.InvokeWithNoArgs(Object obj, BindingFlags invokeAttr)
  R├⌐ussi Leds.GameEngine.UnitTests.Markov.DeterministicMarkovSamplerTests.NextUnitInterval_ShouldBeDeterministic_ForSameInputs [< 1 ms]
  ├ëchou├⌐ Leds.GameEngine.UnitTests.Runs.RunTests.Abandon_ShouldCloseRun [< 1 ms]
  Message d'erreur┬á:
   Leds.GameEngine.Domain.Common.DomainException : Node connections must be between same or adjacent lanes only.
  Arborescence des appels de proc├⌐dure┬á:
     at Leds.GameEngine.Domain.Rooms.Room.EnsureNoCrossRowConnections(IReadOnlyCollection`1 nodes) in C:\Users\Thomas\source\repos\rpg_esi07\services\game-engine\src\Leds.GameEngine.Domain\Rooms\Room.cs:line 422
   at Leds.GameEngine.Domain.Rooms.Room.Create(Int32 depth, RoomType roomType, String theme, RoomBossProfile bossProfile, IEnumerable`1 nodes) in C:\Users\Thomas\source\repos\rpg_esi07\services\game-engine\src\Leds.GameEngine.Domain\Rooms\Room.cs:line 140
   at Leds.GameEngine.UnitTests.Common.Factories.TestGameEngineFactory.CreateThresholdRoomWithTargetInitialNode(NodeEventType targetInitialEventType, Int32 depth) in C:\Users\Thomas\source\repos\rpg_esi07\services\game-engine\tests\Leds.GameEngine.UnitTests\Common\Factories\TestGameEngineFactory.cs:line 115
   at Leds.GameEngine.UnitTests.Common.Factories.TestGameEngineFactory.CreateThresholdRoom(NodeEventType targetInitialEventType, Int32 depth) in C:\Users\Thomas\source\repos\rpg_esi07\services\game-engine\tests\Leds.GameEngine.UnitTests\Common\Factories\TestGameEngineFactory.cs:line 35
   at Leds.GameEngine.UnitTests.Common.Factories.TestGameEngineFactory.CreateRun(NodeEventType targetInitialEventType) in C:\Users\Thomas\source\repos\rpg_esi07\services\game-engine\tests\Leds.GameEngine.UnitTests\Common\Factories\TestGameEngineFactory.cs:line 136
   at Leds.GameEngine.UnitTests.Runs.RunTests.Abandon_ShouldCloseRun() in C:\Users\Thomas\source\repos\rpg_esi07\services\game-engine\tests\Leds.GameEngine.UnitTests\Runs\RunTests.cs:line 288
   at System.Reflection.MethodBaseInvoker.InterpretedInvoke_Method(Object obj, IntPtr* args)
   at System.Reflection.MethodBaseInvoker.InvokeWithNoArgs(Object obj, BindingFlags invokeAttr)
  R├⌐ussi Leds.GameEngine.UnitTests.RoomMaps.MapRoomGeneratorTests.GenerateRoom_ShouldVaryContentForDifferentSeeds [6 ms]
  R├⌐ussi Leds.GameEngine.UnitTests.Events.EventContentResolverTests.ResolveAsync_ShouldResolveCurseContent_WhenEventTypeIsCurse [< 1 ms]
  R├⌐ussi Leds.GameEngine.UnitTests.Markov.DeterministicMarkovSamplerTests.NextUnitInterval_ShouldChange_WhenMatrixVersionChanges [< 1 ms]
[xUnit.net 00:00:00.32]       Leds.GameEngine.Domain.Common.DomainException : Node connections must be between same or adjacent lanes only.
[xUnit.net 00:00:00.32]       Stack Trace:
[xUnit.net 00:00:00.32]         C:\Users\Thomas\source\repos\rpg_esi07\services\game-engine\src\Leds.GameEngine.Domain\Rooms\Room.cs(422,0): at Leds.GameEngine.Domain.Rooms.Room.EnsureNoCrossRowConnections(IReadOnlyCollection`1 nodes)
[xUnit.net 00:00:00.32]         C:\Users\Thomas\source\repos\rpg_esi07\services\game-engine\src\Leds.GameEngine.Domain\Rooms\Room.cs(140,0): at Leds.GameEngine.Domain.Rooms.Room.Create(Int32 depth, RoomType roomType, String theme, RoomBossProfile bossProfile, IEnumerable`1 nodes)
[xUnit.net 00:00:00.32]         C:\Users\Thomas\source\repos\rpg_esi07\services\game-engine\tests\Leds.GameEngine.UnitTests\Common\Factories\TestGameEngineFactory.cs(115,0): at Leds.GameEngine.UnitTests.Common.Factories.TestGameEngineFactory.CreateThresholdRoomWithTargetInitialNode(NodeEventType targetInitialEventType, Int32 depth)
[xUnit.net 00:00:00.32]         C:\Users\Thomas\source\repos\rpg_esi07\services\game-engine\tests\Leds.GameEngine.UnitTests\Common\Factories\TestGameEngineFactory.cs(35,0): at Leds.GameEngine.UnitTests.Common.Factories.TestGameEngineFactory.CreateThresholdRoom(NodeEventType targetInitialEventType, Int32 depth)
[xUnit.net 00:00:00.32]         C:\Users\Thomas\source\repos\rpg_esi07\services\game-engine\tests\Leds.GameEngine.UnitTests\Common\Factories\TestGameEngineFactory.cs(136,0): at Leds.GameEngine.UnitTests.Common.Factories.TestGameEngineFactory.CreateRun(NodeEventType targetInitialEventType)
[xUnit.net 00:00:00.32]         C:\Users\Thomas\source\repos\rpg_esi07\services\game-engine\tests\Leds.GameEngine.UnitTests\Runs\RunTests.cs(81,0): at Leds.GameEngine.UnitTests.Runs.RunTests.ChooseNode_ShouldSelectRequestedNode_LockSiblings_AndMarkUnreachableBranches()
[xUnit.net 00:00:00.32]            at System.Reflection.MethodBaseInvoker.InterpretedInvoke_Method(Object obj, IntPtr* args)
[xUnit.net 00:00:00.32]            at System.Reflection.MethodBaseInvoker.InvokeWithNoArgs(Object obj, BindingFlags invokeAttr)
[xUnit.net 00:00:00.32]       Leds.GameEngine.Domain.Common.DomainException : Node connections must be between same or adjacent lanes only.
[xUnit.net 00:00:00.32]       Stack Trace:
[xUnit.net 00:00:00.32]         C:\Users\Thomas\source\repos\rpg_esi07\services\game-engine\src\Leds.GameEngine.Domain\Rooms\Room.cs(422,0): at Leds.GameEngine.Domain.Rooms.Room.EnsureNoCrossRowConnections(IReadOnlyCollection`1 nodes)
[xUnit.net 00:00:00.32]         C:\Users\Thomas\source\repos\rpg_esi07\services\game-engine\src\Leds.GameEngine.Domain\Rooms\Room.cs(140,0): at Leds.GameEngine.Domain.Rooms.Room.Create(Int32 depth, RoomType roomType, String theme, RoomBossProfile bossProfile, IEnumerable`1 nodes)
[xUnit.net 00:00:00.32]         C:\Users\Thomas\source\repos\rpg_esi07\services\game-engine\tests\Leds.GameEngine.UnitTests\Common\Factories\TestGameEngineFactory.cs(115,0): at Leds.GameEngine.UnitTests.Common.Factories.TestGameEngineFactory.CreateThresholdRoomWithTargetInitialNode(NodeEventType targetInitialEventType, Int32 depth)
[xUnit.net 00:00:00.32]         C:\Users\Thomas\source\repos\rpg_esi07\services\game-engine\tests\Leds.GameEngine.UnitTests\Common\Factories\TestGameEngineFactory.cs(35,0): at Leds.GameEngine.UnitTests.Common.Factories.TestGameEngineFactory.CreateThresholdRoom(NodeEventType targetInitialEventType, Int32 depth)
[xUnit.net 00:00:00.32]         C:\Users\Thomas\source\repos\rpg_esi07\services\game-engine\tests\Leds.GameEngine.UnitTests\Common\Factories\TestGameEngineFactory.cs(136,0): at Leds.GameEngine.UnitTests.Common.Factories.TestGameEngineFactory.CreateRun(NodeEventType targetInitialEventType)
[xUnit.net 00:00:00.32]         C:\Users\Thomas\source\repos\rpg_esi07\services\game-engine\tests\Leds.GameEngine.UnitTests\Runs\RunTests.cs(247,0): at Leds.GameEngine.UnitTests.Runs.RunTests.CompleteRun_ShouldThrow_WhenRunIsAlreadyClosed()
[xUnit.net 00:00:00.32]            at System.Reflection.MethodBaseInvoker.InterpretedInvoke_Method(Object obj, IntPtr* args)
[xUnit.net 00:00:00.32]            at System.Reflection.MethodBaseInvoker.InvokeWithNoArgs(Object obj, BindingFlags invokeAttr)
[xUnit.net 00:00:00.32]       Leds.GameEngine.Domain.Common.DomainException : Node connections must be between same or adjacent lanes only.
[xUnit.net 00:00:00.32]       Stack Trace:
[xUnit.net 00:00:00.32]         C:\Users\Thomas\source\repos\rpg_esi07\services\game-engine\src\Leds.GameEngine.Domain\Rooms\Room.cs(422,0): at Leds.GameEngine.Domain.Rooms.Room.EnsureNoCrossRowConnections(IReadOnlyCollection`1 nodes)
[xUnit.net 00:00:00.32]         C:\Users\Thomas\source\repos\rpg_esi07\services\game-engine\src\Leds.GameEngine.Domain\Rooms\Room.cs(140,0): at Leds.GameEngine.Domain.Rooms.Room.Create(Int32 depth, RoomType roomType, String theme, RoomBossProfile bossProfile, IEnumerable`1 nodes)
[xUnit.net 00:00:00.32]         C:\Users\Thomas\source\repos\rpg_esi07\services\game-engine\tests\Leds.GameEngine.UnitTests\Common\Factories\TestGameEngineFactory.cs(115,0): at Leds.GameEngine.UnitTests.Common.Factories.TestGameEngineFactory.CreateThresholdRoomWithTargetInitialNode(NodeEventType targetInitialEventType, Int32 depth)
[xUnit.net 00:00:00.32]         C:\Users\Thomas\source\repos\rpg_esi07\services\game-engine\tests\Leds.GameEngine.UnitTests\Common\Factories\TestGameEngineFactory.cs(150,0): at Leds.GameEngine.UnitTests.Common.Factories.TestGameEngineFactory.CreateRunWithTargetInitialNode(NodeEventType targetInitialEventType)
[xUnit.net 00:00:00.32]         C:\Users\Thomas\source\repos\rpg_esi07\services\game-engine\tests\Leds.GameEngine.UnitTests\Common\Factories\TestGameEngineFactory.cs(167,0): at Leds.GameEngine.UnitTests.Common.Factories.TestGameEngineFactory.CreateRunWithSelectedTargetNode(NodeEventType targetInitialEventType)
[xUnit.net 00:00:00.32]         C:\Users\Thomas\source\repos\rpg_esi07\services\game-engine\tests\Leds.GameEngine.UnitTests\Common\Factories\TestGameEngineFactory.cs(178,0): at Leds.GameEngine.UnitTests.Common.Factories.TestGameEngineFactory.CreateRunWithResolvedCurrentEvent(NodeEventType targetInitialEventType)
[xUnit.net 00:00:00.32]         C:\Users\Thomas\source\repos\rpg_esi07\services\game-engine\tests\Leds.GameEngine.UnitTests\Events\ChoiceResolvers\LawEventChoiceResolverTests.cs(45,0): at Leds.GameEngine.UnitTests.Events.ChoiceResolvers.LawEventChoiceResolverTests.Resolve_ShouldNotActivatePalaceLaw_WhenChoiceIsRejectLaw()
[xUnit.net 00:00:00.32]            at System.Reflection.MethodBaseInvoker.InterpretedInvoke_Method(Object obj, IntPtr* args)
[xUnit.net 00:00:00.32]            at System.Reflection.MethodBaseInvoker.InvokeWithNoArgs(Object obj, BindingFlags invokeAttr)
[xUnit.net 00:00:00.32]       Leds.GameEngine.Domain.Common.DomainException : Node connections must be between same or adjacent lanes only.
[xUnit.net 00:00:00.32]       Stack Trace:
[xUnit.net 00:00:00.32]         C:\Users\Thomas\source\repos\rpg_esi07\services\game-engine\src\Leds.GameEngine.Domain\Rooms\Room.cs(422,0): at Leds.GameEngine.Domain.Rooms.Room.EnsureNoCrossRowConnections(IReadOnlyCollection`1 nodes)
[xUnit.net 00:00:00.32]         C:\Users\Thomas\source\repos\rpg_esi07\services\game-engine\src\Leds.GameEngine.Domain\Rooms\Room.cs(140,0): at Leds.GameEngine.Domain.Rooms.Room.Create(Int32 depth, RoomType roomType, String theme, RoomBossProfile bossProfile, IEnumerable`1 nodes)
[xUnit.net 00:00:00.32]         C:\Users\Thomas\source\repos\rpg_esi07\services\game-engine\tests\Leds.GameEngine.UnitTests\Common\Factories\TestGameEngineFactory.cs(115,0): at Leds.GameEngine.UnitTests.Common.Factories.TestGameEngineFactory.CreateThresholdRoomWithTargetInitialNode(NodeEventType targetInitialEventType, Int32 depth)
[xUnit.net 00:00:00.32]         C:\Users\Thomas\source\repos\rpg_esi07\services\game-engine\tests\Leds.GameEngine.UnitTests\Common\Factories\TestGameEngineFactory.cs(35,0): at Leds.GameEngine.UnitTests.Common.Factories.TestGameEngineFactory.CreateThresholdRoom(NodeEventType targetInitialEventType, Int32 depth)
[xUnit.net 00:00:00.32]         C:\Users\Thomas\source\repos\rpg_esi07\services\game-engine\tests\Leds.GameEngine.UnitTests\Common\Factories\TestGameEngineFactory.cs(136,0): at Leds.GameEngine.UnitTests.Common.Factories.TestGameEngineFactory.CreateRun(NodeEventType targetInitialEventType)
[xUnit.net 00:00:00.32]         C:\Users\Thomas\source\repos\rpg_esi07\services\game-engine\tests\Leds.GameEngine.UnitTests\Runs\RunTests.cs(274,0): at Leds.GameEngine.UnitTests.Runs.RunTests.FailRun_ShouldThrow_WhenRunIsAlreadyClosed()
[xUnit.net 00:00:00.32]            at System.Reflection.MethodBaseInvoker.InterpretedInvoke_Method(Object obj, IntPtr* args)
[xUnit.net 00:00:00.32]            at System.Reflection.MethodBaseInvoker.InvokeWithNoArgs(Object obj, BindingFlags invokeAttr)
  R├⌐ussi Leds.GameEngine.UnitTests.Markov.DeterministicMarkovSamplerTests.NextUnitInterval_ShouldReturnValueGreaterThanOrEqualToZeroAndLowerThanOne [< 1 ms]
  ├ëchou├⌐ Leds.GameEngine.UnitTests.Runs.RunTests.ChooseNode_ShouldSelectRequestedNode_LockSiblings_AndMarkUnreachableBranches [< 1 ms]
  Message d'erreur┬á:
   Leds.GameEngine.Domain.Common.DomainException : Node connections must be between same or adjacent lanes only.
  Arborescence des appels de proc├⌐dure┬á:
     at Leds.GameEngine.Domain.Rooms.Room.EnsureNoCrossRowConnections(IReadOnlyCollection`1 nodes) in C:\Users\Thomas\source\repos\rpg_esi07\services\game-engine\src\Leds.GameEngine.Domain\Rooms\Room.cs:line 422
   at Leds.GameEngine.Domain.Rooms.Room.Create(Int32 depth, RoomType roomType, String theme, RoomBossProfile bossProfile, IEnumerable`1 nodes) in C:\Users\Thomas\source\repos\rpg_esi07\services\game-engine\src\Leds.GameEngine.Domain\Rooms\Room.cs:line 140
   at Leds.GameEngine.UnitTests.Common.Factories.TestGameEngineFactory.CreateThresholdRoomWithTargetInitialNode(NodeEventType targetInitialEventType, Int32 depth) in C:\Users\Thomas\source\repos\rpg_esi07\services\game-engine\tests\Leds.GameEngine.UnitTests\Common\Factories\TestGameEngineFactory.cs:line 115
   at Leds.GameEngine.UnitTests.Common.Factories.TestGameEngineFactory.CreateThresholdRoom(NodeEventType targetInitialEventType, Int32 depth) in C:\Users\Thomas\source\repos\rpg_esi07\services\game-engine\tests\Leds.GameEngine.UnitTests\Common\Factories\TestGameEngineFactory.cs:line 35
   at Leds.GameEngine.UnitTests.Common.Factories.TestGameEngineFactory.CreateRun(NodeEventType targetInitialEventType) in C:\Users\Thomas\source\repos\rpg_esi07\services\game-engine\tests\Leds.GameEngine.UnitTests\Common\Factories\TestGameEngineFactory.cs:line 136
   at Leds.GameEngine.UnitTests.Runs.RunTests.ChooseNode_ShouldSelectRequestedNode_LockSiblings_AndMarkUnreachableBranches() in C:\Users\Thomas\source\repos\rpg_esi07\services\game-engine\tests\Leds.GameEngine.UnitTests\Runs\RunTests.cs:line 81
   at System.Reflection.MethodBaseInvoker.InterpretedInvoke_Method(Object obj, IntPtr* args)
   at System.Reflection.MethodBaseInvoker.InvokeWithNoArgs(Object obj, BindingFlags invokeAttr)
  R├⌐ussi Leds.GameEngine.UnitTests.Markov.DeterministicMarkovSamplerTests.NextUnitInterval_ShouldChange_WhenStepChanges [< 1 ms]
  ├ëchou├⌐ Leds.GameEngine.UnitTests.Runs.RunTests.CompleteRun_ShouldThrow_WhenRunIsAlreadyClosed [< 1 ms]
  Message d'erreur┬á:
   Leds.GameEngine.Domain.Common.DomainException : Node connections must be between same or adjacent lanes only.
  Arborescence des appels de proc├⌐dure┬á:
     at Leds.GameEngine.Domain.Rooms.Room.EnsureNoCrossRowConnections(IReadOnlyCollection`1 nodes) in C:\Users\Thomas\source\repos\rpg_esi07\services\game-engine\src\Leds.GameEngine.Domain\Rooms\Room.cs:line 422
   at Leds.GameEngine.Domain.Rooms.Room.Create(Int32 depth, RoomType roomType, String theme, RoomBossProfile bossProfile, IEnumerable`1 nodes) in C:\Users\Thomas\source\repos\rpg_esi07\services\game-engine\src\Leds.GameEngine.Domain\Rooms\Room.cs:line 140
   at Leds.GameEngine.UnitTests.Common.Factories.TestGameEngineFactory.CreateThresholdRoomWithTargetInitialNode(NodeEventType targetInitialEventType, Int32 depth) in C:\Users\Thomas\source\repos\rpg_esi07\services\game-engine\tests\Leds.GameEngine.UnitTests\Common\Factories\TestGameEngineFactory.cs:line 115
   at Leds.GameEngine.UnitTests.Common.Factories.TestGameEngineFactory.CreateThresholdRoom(NodeEventType targetInitialEventType, Int32 depth) in C:\Users\Thomas\source\repos\rpg_esi07\services\game-engine\tests\Leds.GameEngine.UnitTests\Common\Factories\TestGameEngineFactory.cs:line 35
   at Leds.GameEngine.UnitTests.Common.Factories.TestGameEngineFactory.CreateRun(NodeEventType targetInitialEventType) in C:\Users\Thomas\source\repos\rpg_esi07\services\game-engine\tests\Leds.GameEngine.UnitTests\Common\Factories\TestGameEngineFactory.cs:line 136
   at Leds.GameEngine.UnitTests.Runs.RunTests.CompleteRun_ShouldThrow_WhenRunIsAlreadyClosed() in C:\Users\Thomas\source\repos\rpg_esi07\services\game-engine\tests\Leds.GameEngine.UnitTests\Runs\RunTests.cs:line 247
   at System.Reflection.MethodBaseInvoker.InterpretedInvoke_Method(Object obj, IntPtr* args)
   at System.Reflection.MethodBaseInvoker.InvokeWithNoArgs(Object obj, BindingFlags invokeAttr)
  ├ëchou├⌐ Leds.GameEngine.UnitTests.Events.ChoiceResolvers.LawEventChoiceResolverTests.Resolve_ShouldNotActivatePalaceLaw_WhenChoiceIsRejectLaw [3 ms]
  Message d'erreur┬á:
   Leds.GameEngine.Domain.Common.DomainException : Node connections must be between same or adjacent lanes only.
  Arborescence des appels de proc├⌐dure┬á:
     at Leds.GameEngine.Domain.Rooms.Room.EnsureNoCrossRowConnections(IReadOnlyCollection`1 nodes) in C:\Users\Thomas\source\repos\rpg_esi07\services\game-engine\src\Leds.GameEngine.Domain\Rooms\Room.cs:line 422
   at Leds.GameEngine.Domain.Rooms.Room.Create(Int32 depth, RoomType roomType, String theme, RoomBossProfile bossProfile, IEnumerable`1 nodes) in C:\Users\Thomas\source\repos\rpg_esi07\services\game-engine\src\Leds.GameEngine.Domain\Rooms\Room.cs:line 140
   at Leds.GameEngine.UnitTests.Common.Factories.TestGameEngineFactory.CreateThresholdRoomWithTargetInitialNode(NodeEventType targetInitialEventType, Int32 depth) in C:\Users\Thomas\source\repos\rpg_esi07\services\game-engine\tests\Leds.GameEngine.UnitTests\Common\Factories\TestGameEngineFactory.cs:line 115
   at Leds.GameEngine.UnitTests.Common.Factories.TestGameEngineFactory.CreateRunWithTargetInitialNode(NodeEventType targetInitialEventType) in C:\Users\Thomas\source\repos\rpg_esi07\services\game-engine\tests\Leds.GameEngine.UnitTests\Common\Factories\TestGameEngineFactory.cs:line 150
   at Leds.GameEngine.UnitTests.Common.Factories.TestGameEngineFactory.CreateRunWithSelectedTargetNode(NodeEventType targetInitialEventType) in C:\Users\Thomas\source\repos\rpg_esi07\services\game-engine\tests\Leds.GameEngine.UnitTests\Common\Factories\TestGameEngineFactory.cs:line 167
   at Leds.GameEngine.UnitTests.Common.Factories.TestGameEngineFactory.CreateRunWithResolvedCurrentEvent(NodeEventType targetInitialEventType) in C:\Users\Thomas\source\repos\rpg_esi07\services\game-engine\tests\Leds.GameEngine.UnitTests\Common\Factories\TestGameEngineFactory.cs:line 178
   at Leds.GameEngine.UnitTests.Events.ChoiceResolvers.LawEventChoiceResolverTests.Resolve_ShouldNotActivatePalaceLaw_WhenChoiceIsRejectLaw() in C:\Users\Thomas\source\repos\rpg_esi07\services\game-engine\tests\Leds.GameEngine.UnitTests\Events\ChoiceResolvers\LawEventChoiceResolverTests.cs:line 45
   at System.Reflection.MethodBaseInvoker.InterpretedInvoke_Method(Object obj, IntPtr* args)
   at System.Reflection.MethodBaseInvoker.InvokeWithNoArgs(Object obj, BindingFlags invokeAttr)
  ├ëchou├⌐ Leds.GameEngine.UnitTests.Runs.RunTests.FailRun_ShouldThrow_WhenRunIsAlreadyClosed [< 1 ms]
  Message d'erreur┬á:
   Leds.GameEngine.Domain.Common.DomainException : Node connections must be between same or adjacent lanes only.
  Arborescence des appels de proc├⌐dure┬á:
     at Leds.GameEngine.Domain.Rooms.Room.EnsureNoCrossRowConnections(IReadOnlyCollection`1 nodes) in C:\Users\Thomas\source\repos\rpg_esi07\services\game-engine\src\Leds.GameEngine.Domain\Rooms\Room.cs:line 422
   at Leds.GameEngine.Domain.Rooms.Room.Create(Int32 depth, RoomType roomType, String theme, RoomBossProfile bossProfile, IEnumerable`1 nodes) in C:\Users\Thomas\source\repos\rpg_esi07\services\game-engine\src\Leds.GameEngine.Domain\Rooms\Room.cs:line 140
   at Leds.GameEngine.UnitTests.Common.Factories.TestGameEngineFactory.CreateThresholdRoomWithTargetInitialNode(NodeEventType targetInitialEventType, Int32 depth) in C:\Users\Thomas\source\repos\rpg_esi07\services\game-engine\tests\Leds.GameEngine.UnitTests\Common\Factories\TestGameEngineFactory.cs:line 115
   at Leds.GameEngine.UnitTests.Common.Factories.TestGameEngineFactory.CreateThresholdRoom(NodeEventType targetInitialEventType, Int32 depth) in C:\Users\Thomas\source\repos\rpg_esi07\services\game-engine\tests\Leds.GameEngine.UnitTests\Common\Factories\TestGameEngineFactory.cs:line 35
   at Leds.GameEngine.UnitTests.Common.Factories.TestGameEngineFactory.CreateRun(NodeEventType targetInitialEventType) in C:\Users\Thomas\source\repos\rpg_esi07\services\game-engine\tests\Leds.GameEngine.UnitTests\Common\Factories\TestGameEngineFactory.cs:line 136
   at Leds.GameEngine.UnitTests.Runs.RunTests.FailRun_ShouldThrow_WhenRunIsAlreadyClosed() in C:\Users\Thomas\source\repos\rpg_esi07\services\game-engine\tests\Leds.GameEngine.UnitTests\Runs\RunTests.cs:line 274
   at System.Reflection.MethodBaseInvoker.InterpretedInvoke_Method(Object obj, IntPtr* args)
   at System.Reflection.MethodBaseInvoker.InvokeWithNoArgs(Object obj, BindingFlags invokeAttr)
  R├⌐ussi Leds.GameEngine.UnitTests.Events.EventContentResolverTests.ResolveAsync_ShouldResolveItemContent_WhenEventTypeIsItem [4 ms]
[xUnit.net 00:00:00.32]       Leds.GameEngine.Domain.Common.DomainException : Node connections must be between same or adjacent lanes only.
[xUnit.net 00:00:00.32]       Stack Trace:
[xUnit.net 00:00:00.32]         C:\Users\Thomas\source\repos\rpg_esi07\services\game-engine\src\Leds.GameEngine.Domain\Rooms\Room.cs(422,0): at Leds.GameEngine.Domain.Rooms.Room.EnsureNoCrossRowConnections(IReadOnlyCollection`1 nodes)
[xUnit.net 00:00:00.32]         C:\Users\Thomas\source\repos\rpg_esi07\services\game-engine\src\Leds.GameEngine.Domain\Rooms\Room.cs(140,0): at Leds.GameEngine.Domain.Rooms.Room.Create(Int32 depth, RoomType roomType, String theme, RoomBossProfile bossProfile, IEnumerable`1 nodes)
[xUnit.net 00:00:00.32]         C:\Users\Thomas\source\repos\rpg_esi07\services\game-engine\tests\Leds.GameEngine.UnitTests\Common\Factories\TestGameEngineFactory.cs(115,0): at Leds.GameEngine.UnitTests.Common.Factories.TestGameEngineFactory.CreateThresholdRoomWithTargetInitialNode(NodeEventType targetInitialEventType, Int32 depth)
[xUnit.net 00:00:00.32]         C:\Users\Thomas\source\repos\rpg_esi07\services\game-engine\tests\Leds.GameEngine.UnitTests\Common\Factories\TestGameEngineFactory.cs(35,0): at Leds.GameEngine.UnitTests.Common.Factories.TestGameEngineFactory.CreateThresholdRoom(NodeEventType targetInitialEventType, Int32 depth)
[xUnit.net 00:00:00.32]         C:\Users\Thomas\source\repos\rpg_esi07\services\game-engine\tests\Leds.GameEngine.UnitTests\Common\Factories\TestGameEngineFactory.cs(136,0): at Leds.GameEngine.UnitTests.Common.Factories.TestGameEngineFactory.CreateRun(NodeEventType targetInitialEventType)
[xUnit.net 00:00:00.32]         C:\Users\Thomas\source\repos\rpg_esi07\services\game-engine\tests\Leds.GameEngine.UnitTests\Runs\RunTests.cs(331,0): at Leds.GameEngine.UnitTests.Runs.RunTests.ActivatePalaceLaw_ShouldAddActiveLaw_WhenRunIsActive()
[xUnit.net 00:00:00.32]            at System.Reflection.MethodBaseInvoker.InterpretedInvoke_Method(Object obj, IntPtr* args)
[xUnit.net 00:00:00.32]            at System.Reflection.MethodBaseInvoker.InvokeWithNoArgs(Object obj, BindingFlags invokeAttr)
[xUnit.net 00:00:00.32]       Leds.GameEngine.Domain.Common.DomainException : Node connections must be between same or adjacent lanes only.
[xUnit.net 00:00:00.32]       Stack Trace:
[xUnit.net 00:00:00.32]         C:\Users\Thomas\source\repos\rpg_esi07\services\game-engine\src\Leds.GameEngine.Domain\Rooms\Room.cs(422,0): at Leds.GameEngine.Domain.Rooms.Room.EnsureNoCrossRowConnections(IReadOnlyCollection`1 nodes)
[xUnit.net 00:00:00.32]         C:\Users\Thomas\source\repos\rpg_esi07\services\game-engine\src\Leds.GameEngine.Domain\Rooms\Room.cs(140,0): at Leds.GameEngine.Domain.Rooms.Room.Create(Int32 depth, RoomType roomType, String theme, RoomBossProfile bossProfile, IEnumerable`1 nodes)
[xUnit.net 00:00:00.32]         C:\Users\Thomas\source\repos\rpg_esi07\services\game-engine\tests\Leds.GameEngine.UnitTests\Common\Factories\TestGameEngineFactory.cs(115,0): at Leds.GameEngine.UnitTests.Common.Factories.TestGameEngineFactory.CreateThresholdRoomWithTargetInitialNode(NodeEventType targetInitialEventType, Int32 depth)
[xUnit.net 00:00:00.32]         C:\Users\Thomas\source\repos\rpg_esi07\services\game-engine\tests\Leds.GameEngine.UnitTests\Common\Factories\TestGameEngineFactory.cs(150,0): at Leds.GameEngine.UnitTests.Common.Factories.TestGameEngineFactory.CreateRunWithTargetInitialNode(NodeEventType targetInitialEventType)
[xUnit.net 00:00:00.32]         C:\Users\Thomas\source\repos\rpg_esi07\services\game-engine\tests\Leds.GameEngine.UnitTests\Common\Factories\TestGameEngineFactory.cs(167,0): at Leds.GameEngine.UnitTests.Common.Factories.TestGameEngineFactory.CreateRunWithSelectedTargetNode(NodeEventType targetInitialEventType)
[xUnit.net 00:00:00.32]         C:\Users\Thomas\source\repos\rpg_esi07\services\game-engine\tests\Leds.GameEngine.UnitTests\Common\Factories\TestGameEngineFactory.cs(178,0): at Leds.GameEngine.UnitTests.Common.Factories.TestGameEngineFactory.CreateRunWithResolvedCurrentEvent(NodeEventType targetInitialEventType)
[xUnit.net 00:00:00.32]         C:\Users\Thomas\source\repos\rpg_esi07\services\game-engine\tests\Leds.GameEngine.UnitTests\Events\ChoiceResolvers\LawEventChoiceResolverTests.cs(16,0): at Leds.GameEngine.UnitTests.Events.ChoiceResolvers.LawEventChoiceResolverTests.Resolve_ShouldActivatePalaceLaw_WhenChoiceIsAcceptLaw()
[xUnit.net 00:00:00.32]            at System.Reflection.MethodBaseInvoker.InterpretedInvoke_Method(Object obj, IntPtr* args)
[xUnit.net 00:00:00.32]            at System.Reflection.MethodBaseInvoker.InvokeWithNoArgs(Object obj, BindingFlags invokeAttr)
[xUnit.net 00:00:00.32]       Leds.GameEngine.Domain.Common.DomainException : Node connections must be between same or adjacent lanes only.
[xUnit.net 00:00:00.32]       Stack Trace:
[xUnit.net 00:00:00.32]         C:\Users\Thomas\source\repos\rpg_esi07\services\game-engine\src\Leds.GameEngine.Domain\Rooms\Room.cs(422,0): at Leds.GameEngine.Domain.Rooms.Room.EnsureNoCrossRowConnections(IReadOnlyCollection`1 nodes)
[xUnit.net 00:00:00.32]         C:\Users\Thomas\source\repos\rpg_esi07\services\game-engine\src\Leds.GameEngine.Domain\Rooms\Room.cs(140,0): at Leds.GameEngine.Domain.Rooms.Room.Create(Int32 depth, RoomType roomType, String theme, RoomBossProfile bossProfile, IEnumerable`1 nodes)
[xUnit.net 00:00:00.32]         C:\Users\Thomas\source\repos\rpg_esi07\services\game-engine\tests\Leds.GameEngine.UnitTests\Common\Factories\TestGameEngineFactory.cs(115,0): at Leds.GameEngine.UnitTests.Common.Factories.TestGameEngineFactory.CreateThresholdRoomWithTargetInitialNode(NodeEventType targetInitialEventType, Int32 depth)
[xUnit.net 00:00:00.32]         C:\Users\Thomas\source\repos\rpg_esi07\services\game-engine\tests\Leds.GameEngine.UnitTests\Common\Factories\TestGameEngineFactory.cs(150,0): at Leds.GameEngine.UnitTests.Common.Factories.TestGameEngineFactory.CreateRunWithTargetInitialNode(NodeEventType targetInitialEventType)
[xUnit.net 00:00:00.32]         C:\Users\Thomas\source\repos\rpg_esi07\services\game-engine\tests\Leds.GameEngine.UnitTests\Common\Factories\TestGameEngineFactory.cs(167,0): at Leds.GameEngine.UnitTests.Common.Factories.TestGameEngineFactory.CreateRunWithSelectedTargetNode(NodeEventType targetInitialEventType)
[xUnit.net 00:00:00.32]         C:\Users\Thomas\source\repos\rpg_esi07\services\game-engine\tests\Leds.GameEngine.UnitTests\Common\Factories\TestGameEngineFactory.cs(178,0): at Leds.GameEngine.UnitTests.Common.Factories.TestGameEngineFactory.CreateRunWithResolvedCurrentEvent(NodeEventType targetInitialEventType)
[xUnit.net 00:00:00.32]         C:\Users\Thomas\source\repos\rpg_esi07\services\game-engine\tests\Leds.GameEngine.UnitTests\Events\ChoiceResolvers\LawEventChoiceResolverTests.cs(65,0): at Leds.GameEngine.UnitTests.Events.ChoiceResolvers.LawEventChoiceResolverTests.Resolve_ShouldThrowDomainException_WhenChoiceIsInvalid()
[xUnit.net 00:00:00.32]            at System.Reflection.MethodBaseInvoker.InterpretedInvoke_Method(Object obj, IntPtr* args)
[xUnit.net 00:00:00.32]            at System.Reflection.MethodBaseInvoker.InvokeWithNoArgs(Object obj, BindingFlags invokeAttr)
[xUnit.net 00:00:00.33]       Leds.GameEngine.Domain.Common.DomainException : Node connections must be between same or adjacent lanes only.
[xUnit.net 00:00:00.33]       Stack Trace:
[xUnit.net 00:00:00.33]         C:\Users\Thomas\source\repos\rpg_esi07\services\game-engine\src\Leds.GameEngine.Domain\Rooms\Room.cs(422,0): at Leds.GameEngine.Domain.Rooms.Room.EnsureNoCrossRowConnections(IReadOnlyCollection`1 nodes)
[xUnit.net 00:00:00.33]         C:\Users\Thomas\source\repos\rpg_esi07\services\game-engine\src\Leds.GameEngine.Domain\Rooms\Room.cs(140,0): at Leds.GameEngine.Domain.Rooms.Room.Create(Int32 depth, RoomType roomType, String theme, RoomBossProfile bossProfile, IEnumerable`1 nodes)
[xUnit.net 00:00:00.33]         C:\Users\Thomas\source\repos\rpg_esi07\services\game-engine\tests\Leds.GameEngine.UnitTests\Common\Factories\TestGameEngineFactory.cs(115,0): at Leds.GameEngine.UnitTests.Common.Factories.TestGameEngineFactory.CreateThresholdRoomWithTargetInitialNode(NodeEventType targetInitialEventType, Int32 depth)
[xUnit.net 00:00:00.33]         C:\Users\Thomas\source\repos\rpg_esi07\services\game-engine\tests\Leds.GameEngine.UnitTests\Common\Factories\TestGameEngineFactory.cs(35,0): at Leds.GameEngine.UnitTests.Common.Factories.TestGameEngineFactory.CreateThresholdRoom(NodeEventType targetInitialEventType, Int32 depth)
[xUnit.net 00:00:00.33]         C:\Users\Thomas\source\repos\rpg_esi07\services\game-engine\tests\Leds.GameEngine.UnitTests\Runs\RunTests.cs(18,0): at Leds.GameEngine.UnitTests.Runs.RunTests.StartNew_ShouldCreateActiveRun_WithInitialRoomAndMetadata()
[xUnit.net 00:00:00.33]            at System.Reflection.MethodBaseInvoker.InterpretedInvoke_Method(Object obj, IntPtr* args)
[xUnit.net 00:00:00.33]            at System.Reflection.MethodBaseInvoker.InvokeWithNoArgs(Object obj, BindingFlags invokeAttr)
[xUnit.net 00:00:00.33]       Leds.GameEngine.Domain.Common.DomainException : Node connections must be between same or adjacent lanes only.
[xUnit.net 00:00:00.33]       Stack Trace:
[xUnit.net 00:00:00.33]         C:\Users\Thomas\source\repos\rpg_esi07\services\game-engine\src\Leds.GameEngine.Domain\Rooms\Room.cs(422,0): at Leds.GameEngine.Domain.Rooms.Room.EnsureNoCrossRowConnections(IReadOnlyCollection`1 nodes)
[xUnit.net 00:00:00.33]         C:\Users\Thomas\source\repos\rpg_esi07\services\game-engine\src\Leds.GameEngine.Domain\Rooms\Room.cs(140,0): at Leds.GameEngine.Domain.Rooms.Room.Create(Int32 depth, RoomType roomType, String theme, RoomBossProfile bossProfile, IEnumerable`1 nodes)
[xUnit.net 00:00:00.33]         C:\Users\Thomas\source\repos\rpg_esi07\services\game-engine\tests\Leds.GameEngine.UnitTests\Common\Factories\TestGameEngineFactory.cs(115,0): at Leds.GameEngine.UnitTests.Common.Factories.TestGameEngineFactory.CreateThresholdRoomWithTargetInitialNode(NodeEventType targetInitialEventType, Int32 depth)
[xUnit.net 00:00:00.33]         C:\Users\Thomas\source\repos\rpg_esi07\services\game-engine\tests\Leds.GameEngine.UnitTests\Common\Factories\TestGameEngineFactory.cs(35,0): at Leds.GameEngine.UnitTests.Common.Factories.TestGameEngineFactory.CreateThresholdRoom(NodeEventType targetInitialEventType, Int32 depth)
[xUnit.net 00:00:00.33]         C:\Users\Thomas\source\repos\rpg_esi07\services\game-engine\tests\Leds.GameEngine.UnitTests\Common\Factories\TestGameEngineFactory.cs(136,0): at Leds.GameEngine.UnitTests.Common.Factories.TestGameEngineFactory.CreateRun(NodeEventType targetInitialEventType)
[xUnit.net 00:00:00.33]         C:\Users\Thomas\source\repos\rpg_esi07\services\game-engine\tests\Leds.GameEngine.UnitTests\Runs\RunTests.cs(373,0): at Leds.GameEngine.UnitTests.Runs.RunTests.ActivatePalaceLaw_ShouldThrowDomainException_WhenRunIsClosed()
[xUnit.net 00:00:00.33]            at System.Reflection.MethodBaseInvoker.InterpretedInvoke_Method(Object obj, IntPtr* args)
[xUnit.net 00:00:00.33]            at System.Reflection.MethodBaseInvoker.InvokeWithNoArgs(Object obj, BindingFlags invokeAttr)
  ├ëchou├⌐ Leds.GameEngine.UnitTests.Runs.RunTests.ActivatePalaceLaw_ShouldAddActiveLaw_WhenRunIsActive [< 1 ms]
  Message d'erreur┬á:
   Leds.GameEngine.Domain.Common.DomainException : Node connections must be between same or adjacent lanes only.
  Arborescence des appels de proc├⌐dure┬á:
     at Leds.GameEngine.Domain.Rooms.Room.EnsureNoCrossRowConnections(IReadOnlyCollection`1 nodes) in C:\Users\Thomas\source\repos\rpg_esi07\services\game-engine\src\Leds.GameEngine.Domain\Rooms\Room.cs:line 422
   at Leds.GameEngine.Domain.Rooms.Room.Create(Int32 depth, RoomType roomType, String theme, RoomBossProfile bossProfile, IEnumerable`1 nodes) in C:\Users\Thomas\source\repos\rpg_esi07\services\game-engine\src\Leds.GameEngine.Domain\Rooms\Room.cs:line 140
   at Leds.GameEngine.UnitTests.Common.Factories.TestGameEngineFactory.CreateThresholdRoomWithTargetInitialNode(NodeEventType targetInitialEventType, Int32 depth) in C:\Users\Thomas\source\repos\rpg_esi07\services\game-engine\tests\Leds.GameEngine.UnitTests\Common\Factories\TestGameEngineFactory.cs:line 115
   at Leds.GameEngine.UnitTests.Common.Factories.TestGameEngineFactory.CreateThresholdRoom(NodeEventType targetInitialEventType, Int32 depth) in C:\Users\Thomas\source\repos\rpg_esi07\services\game-engine\tests\Leds.GameEngine.UnitTests\Common\Factories\TestGameEngineFactory.cs:line 35
   at Leds.GameEngine.UnitTests.Common.Factories.TestGameEngineFactory.CreateRun(NodeEventType targetInitialEventType) in C:\Users\Thomas\source\repos\rpg_esi07\services\game-engine\tests\Leds.GameEngine.UnitTests\Common\Factories\TestGameEngineFactory.cs:line 136
   at Leds.GameEngine.UnitTests.Runs.RunTests.ActivatePalaceLaw_ShouldAddActiveLaw_WhenRunIsActive() in C:\Users\Thomas\source\repos\rpg_esi07\services\game-engine\tests\Leds.GameEngine.UnitTests\Runs\RunTests.cs:line 331
   at System.Reflection.MethodBaseInvoker.InterpretedInvoke_Method(Object obj, IntPtr* args)
   at System.Reflection.MethodBaseInvoker.InvokeWithNoArgs(Object obj, BindingFlags invokeAttr)
  ├ëchou├⌐ Leds.GameEngine.UnitTests.Events.ChoiceResolvers.LawEventChoiceResolverTests.Resolve_ShouldActivatePalaceLaw_WhenChoiceIsAcceptLaw [< 1 ms]
  Message d'erreur┬á:
   Leds.GameEngine.Domain.Common.DomainException : Node connections must be between same or adjacent lanes only.
  Arborescence des appels de proc├⌐dure┬á:
     at Leds.GameEngine.Domain.Rooms.Room.EnsureNoCrossRowConnections(IReadOnlyCollection`1 nodes) in C:\Users\Thomas\source\repos\rpg_esi07\services\game-engine\src\Leds.GameEngine.Domain\Rooms\Room.cs:line 422
   at Leds.GameEngine.Domain.Rooms.Room.Create(Int32 depth, RoomType roomType, String theme, RoomBossProfile bossProfile, IEnumerable`1 nodes) in C:\Users\Thomas\source\repos\rpg_esi07\services\game-engine\src\Leds.GameEngine.Domain\Rooms\Room.cs:line 140
   at Leds.GameEngine.UnitTests.Common.Factories.TestGameEngineFactory.CreateThresholdRoomWithTargetInitialNode(NodeEventType targetInitialEventType, Int32 depth) in C:\Users\Thomas\source\repos\rpg_esi07\services\game-engine\tests\Leds.GameEngine.UnitTests\Common\Factories\TestGameEngineFactory.cs:line 115
   at Leds.GameEngine.UnitTests.Common.Factories.TestGameEngineFactory.CreateRunWithTargetInitialNode(NodeEventType targetInitialEventType) in C:\Users\Thomas\source\repos\rpg_esi07\services\game-engine\tests\Leds.GameEngine.UnitTests\Common\Factories\TestGameEngineFactory.cs:line 150
   at Leds.GameEngine.UnitTests.Common.Factories.TestGameEngineFactory.CreateRunWithSelectedTargetNode(NodeEventType targetInitialEventType) in C:\Users\Thomas\source\repos\rpg_esi07\services\game-engine\tests\Leds.GameEngine.UnitTests\Common\Factories\TestGameEngineFactory.cs:line 167
   at Leds.GameEngine.UnitTests.Common.Factories.TestGameEngineFactory.CreateRunWithResolvedCurrentEvent(NodeEventType targetInitialEventType) in C:\Users\Thomas\source\repos\rpg_esi07\services\game-engine\tests\Leds.GameEngine.UnitTests\Common\Factories\TestGameEngineFactory.cs:line 178
   at Leds.GameEngine.UnitTests.Events.ChoiceResolvers.LawEventChoiceResolverTests.Resolve_ShouldActivatePalaceLaw_WhenChoiceIsAcceptLaw() in C:\Users\Thomas\source\repos\rpg_esi07\services\game-engine\tests\Leds.GameEngine.UnitTests\Events\ChoiceResolvers\LawEventChoiceResolverTests.cs:line 16
   at System.Reflection.MethodBaseInvoker.InterpretedInvoke_Method(Object obj, IntPtr* args)
   at System.Reflection.MethodBaseInvoker.InvokeWithNoArgs(Object obj, BindingFlags invokeAttr)
  R├⌐ussi Leds.GameEngine.UnitTests.Events.EventContentResolverTests.ResolveAsync_ShouldReturnFailure_WhenRewardProfileIsBlank [< 1 ms]
  ├ëchou├⌐ Leds.GameEngine.UnitTests.Events.ChoiceResolvers.LawEventChoiceResolverTests.Resolve_ShouldThrowDomainException_WhenChoiceIsInvalid [< 1 ms]
  Message d'erreur┬á:
   Leds.GameEngine.Domain.Common.DomainException : Node connections must be between same or adjacent lanes only.
  Arborescence des appels de proc├⌐dure┬á:
     at Leds.GameEngine.Domain.Rooms.Room.EnsureNoCrossRowConnections(IReadOnlyCollection`1 nodes) in C:\Users\Thomas\source\repos\rpg_esi07\services\game-engine\src\Leds.GameEngine.Domain\Rooms\Room.cs:line 422
   at Leds.GameEngine.Domain.Rooms.Room.Create(Int32 depth, RoomType roomType, String theme, RoomBossProfile bossProfile, IEnumerable`1 nodes) in C:\Users\Thomas\source\repos\rpg_esi07\services\game-engine\src\Leds.GameEngine.Domain\Rooms\Room.cs:line 140
   at Leds.GameEngine.UnitTests.Common.Factories.TestGameEngineFactory.CreateThresholdRoomWithTargetInitialNode(NodeEventType targetInitialEventType, Int32 depth) in C:\Users\Thomas\source\repos\rpg_esi07\services\game-engine\tests\Leds.GameEngine.UnitTests\Common\Factories\TestGameEngineFactory.cs:line 115
   at Leds.GameEngine.UnitTests.Common.Factories.TestGameEngineFactory.CreateRunWithTargetInitialNode(NodeEventType targetInitialEventType) in C:\Users\Thomas\source\repos\rpg_esi07\services\game-engine\tests\Leds.GameEngine.UnitTests\Common\Factories\TestGameEngineFactory.cs:line 150
   at Leds.GameEngine.UnitTests.Common.Factories.TestGameEngineFactory.CreateRunWithSelectedTargetNode(NodeEventType targetInitialEventType) in C:\Users\Thomas\source\repos\rpg_esi07\services\game-engine\tests\Leds.GameEngine.UnitTests\Common\Factories\TestGameEngineFactory.cs:line 167
   at Leds.GameEngine.UnitTests.Common.Factories.TestGameEngineFactory.CreateRunWithResolvedCurrentEvent(NodeEventType targetInitialEventType) in C:\Users\Thomas\source\repos\rpg_esi07\services\game-engine\tests\Leds.GameEngine.UnitTests\Common\Factories\TestGameEngineFactory.cs:line 178
   at Leds.GameEngine.UnitTests.Events.ChoiceResolvers.LawEventChoiceResolverTests.Resolve_ShouldThrowDomainException_WhenChoiceIsInvalid() in C:\Users\Thomas\source\repos\rpg_esi07\services\game-engine\tests\Leds.GameEngine.UnitTests\Events\ChoiceResolvers\LawEventChoiceResolverTests.cs:line 65
   at System.Reflection.MethodBaseInvoker.InterpretedInvoke_Method(Object obj, IntPtr* args)
   at System.Reflection.MethodBaseInvoker.InvokeWithNoArgs(Object obj, BindingFlags invokeAttr)
  ├ëchou├⌐ Leds.GameEngine.UnitTests.Runs.RunTests.StartNew_ShouldCreateActiveRun_WithInitialRoomAndMetadata [< 1 ms]
  Message d'erreur┬á:
   Leds.GameEngine.Domain.Common.DomainException : Node connections must be between same or adjacent lanes only.
  Arborescence des appels de proc├⌐dure┬á:
     at Leds.GameEngine.Domain.Rooms.Room.EnsureNoCrossRowConnections(IReadOnlyCollection`1 nodes) in C:\Users\Thomas\source\repos\rpg_esi07\services\game-engine\src\Leds.GameEngine.Domain\Rooms\Room.cs:line 422
   at Leds.GameEngine.Domain.Rooms.Room.Create(Int32 depth, RoomType roomType, String theme, RoomBossProfile bossProfile, IEnumerable`1 nodes) in C:\Users\Thomas\source\repos\rpg_esi07\services\game-engine\src\Leds.GameEngine.Domain\Rooms\Room.cs:line 140
   at Leds.GameEngine.UnitTests.Common.Factories.TestGameEngineFactory.CreateThresholdRoomWithTargetInitialNode(NodeEventType targetInitialEventType, Int32 depth) in C:\Users\Thomas\source\repos\rpg_esi07\services\game-engine\tests\Leds.GameEngine.UnitTests\Common\Factories\TestGameEngineFactory.cs:line 115
   at Leds.GameEngine.UnitTests.Common.Factories.TestGameEngineFactory.CreateThresholdRoom(NodeEventType targetInitialEventType, Int32 depth) in C:\Users\Thomas\source\repos\rpg_esi07\services\game-engine\tests\Leds.GameEngine.UnitTests\Common\Factories\TestGameEngineFactory.cs:line 35
   at Leds.GameEngine.UnitTests.Runs.RunTests.StartNew_ShouldCreateActiveRun_WithInitialRoomAndMetadata() in C:\Users\Thomas\source\repos\rpg_esi07\services\game-engine\tests\Leds.GameEngine.UnitTests\Runs\RunTests.cs:line 18
   at System.Reflection.MethodBaseInvoker.InterpretedInvoke_Method(Object obj, IntPtr* args)
   at System.Reflection.MethodBaseInvoker.InvokeWithNoArgs(Object obj, BindingFlags invokeAttr)
  R├⌐ussi Leds.GameEngine.UnitTests.Events.EventContentResolverTests.ResolveAsync_ShouldReturnFailure_WhenSeedIsBlank [< 1 ms]
  ├ëchou├⌐ Leds.GameEngine.UnitTests.Runs.RunTests.ActivatePalaceLaw_ShouldThrowDomainException_WhenRunIsClosed [< 1 ms]
  Message d'erreur┬á:
   Leds.GameEngine.Domain.Common.DomainException : Node connections must be between same or adjacent lanes only.
  Arborescence des appels de proc├⌐dure┬á:
     at Leds.GameEngine.Domain.Rooms.Room.EnsureNoCrossRowConnections(IReadOnlyCollection`1 nodes) in C:\Users\Thomas\source\repos\rpg_esi07\services\game-engine\src\Leds.GameEngine.Domain\Rooms\Room.cs:line 422
   at Leds.GameEngine.Domain.Rooms.Room.Create(Int32 depth, RoomType roomType, String theme, RoomBossProfile bossProfile, IEnumerable`1 nodes) in C:\Users\Thomas\source\repos\rpg_esi07\services\game-engine\src\Leds.GameEngine.Domain\Rooms\Room.cs:line 140
   at Leds.GameEngine.UnitTests.Common.Factories.TestGameEngineFactory.CreateThresholdRoomWithTargetInitialNode(NodeEventType targetInitialEventType, Int32 depth) in C:\Users\Thomas\source\repos\rpg_esi07\services\game-engine\tests\Leds.GameEngine.UnitTests\Common\Factories\TestGameEngineFactory.cs:line 115
   at Leds.GameEngine.UnitTests.Common.Factories.TestGameEngineFactory.CreateThresholdRoom(NodeEventType targetInitialEventType, Int32 depth) in C:\Users\Thomas\source\repos\rpg_esi07\services\game-engine\tests\Leds.GameEngine.UnitTests\Common\Factories\TestGameEngineFactory.cs:line 35
   at Leds.GameEngine.UnitTests.Common.Factories.TestGameEngineFactory.CreateRun(NodeEventType targetInitialEventType) in C:\Users\Thomas\source\repos\rpg_esi07\services\game-engine\tests\Leds.GameEngine.UnitTests\Common\Factories\TestGameEngineFactory.cs:line 136
   at Leds.GameEngine.UnitTests.Runs.RunTests.ActivatePalaceLaw_ShouldThrowDomainException_WhenRunIsClosed() in C:\Users\Thomas\source\repos\rpg_esi07\services\game-engine\tests\Leds.GameEngine.UnitTests\Runs\RunTests.cs:line 373
   at System.Reflection.MethodBaseInvoker.InterpretedInvoke_Method(Object obj, IntPtr* args)
   at System.Reflection.MethodBaseInvoker.InvokeWithNoArgs(Object obj, BindingFlags invokeAttr)
[xUnit.net 00:00:00.33]       Leds.GameEngine.Domain.Common.DomainException : Node connections must be between same or adjacent lanes only.
[xUnit.net 00:00:00.33]       Stack Trace:
[xUnit.net 00:00:00.33]         C:\Users\Thomas\source\repos\rpg_esi07\services\game-engine\src\Leds.GameEngine.Domain\Rooms\Room.cs(422,0): at Leds.GameEngine.Domain.Rooms.Room.EnsureNoCrossRowConnections(IReadOnlyCollection`1 nodes)
[xUnit.net 00:00:00.33]         C:\Users\Thomas\source\repos\rpg_esi07\services\game-engine\src\Leds.GameEngine.Domain\Rooms\Room.cs(140,0): at Leds.GameEngine.Domain.Rooms.Room.Create(Int32 depth, RoomType roomType, String theme, RoomBossProfile bossProfile, IEnumerable`1 nodes)
[xUnit.net 00:00:00.33]         C:\Users\Thomas\source\repos\rpg_esi07\services\game-engine\tests\Leds.GameEngine.UnitTests\Common\Factories\TestGameEngineFactory.cs(115,0): at Leds.GameEngine.UnitTests.Common.Factories.TestGameEngineFactory.CreateThresholdRoomWithTargetInitialNode(NodeEventType targetInitialEventType, Int32 depth)
[xUnit.net 00:00:00.33]         C:\Users\Thomas\source\repos\rpg_esi07\services\game-engine\tests\Leds.GameEngine.UnitTests\Common\Factories\TestGameEngineFactory.cs(35,0): at Leds.GameEngine.UnitTests.Common.Factories.TestGameEngineFactory.CreateThresholdRoom(NodeEventType targetInitialEventType, Int32 depth)
[xUnit.net 00:00:00.33]         C:\Users\Thomas\source\repos\rpg_esi07\services\game-engine\tests\Leds.GameEngine.UnitTests\Common\Factories\TestGameEngineFactory.cs(136,0): at Leds.GameEngine.UnitTests.Common.Factories.TestGameEngineFactory.CreateRun(NodeEventType targetInitialEventType)
[xUnit.net 00:00:00.33]         C:\Users\Thomas\source\repos\rpg_esi07\services\game-engine\tests\Leds.GameEngine.UnitTests\Runs\RunTests.cs(356,0): at Leds.GameEngine.UnitTests.Runs.RunTests.ActivatePalaceLaw_ShouldNotDuplicateLaw_WhenLawIsAlreadyActive()
[xUnit.net 00:00:00.33]            at System.Reflection.MethodBaseInvoker.InterpretedInvoke_Method(Object obj, IntPtr* args)
[xUnit.net 00:00:00.33]            at System.Reflection.MethodBaseInvoker.InvokeWithNoArgs(Object obj, BindingFlags invokeAttr)
[xUnit.net 00:00:00.33]       Leds.GameEngine.Domain.Common.DomainException : Node connections must be between same or adjacent lanes only.
[xUnit.net 00:00:00.33]       Stack Trace:
[xUnit.net 00:00:00.33]         C:\Users\Thomas\source\repos\rpg_esi07\services\game-engine\src\Leds.GameEngine.Domain\Rooms\Room.cs(422,0): at Leds.GameEngine.Domain.Rooms.Room.EnsureNoCrossRowConnections(IReadOnlyCollection`1 nodes)
[xUnit.net 00:00:00.33]         C:\Users\Thomas\source\repos\rpg_esi07\services\game-engine\src\Leds.GameEngine.Domain\Rooms\Room.cs(140,0): at Leds.GameEngine.Domain.Rooms.Room.Create(Int32 depth, RoomType roomType, String theme, RoomBossProfile bossProfile, IEnumerable`1 nodes)
[xUnit.net 00:00:00.33]         C:\Users\Thomas\source\repos\rpg_esi07\services\game-engine\tests\Leds.GameEngine.UnitTests\Common\Factories\TestGameEngineFactory.cs(115,0): at Leds.GameEngine.UnitTests.Common.Factories.TestGameEngineFactory.CreateThresholdRoomWithTargetInitialNode(NodeEventType targetInitialEventType, Int32 depth)
[xUnit.net 00:00:00.33]         C:\Users\Thomas\source\repos\rpg_esi07\services\game-engine\tests\Leds.GameEngine.UnitTests\Common\Factories\TestGameEngineFactory.cs(35,0): at Leds.GameEngine.UnitTests.Common.Factories.TestGameEngineFactory.CreateThresholdRoom(NodeEventType targetInitialEventType, Int32 depth)
[xUnit.net 00:00:00.33]         C:\Users\Thomas\source\repos\rpg_esi07\services\game-engine\tests\Leds.GameEngine.UnitTests\Common\Factories\TestGameEngineFactory.cs(136,0): at Leds.GameEngine.UnitTests.Common.Factories.TestGameEngineFactory.CreateRun(NodeEventType targetInitialEventType)
[xUnit.net 00:00:00.33]         C:\Users\Thomas\source\repos\rpg_esi07\services\game-engine\tests\Leds.GameEngine.UnitTests\Runs\RunTests.cs(121,0): at Leds.GameEngine.UnitTests.Runs.RunTests.ChooseNode_ShouldThrow_WhenNodeWasAlreadySelectedAtCurrentDepth()
[xUnit.net 00:00:00.33]            at System.Reflection.MethodBaseInvoker.InterpretedInvoke_Method(Object obj, IntPtr* args)
[xUnit.net 00:00:00.33]            at System.Reflection.MethodBaseInvoker.InvokeWithNoArgs(Object obj, BindingFlags invokeAttr)
[xUnit.net 00:00:00.33]       Leds.GameEngine.Domain.Common.DomainException : Node connections must be between same or adjacent lanes only.
[xUnit.net 00:00:00.33]       Stack Trace:
[xUnit.net 00:00:00.33]         C:\Users\Thomas\source\repos\rpg_esi07\services\game-engine\src\Leds.GameEngine.Domain\Rooms\Room.cs(422,0): at Leds.GameEngine.Domain.Rooms.Room.EnsureNoCrossRowConnections(IReadOnlyCollection`1 nodes)
[xUnit.net 00:00:00.33]         C:\Users\Thomas\source\repos\rpg_esi07\services\game-engine\src\Leds.GameEngine.Domain\Rooms\Room.cs(140,0): at Leds.GameEngine.Domain.Rooms.Room.Create(Int32 depth, RoomType roomType, String theme, RoomBossProfile bossProfile, IEnumerable`1 nodes)
[xUnit.net 00:00:00.33]         C:\Users\Thomas\source\repos\rpg_esi07\services\game-engine\tests\Leds.GameEngine.UnitTests\Common\Factories\TestGameEngineFactory.cs(115,0): at Leds.GameEngine.UnitTests.Common.Factories.TestGameEngineFactory.CreateThresholdRoomWithTargetInitialNode(NodeEventType targetInitialEventType, Int32 depth)
[xUnit.net 00:00:00.33]         C:\Users\Thomas\source\repos\rpg_esi07\services\game-engine\tests\Leds.GameEngine.UnitTests\Common\Factories\TestGameEngineFactory.cs(35,0): at Leds.GameEngine.UnitTests.Common.Factories.TestGameEngineFactory.CreateThresholdRoom(NodeEventType targetInitialEventType, Int32 depth)
[xUnit.net 00:00:00.33]         C:\Users\Thomas\source\repos\rpg_esi07\services\game-engine\tests\Leds.GameEngine.UnitTests\Common\Factories\TestGameEngineFactory.cs(136,0): at Leds.GameEngine.UnitTests.Common.Factories.TestGameEngineFactory.CreateRun(NodeEventType targetInitialEventType)
[xUnit.net 00:00:00.33]         C:\Users\Thomas\source\repos\rpg_esi07\services\game-engine\tests\Leds.GameEngine.UnitTests\Runs\RunTests.cs(138,0): at Leds.GameEngine.UnitTests.Runs.RunTests.ResolveCurrentEvent_ShouldResolveSelectedNode_AndKeepRunActive_WhenRoomBossIsNotResolved()
[xUnit.net 00:00:00.33]            at System.Reflection.MethodBaseInvoker.InterpretedInvoke_Method(Object obj, IntPtr* args)
[xUnit.net 00:00:00.33]            at System.Reflection.MethodBaseInvoker.InvokeWithNoArgs(Object obj, BindingFlags invokeAttr)
[xUnit.net 00:00:00.33]       Leds.GameEngine.Domain.Common.DomainException : Node connections must be between same or adjacent lanes only.
[xUnit.net 00:00:00.33]       Stack Trace:
[xUnit.net 00:00:00.33]         C:\Users\Thomas\source\repos\rpg_esi07\services\game-engine\src\Leds.GameEngine.Domain\Rooms\Room.cs(422,0): at Leds.GameEngine.Domain.Rooms.Room.EnsureNoCrossRowConnections(IReadOnlyCollection`1 nodes)
[xUnit.net 00:00:00.33]         C:\Users\Thomas\source\repos\rpg_esi07\services\game-engine\src\Leds.GameEngine.Domain\Rooms\Room.cs(140,0): at Leds.GameEngine.Domain.Rooms.Room.Create(Int32 depth, RoomType roomType, String theme, RoomBossProfile bossProfile, IEnumerable`1 nodes)
[xUnit.net 00:00:00.33]         C:\Users\Thomas\source\repos\rpg_esi07\services\game-engine\tests\Leds.GameEngine.UnitTests\Common\Factories\TestGameEngineFactory.cs(115,0): at Leds.GameEngine.UnitTests.Common.Factories.TestGameEngineFactory.CreateThresholdRoomWithTargetInitialNode(NodeEventType targetInitialEventType, Int32 depth)
[xUnit.net 00:00:00.33]         C:\Users\Thomas\source\repos\rpg_esi07\services\game-engine\tests\Leds.GameEngine.UnitTests\Common\Factories\TestGameEngineFactory.cs(35,0): at Leds.GameEngine.UnitTests.Common.Factories.TestGameEngineFactory.CreateThresholdRoom(NodeEventType targetInitialEventType, Int32 depth)
[xUnit.net 00:00:00.33]         C:\Users\Thomas\source\repos\rpg_esi07\services\game-engine\tests\Leds.GameEngine.UnitTests\Common\Factories\TestGameEngineFactory.cs(136,0): at Leds.GameEngine.UnitTests.Common.Factories.TestGameEngineFactory.CreateRun(NodeEventType targetInitialEventType)
[xUnit.net 00:00:00.33]         C:\Users\Thomas\source\repos\rpg_esi07\services\game-engine\tests\Leds.GameEngine.UnitTests\Runs\RunTests.cs(153,0): at Leds.GameEngine.UnitTests.Runs.RunTests.ProgressCurrentRoom_ShouldUnlockNextLayer_AfterCurrentEventIsResolved()
[xUnit.net 00:00:00.33]            at System.Reflection.MethodBaseInvoker.InterpretedInvoke_Method(Object obj, IntPtr* args)
[xUnit.net 00:00:00.33]            at System.Reflection.MethodBaseInvoker.InvokeWithNoArgs(Object obj, BindingFlags invokeAttr)
[xUnit.net 00:00:00.33]       Leds.GameEngine.Domain.Common.DomainException : Node connections must be between same or adjacent lanes only.
[xUnit.net 00:00:00.33]       Stack Trace:
[xUnit.net 00:00:00.33]         C:\Users\Thomas\source\repos\rpg_esi07\services\game-engine\src\Leds.GameEngine.Domain\Rooms\Room.cs(422,0): at Leds.GameEngine.Domain.Rooms.Room.EnsureNoCrossRowConnections(IReadOnlyCollection`1 nodes)
[xUnit.net 00:00:00.33]         C:\Users\Thomas\source\repos\rpg_esi07\services\game-engine\src\Leds.GameEngine.Domain\Rooms\Room.cs(140,0): at Leds.GameEngine.Domain.Rooms.Room.Create(Int32 depth, RoomType roomType, String theme, RoomBossProfile bossProfile, IEnumerable`1 nodes)
[xUnit.net 00:00:00.33]         C:\Users\Thomas\source\repos\rpg_esi07\services\game-engine\tests\Leds.GameEngine.UnitTests\Common\Factories\TestGameEngineFactory.cs(115,0): at Leds.GameEngine.UnitTests.Common.Factories.TestGameEngineFactory.CreateThresholdRoomWithTargetInitialNode(NodeEventType targetInitialEventType, Int32 depth)
[xUnit.net 00:00:00.33]         C:\Users\Thomas\source\repos\rpg_esi07\services\game-engine\tests\Leds.GameEngine.UnitTests\Common\Factories\TestGameEngineFactory.cs(35,0): at Leds.GameEngine.UnitTests.Common.Factories.TestGameEngineFactory.CreateThresholdRoom(NodeEventType targetInitialEventType, Int32 depth)
[xUnit.net 00:00:00.33]         C:\Users\Thomas\source\repos\rpg_esi07\services\game-engine\tests\Leds.GameEngine.UnitTests\Common\Factories\TestGameEngineFactory.cs(136,0): at Leds.GameEngine.UnitTests.Common.Factories.TestGameEngineFactory.CreateRun(NodeEventType targetInitialEventType)
[xUnit.net 00:00:00.33]         C:\Users\Thomas\source\repos\rpg_esi07\services\game-engine\tests\Leds.GameEngine.UnitTests\Runs\RunTests.cs(234,0): at Leds.GameEngine.UnitTests.Runs.RunTests.CompleteRun_ShouldCloseRun_AsCompleted()
[xUnit.net 00:00:00.33]            at System.Reflection.MethodBaseInvoker.InterpretedInvoke_Method(Object obj, IntPtr* args)
[xUnit.net 00:00:00.33]            at System.Reflection.MethodBaseInvoker.InvokeWithNoArgs(Object obj, BindingFlags invokeAttr)
  ├ëchou├⌐ Leds.GameEngine.UnitTests.Runs.RunTests.ActivatePalaceLaw_ShouldNotDuplicateLaw_WhenLawIsAlreadyActive [< 1 ms]
  Message d'erreur┬á:
   Leds.GameEngine.Domain.Common.DomainException : Node connections must be between same or adjacent lanes only.
  Arborescence des appels de proc├⌐dure┬á:
     at Leds.GameEngine.Domain.Rooms.Room.EnsureNoCrossRowConnections(IReadOnlyCollection`1 nodes) in C:\Users\Thomas\source\repos\rpg_esi07\services\game-engine\src\Leds.GameEngine.Domain\Rooms\Room.cs:line 422
   at Leds.GameEngine.Domain.Rooms.Room.Create(Int32 depth, RoomType roomType, String theme, RoomBossProfile bossProfile, IEnumerable`1 nodes) in C:\Users\Thomas\source\repos\rpg_esi07\services\game-engine\src\Leds.GameEngine.Domain\Rooms\Room.cs:line 140
   at Leds.GameEngine.UnitTests.Common.Factories.TestGameEngineFactory.CreateThresholdRoomWithTargetInitialNode(NodeEventType targetInitialEventType, Int32 depth) in C:\Users\Thomas\source\repos\rpg_esi07\services\game-engine\tests\Leds.GameEngine.UnitTests\Common\Factories\TestGameEngineFactory.cs:line 115
   at Leds.GameEngine.UnitTests.Common.Factories.TestGameEngineFactory.CreateThresholdRoom(NodeEventType targetInitialEventType, Int32 depth) in C:\Users\Thomas\source\repos\rpg_esi07\services\game-engine\tests\Leds.GameEngine.UnitTests\Common\Factories\TestGameEngineFactory.cs:line 35
   at Leds.GameEngine.UnitTests.Common.Factories.TestGameEngineFactory.CreateRun(NodeEventType targetInitialEventType) in C:\Users\Thomas\source\repos\rpg_esi07\services\game-engine\tests\Leds.GameEngine.UnitTests\Common\Factories\TestGameEngineFactory.cs:line 136
   at Leds.GameEngine.UnitTests.Runs.RunTests.ActivatePalaceLaw_ShouldNotDuplicateLaw_WhenLawIsAlreadyActive() in C:\Users\Thomas\source\repos\rpg_esi07\services\game-engine\tests\Leds.GameEngine.UnitTests\Runs\RunTests.cs:line 356
   at System.Reflection.MethodBaseInvoker.InterpretedInvoke_Method(Object obj, IntPtr* args)
   at System.Reflection.MethodBaseInvoker.InvokeWithNoArgs(Object obj, BindingFlags invokeAttr)
  ├ëchou├⌐ Leds.GameEngine.UnitTests.Runs.RunTests.ChooseNode_ShouldThrow_WhenNodeWasAlreadySelectedAtCurrentDepth [< 1 ms]
  Message d'erreur┬á:
   Leds.GameEngine.Domain.Common.DomainException : Node connections must be between same or adjacent lanes only.
  Arborescence des appels de proc├⌐dure┬á:
     at Leds.GameEngine.Domain.Rooms.Room.EnsureNoCrossRowConnections(IReadOnlyCollection`1 nodes) in C:\Users\Thomas\source\repos\rpg_esi07\services\game-engine\src\Leds.GameEngine.Domain\Rooms\Room.cs:line 422
   at Leds.GameEngine.Domain.Rooms.Room.Create(Int32 depth, RoomType roomType, String theme, RoomBossProfile bossProfile, IEnumerable`1 nodes) in C:\Users\Thomas\source\repos\rpg_esi07\services\game-engine\src\Leds.GameEngine.Domain\Rooms\Room.cs:line 140
   at Leds.GameEngine.UnitTests.Common.Factories.TestGameEngineFactory.CreateThresholdRoomWithTargetInitialNode(NodeEventType targetInitialEventType, Int32 depth) in C:\Users\Thomas\source\repos\rpg_esi07\services\game-engine\tests\Leds.GameEngine.UnitTests\Common\Factories\TestGameEngineFactory.cs:line 115
   at Leds.GameEngine.UnitTests.Common.Factories.TestGameEngineFactory.CreateThresholdRoom(NodeEventType targetInitialEventType, Int32 depth) in C:\Users\Thomas\source\repos\rpg_esi07\services\game-engine\tests\Leds.GameEngine.UnitTests\Common\Factories\TestGameEngineFactory.cs:line 35
   at Leds.GameEngine.UnitTests.Common.Factories.TestGameEngineFactory.CreateRun(NodeEventType targetInitialEventType) in C:\Users\Thomas\source\repos\rpg_esi07\services\game-engine\tests\Leds.GameEngine.UnitTests\Common\Factories\TestGameEngineFactory.cs:line 136
   at Leds.GameEngine.UnitTests.Runs.RunTests.ChooseNode_ShouldThrow_WhenNodeWasAlreadySelectedAtCurrentDepth() in C:\Users\Thomas\source\repos\rpg_esi07\services\game-engine\tests\Leds.GameEngine.UnitTests\Runs\RunTests.cs:line 121
   at System.Reflection.MethodBaseInvoker.InterpretedInvoke_Method(Object obj, IntPtr* args)
   at System.Reflection.MethodBaseInvoker.InvokeWithNoArgs(Object obj, BindingFlags invokeAttr)
  ├ëchou├⌐ Leds.GameEngine.UnitTests.Runs.RunTests.ResolveCurrentEvent_ShouldResolveSelectedNode_AndKeepRunActive_WhenRoomBossIsNotResolved [< 1 ms]
  Message d'erreur┬á:
   Leds.GameEngine.Domain.Common.DomainException : Node connections must be between same or adjacent lanes only.
  Arborescence des appels de proc├⌐dure┬á:
     at Leds.GameEngine.Domain.Rooms.Room.EnsureNoCrossRowConnections(IReadOnlyCollection`1 nodes) in C:\Users\Thomas\source\repos\rpg_esi07\services\game-engine\src\Leds.GameEngine.Domain\Rooms\Room.cs:line 422
   at Leds.GameEngine.Domain.Rooms.Room.Create(Int32 depth, RoomType roomType, String theme, RoomBossProfile bossProfile, IEnumerable`1 nodes) in C:\Users\Thomas\source\repos\rpg_esi07\services\game-engine\src\Leds.GameEngine.Domain\Rooms\Room.cs:line 140
   at Leds.GameEngine.UnitTests.Common.Factories.TestGameEngineFactory.CreateThresholdRoomWithTargetInitialNode(NodeEventType targetInitialEventType, Int32 depth) in C:\Users\Thomas\source\repos\rpg_esi07\services\game-engine\tests\Leds.GameEngine.UnitTests\Common\Factories\TestGameEngineFactory.cs:line 115
   at Leds.GameEngine.UnitTests.Common.Factories.TestGameEngineFactory.CreateThresholdRoom(NodeEventType targetInitialEventType, Int32 depth) in C:\Users\Thomas\source\repos\rpg_esi07\services\game-engine\tests\Leds.GameEngine.UnitTests\Common\Factories\TestGameEngineFactory.cs:line 35
   at Leds.GameEngine.UnitTests.Common.Factories.TestGameEngineFactory.CreateRun(NodeEventType targetInitialEventType) in C:\Users\Thomas\source\repos\rpg_esi07\services\game-engine\tests\Leds.GameEngine.UnitTests\Common\Factories\TestGameEngineFactory.cs:line 136
   at Leds.GameEngine.UnitTests.Runs.RunTests.ResolveCurrentEvent_ShouldResolveSelectedNode_AndKeepRunActive_WhenRoomBossIsNotResolved() in C:\Users\Thomas\source\repos\rpg_esi07\services\game-engine\tests\Leds.GameEngine.UnitTests\Runs\RunTests.cs:line 138
   at System.Reflection.MethodBaseInvoker.InterpretedInvoke_Method(Object obj, IntPtr* args)
   at System.Reflection.MethodBaseInvoker.InvokeWithNoArgs(Object obj, BindingFlags invokeAttr)
  R├⌐ussi Leds.GameEngine.UnitTests.Events.EventContentResolverTests.ResolveAsync_ShouldResolveRestContent_WhenEventTypeIsRest [1 ms]
  ├ëchou├⌐ Leds.GameEngine.UnitTests.Runs.RunTests.ProgressCurrentRoom_ShouldUnlockNextLayer_AfterCurrentEventIsResolved [< 1 ms]
  Message d'erreur┬á:
   Leds.GameEngine.Domain.Common.DomainException : Node connections must be between same or adjacent lanes only.
  Arborescence des appels de proc├⌐dure┬á:
     at Leds.GameEngine.Domain.Rooms.Room.EnsureNoCrossRowConnections(IReadOnlyCollection`1 nodes) in C:\Users\Thomas\source\repos\rpg_esi07\services\game-engine\src\Leds.GameEngine.Domain\Rooms\Room.cs:line 422
   at Leds.GameEngine.Domain.Rooms.Room.Create(Int32 depth, RoomType roomType, String theme, RoomBossProfile bossProfile, IEnumerable`1 nodes) in C:\Users\Thomas\source\repos\rpg_esi07\services\game-engine\src\Leds.GameEngine.Domain\Rooms\Room.cs:line 140
   at Leds.GameEngine.UnitTests.Common.Factories.TestGameEngineFactory.CreateThresholdRoomWithTargetInitialNode(NodeEventType targetInitialEventType, Int32 depth) in C:\Users\Thomas\source\repos\rpg_esi07\services\game-engine\tests\Leds.GameEngine.UnitTests\Common\Factories\TestGameEngineFactory.cs:line 115
   at Leds.GameEngine.UnitTests.Common.Factories.TestGameEngineFactory.CreateThresholdRoom(NodeEventType targetInitialEventType, Int32 depth) in C:\Users\Thomas\source\repos\rpg_esi07\services\game-engine\tests\Leds.GameEngine.UnitTests\Common\Factories\TestGameEngineFactory.cs:line 35
   at Leds.GameEngine.UnitTests.Common.Factories.TestGameEngineFactory.CreateRun(NodeEventType targetInitialEventType) in C:\Users\Thomas\source\repos\rpg_esi07\services\game-engine\tests\Leds.GameEngine.UnitTests\Common\Factories\TestGameEngineFactory.cs:line 136
   at Leds.GameEngine.UnitTests.Runs.RunTests.ProgressCurrentRoom_ShouldUnlockNextLayer_AfterCurrentEventIsResolved() in C:\Users\Thomas\source\repos\rpg_esi07\services\game-engine\tests\Leds.GameEngine.UnitTests\Runs\RunTests.cs:line 153
   at System.Reflection.MethodBaseInvoker.InterpretedInvoke_Method(Object obj, IntPtr* args)
   at System.Reflection.MethodBaseInvoker.InvokeWithNoArgs(Object obj, BindingFlags invokeAttr)
  ├ëchou├⌐ Leds.GameEngine.UnitTests.Runs.RunTests.CompleteRun_ShouldCloseRun_AsCompleted [< 1 ms]
  Message d'erreur┬á:
   Leds.GameEngine.Domain.Common.DomainException : Node connections must be between same or adjacent lanes only.
  Arborescence des appels de proc├⌐dure┬á:
     at Leds.GameEngine.Domain.Rooms.Room.EnsureNoCrossRowConnections(IReadOnlyCollection`1 nodes) in C:\Users\Thomas\source\repos\rpg_esi07\services\game-engine\src\Leds.GameEngine.Domain\Rooms\Room.cs:line 422
   at Leds.GameEngine.Domain.Rooms.Room.Create(Int32 depth, RoomType roomType, String theme, RoomBossProfile bossProfile, IEnumerable`1 nodes) in C:\Users\Thomas\source\repos\rpg_esi07\services\game-engine\src\Leds.GameEngine.Domain\Rooms\Room.cs:line 140
   at Leds.GameEngine.UnitTests.Common.Factories.TestGameEngineFactory.CreateThresholdRoomWithTargetInitialNode(NodeEventType targetInitialEventType, Int32 depth) in C:\Users\Thomas\source\repos\rpg_esi07\services\game-engine\tests\Leds.GameEngine.UnitTests\Common\Factories\TestGameEngineFactory.cs:line 115
   at Leds.GameEngine.UnitTests.Common.Factories.TestGameEngineFactory.CreateThresholdRoom(NodeEventType targetInitialEventType, Int32 depth) in C:\Users\Thomas\source\repos\rpg_esi07\services\game-engine\tests\Leds.GameEngine.UnitTests\Common\Factories\TestGameEngineFactory.cs:line 35
   at Leds.GameEngine.UnitTests.Common.Factories.TestGameEngineFactory.CreateRun(NodeEventType targetInitialEventType) in C:\Users\Thomas\source\repos\rpg_esi07\services\game-engine\tests\Leds.GameEngine.UnitTests\Common\Factories\TestGameEngineFactory.cs:line 136
   at Leds.GameEngine.UnitTests.Runs.RunTests.CompleteRun_ShouldCloseRun_AsCompleted() in C:\Users\Thomas\source\repos\rpg_esi07\services\game-engine\tests\Leds.GameEngine.UnitTests\Runs\RunTests.cs:line 234
   at System.Reflection.MethodBaseInvoker.InterpretedInvoke_Method(Object obj, IntPtr* args)
   at System.Reflection.MethodBaseInvoker.InvokeWithNoArgs(Object obj, BindingFlags invokeAttr)
  R├⌐ussi Leds.GameEngine.UnitTests.Events.EventContentResolverTests.ResolveAsync_ShouldResolveMerchantContent_WhenEventTypeIsMerchant [1 ms]
  R├⌐ussi Leds.GameEngine.UnitTests.Runs.RunTests.RoomCreate_ShouldThrow_WhenRoomDoesNotContainAtLeastTwoNodes [< 1 ms]
[xUnit.net 00:00:00.33]       Leds.GameEngine.Domain.Common.DomainException : Node connections must be between same or adjacent lanes only.
[xUnit.net 00:00:00.33]       Stack Trace:
[xUnit.net 00:00:00.33]         C:\Users\Thomas\source\repos\rpg_esi07\services\game-engine\src\Leds.GameEngine.Domain\Rooms\Room.cs(422,0): at Leds.GameEngine.Domain.Rooms.Room.EnsureNoCrossRowConnections(IReadOnlyCollection`1 nodes)
[xUnit.net 00:00:00.33]         C:\Users\Thomas\source\repos\rpg_esi07\services\game-engine\src\Leds.GameEngine.Domain\Rooms\Room.cs(140,0): at Leds.GameEngine.Domain.Rooms.Room.Create(Int32 depth, RoomType roomType, String theme, RoomBossProfile bossProfile, IEnumerable`1 nodes)
[xUnit.net 00:00:00.33]         C:\Users\Thomas\source\repos\rpg_esi07\services\game-engine\tests\Leds.GameEngine.UnitTests\Common\Factories\TestGameEngineFactory.cs(115,0): at Leds.GameEngine.UnitTests.Common.Factories.TestGameEngineFactory.CreateThresholdRoomWithTargetInitialNode(NodeEventType targetInitialEventType, Int32 depth)
[xUnit.net 00:00:00.33]         C:\Users\Thomas\source\repos\rpg_esi07\services\game-engine\tests\Leds.GameEngine.UnitTests\Common\Factories\TestGameEngineFactory.cs(35,0): at Leds.GameEngine.UnitTests.Common.Factories.TestGameEngineFactory.CreateThresholdRoom(NodeEventType targetInitialEventType, Int32 depth)
[xUnit.net 00:00:00.33]         C:\Users\Thomas\source\repos\rpg_esi07\services\game-engine\tests\Leds.GameEngine.UnitTests\Common\Factories\TestGameEngineFactory.cs(136,0): at Leds.GameEngine.UnitTests.Common.Factories.TestGameEngineFactory.CreateRun(NodeEventType targetInitialEventType)
[xUnit.net 00:00:00.33]         C:\Users\Thomas\source\repos\rpg_esi07\services\game-engine\tests\Leds.GameEngine.UnitTests\Runs\RunTests.cs(204,0): at Leds.GameEngine.UnitTests.Runs.RunTests.MoveToNextRoom_ShouldThrow_WhenRunIsCompleted()
[xUnit.net 00:00:00.33]            at System.Reflection.MethodBaseInvoker.InterpretedInvoke_Method(Object obj, IntPtr* args)
[xUnit.net 00:00:00.33]            at System.Reflection.MethodBaseInvoker.InvokeWithNoArgs(Object obj, BindingFlags invokeAttr)
  ├ëchou├⌐ Leds.GameEngine.UnitTests.Runs.RunTests.MoveToNextRoom_ShouldThrow_WhenRunIsCompleted [< 1 ms]
  Message d'erreur┬á:
   Leds.GameEngine.Domain.Common.DomainException : Node connections must be between same or adjacent lanes only.
  Arborescence des appels de proc├⌐dure┬á:
     at Leds.GameEngine.Domain.Rooms.Room.EnsureNoCrossRowConnections(IReadOnlyCollection`1 nodes) in C:\Users\Thomas\source\repos\rpg_esi07\services\game-engine\src\Leds.GameEngine.Domain\Rooms\Room.cs:line 422
   at Leds.GameEngine.Domain.Rooms.Room.Create(Int32 depth, RoomType roomType, String theme, RoomBossProfile bossProfile, IEnumerable`1 nodes) in C:\Users\Thomas\source\repos\rpg_esi07\services\game-engine\src\Leds.GameEngine.Domain\Rooms\Room.cs:line 140
   at Leds.GameEngine.UnitTests.Common.Factories.TestGameEngineFactory.CreateThresholdRoomWithTargetInitialNode(NodeEventType targetInitialEventType, Int32 depth) in C:\Users\Thomas\source\repos\rpg_esi07\services\game-engine\tests\Leds.GameEngine.UnitTests\Common\Factories\TestGameEngineFactory.cs:line 115
   at Leds.GameEngine.UnitTests.Common.Factories.TestGameEngineFactory.CreateThresholdRoom(NodeEventType targetInitialEventType, Int32 depth) in C:\Users\Thomas\source\repos\rpg_esi07\services\game-engine\tests\Leds.GameEngine.UnitTests\Common\Factories\TestGameEngineFactory.cs:line 35
   at Leds.GameEngine.UnitTests.Common.Factories.TestGameEngineFactory.CreateRun(NodeEventType targetInitialEventType) in C:\Users\Thomas\source\repos\rpg_esi07\services\game-engine\tests\Leds.GameEngine.UnitTests\Common\Factories\TestGameEngineFactory.cs:line 136
   at Leds.GameEngine.UnitTests.Runs.RunTests.MoveToNextRoom_ShouldThrow_WhenRunIsCompleted() in C:\Users\Thomas\source\repos\rpg_esi07\services\game-engine\tests\Leds.GameEngine.UnitTests\Runs\RunTests.cs:line 204
   at System.Reflection.MethodBaseInvoker.InterpretedInvoke_Method(Object obj, IntPtr* args)
   at System.Reflection.MethodBaseInvoker.InvokeWithNoArgs(Object obj, BindingFlags invokeAttr)
  R├⌐ussi Leds.GameEngine.UnitTests.NodeEvents.NodeEventTests.Resolve_ShouldThrow_WhenNodeEventIsClosed [1 ms]
  R├⌐ussi Leds.GameEngine.UnitTests.RoomMaps.MapRoomGeneratorTests.GenerateRoom_ShouldBeDeterministicForSameSeed [10 ms]
  R├⌐ussi Leds.GameEngine.UnitTests.RoomMaps.RoomMapLayoutTemplateProviderTests.GetTemplate_ShouldThrow_WhenNoTemplateFoundForRoomType [< 1 ms]
  R├⌐ussi Leds.GameEngine.UnitTests.NodeEvents.NodeEventTests.Resolve_ShouldMarkNodeEventAsResolved [< 1 ms]
  R├⌐ussi Leds.GameEngine.UnitTests.RoomMaps.RoomMapLayoutTemplateProviderTests.GetTemplate_ShouldReturnDefaultTemplate_WhenGeneratorVersionIsDefault [< 1 ms]
  R├⌐ussi Leds.GameEngine.UnitTests.NodeEvents.NodeEventTests.Create_ShouldCreatePlannedNodeEvent [< 1 ms]
  R├⌐ussi Leds.GameEngine.UnitTests.NodeEvents.NodeEventTests.Close_ShouldMarkNodeEventAsClosed [< 1 ms]
  R├⌐ussi Leds.GameEngine.UnitTests.RoomMaps.MapRoomGeneratorTests.GenerateRoom_ShouldNotHaveAllToAllConnections [3 ms]
  R├⌐ussi Leds.GameEngine.UnitTests.Combats.CombatInstanceTests.SubmitAction_ShouldThrow_WhenTargetingAlly [3 ms]
  R├⌐ussi Leds.GameEngine.UnitTests.Rewards.RewardOfferFactoryTests.CreateCombatRewardOffer_ShouldIncludeStatBonusChoice [8 ms]
  R├⌐ussi Leds.GameEngine.UnitTests.RoomMaps.MapRoomGeneratorTests.GenerateRoom_ShouldKeepConnectionsLocalByLane [1 ms]
  R├⌐ussi Leds.GameEngine.UnitTests.Combats.CombatInstanceTests.Create_ShouldThrow_WhenNoEnemyCombatantExists [< 1 ms]
  R├⌐ussi Leds.GameEngine.UnitTests.Rewards.RewardOfferFactoryTests.CreateCombatRewardOffer_ShouldIncludeMemoryFragmentChoice [< 1 ms]
  R├⌐ussi Leds.GameEngine.UnitTests.Rewards.RewardOfferFactoryTests.CreateCombatRewardOffer_ShouldIncludeHealChoice [< 1 ms]
  R├⌐ussi Leds.GameEngine.UnitTests.RoomMaps.RoomMapLayoutTemplateProviderTests.GetTemplate_ShouldReturnDefaultThresholdTemplate_WhenRoomTypeIsThresholdAndVersionMatches [4 ms]
  R├⌐ussi Leds.GameEngine.UnitTests.RoomMaps.MapRoomGeneratorTests.GenerateRoom_ShouldNotCreateDeadBranches [1 ms]
  R├⌐ussi Leds.GameEngine.UnitTests.RoomMaps.MapRoomGeneratorTests.GenerateRoom_ShouldCreateAcyclicMapGraph [1 ms]
  R├⌐ussi Leds.GameEngine.UnitTests.Rewards.RewardOfferFactoryTests.CreateCombatRewardOffer_ShouldReturnOfferWithThreeChoices [2 ms]
  R├⌐ussi Leds.GameEngine.UnitTests.Rewards.RewardOfferTests.Create_ShouldCreateRewardOfferWithChoices [1 ms]
  R├⌐ussi Leds.GameEngine.UnitTests.RoomMaps.MapRoomGeneratorTests.GenerateRoom_ShouldCreateExactlyTwentyTwoMapNodes_WithDefaultTemplate [< 1 ms]
[xUnit.net 00:00:00.34]       Leds.GameEngine.Domain.Common.DomainException : Node connections must be between same or adjacent lanes only.
[xUnit.net 00:00:00.34]       Stack Trace:
[xUnit.net 00:00:00.34]         C:\Users\Thomas\source\repos\rpg_esi07\services\game-engine\src\Leds.GameEngine.Domain\Rooms\Room.cs(422,0): at Leds.GameEngine.Domain.Rooms.Room.EnsureNoCrossRowConnections(IReadOnlyCollection`1 nodes)
[xUnit.net 00:00:00.34]         C:\Users\Thomas\source\repos\rpg_esi07\services\game-engine\src\Leds.GameEngine.Domain\Rooms\Room.cs(140,0): at Leds.GameEngine.Domain.Rooms.Room.Create(Int32 depth, RoomType roomType, String theme, RoomBossProfile bossProfile, IEnumerable`1 nodes)
[xUnit.net 00:00:00.34]         C:\Users\Thomas\source\repos\rpg_esi07\services\game-engine\tests\Leds.GameEngine.UnitTests\Common\Factories\TestGameEngineFactory.cs(115,0): at Leds.GameEngine.UnitTests.Common.Factories.TestGameEngineFactory.CreateThresholdRoomWithTargetInitialNode(NodeEventType targetInitialEventType, Int32 depth)
[xUnit.net 00:00:00.34]         C:\Users\Thomas\source\repos\rpg_esi07\services\game-engine\tests\Leds.GameEngine.UnitTests\Common\Factories\TestGameEngineFactory.cs(35,0): at Leds.GameEngine.UnitTests.Common.Factories.TestGameEngineFactory.CreateThresholdRoom(NodeEventType targetInitialEventType, Int32 depth)
[xUnit.net 00:00:00.34]         C:\Users\Thomas\source\repos\rpg_esi07\services\game-engine\tests\Leds.GameEngine.UnitTests\Common\Factories\TestGameEngineFactory.cs(136,0): at Leds.GameEngine.UnitTests.Common.Factories.TestGameEngineFactory.CreateRun(NodeEventType targetInitialEventType)
[xUnit.net 00:00:00.34]         C:\Users\Thomas\source\repos\rpg_esi07\services\game-engine\tests\Leds.GameEngine.UnitTests\Rewards\SelectReward\SelectRewardCommandHandlerTests.cs(24,0): at Leds.GameEngine.UnitTests.Rewards.SelectReward.SelectRewardCommandHandlerTests.CreateRunWithPendingReward()
[xUnit.net 00:00:00.34]         C:\Users\Thomas\source\repos\rpg_esi07\services\game-engine\tests\Leds.GameEngine.UnitTests\Rewards\SelectReward\SelectRewardCommandHandlerTests.cs(37,0): at Leds.GameEngine.UnitTests.Rewards.SelectReward.SelectRewardCommandHandlerTests.Handle_ShouldSelectReward_WhenChoiceIsValid()
[xUnit.net 00:00:00.34]         --- End of stack trace from previous location ---
  R├⌐ussi Leds.GameEngine.UnitTests.Combats.CombatInstanceTests.SubmitAction_ShouldCompleteCombat_WhenAllEnemiesAreDefeated [3 ms]
  R├⌐ussi Leds.GameEngine.UnitTests.Combats.CombatInstanceTests.Create_ShouldStartCombatInProgress [< 1 ms]
  R├⌐ussi Leds.GameEngine.UnitTests.Rewards.RewardOfferTests.SelectChoice_ShouldThrow_WhenOfferIsAlreadySelected [1 ms]
  R├⌐ussi Leds.GameEngine.UnitTests.RoomMaps.MapRoomGeneratorTests.GenerateRoom_ShouldPlaceBossAloneOnFinalRow_WithDefaultTemplate [< 1 ms]
  ├ëchou├⌐ Leds.GameEngine.UnitTests.Rewards.SelectReward.SelectRewardCommandHandlerTests.Handle_ShouldSelectReward_WhenChoiceIsValid [1 ms]
  Message d'erreur┬á:
   Leds.GameEngine.Domain.Common.DomainException : Node connections must be between same or adjacent lanes only.
  Arborescence des appels de proc├⌐dure┬á:
     at Leds.GameEngine.Domain.Rooms.Room.EnsureNoCrossRowConnections(IReadOnlyCollection`1 nodes) in C:\Users\Thomas\source\repos\rpg_esi07\services\game-engine\src\Leds.GameEngine.Domain\Rooms\Room.cs:line 422
   at Leds.GameEngine.Domain.Rooms.Room.Create(Int32 depth, RoomType roomType, String theme, RoomBossProfile bossProfile, IEnumerable`1 nodes) in C:\Users\Thomas\source\repos\rpg_esi07\services\game-engine\src\Leds.GameEngine.Domain\Rooms\Room.cs:line 140
   at Leds.GameEngine.UnitTests.Common.Factories.TestGameEngineFactory.CreateThresholdRoomWithTargetInitialNode(NodeEventType targetInitialEventType, Int32 depth) in C:\Users\Thomas\source\repos\rpg_esi07\services\game-engine\tests\Leds.GameEngine.UnitTests\Common\Factories\TestGameEngineFactory.cs:line 115
   at Leds.GameEngine.UnitTests.Common.Factories.TestGameEngineFactory.CreateThresholdRoom(NodeEventType targetInitialEventType, Int32 depth) in C:\Users\Thomas\source\repos\rpg_esi07\services\game-engine\tests\Leds.GameEngine.UnitTests\Common\Factories\TestGameEngineFactory.cs:line 35
   at Leds.GameEngine.UnitTests.Common.Factories.TestGameEngineFactory.CreateRun(NodeEventType targetInitialEventType) in C:\Users\Thomas\source\repos\rpg_esi07\services\game-engine\tests\Leds.GameEngine.UnitTests\Common\Factories\TestGameEngineFactory.cs:line 136
   at Leds.GameEngine.UnitTests.Rewards.SelectReward.SelectRewardCommandHandlerTests.CreateRunWithPendingReward() in C:\Users\Thomas\source\repos\rpg_esi07\services\game-engine\tests\Leds.GameEngine.UnitTests\Rewards\SelectReward\SelectRewardCommandHandlerTests.cs:line 24
   at Leds.GameEngine.UnitTests.Rewards.SelectReward.SelectRewardCommandHandlerTests.Handle_ShouldSelectReward_WhenChoiceIsValid() in C:\Users\Thomas\source\repos\rpg_esi07\services\game-engine\tests\Leds.GameEngine.UnitTests\Rewards\SelectReward\SelectRewardCommandHandlerTests.cs:line 37
--- End of stack trace from previous location ---
  R├⌐ussi Leds.GameEngine.UnitTests.Rewards.RewardOfferTests.SelectChoice_ShouldThrow_WhenChoiceDoesNotExist [< 1 ms]
[xUnit.net 00:00:00.34]       Leds.GameEngine.Domain.Common.DomainException : Node connections must be between same or adjacent lanes only.
[xUnit.net 00:00:00.34]       Stack Trace:
[xUnit.net 00:00:00.34]         C:\Users\Thomas\source\repos\rpg_esi07\services\game-engine\src\Leds.GameEngine.Domain\Rooms\Room.cs(422,0): at Leds.GameEngine.Domain.Rooms.Room.EnsureNoCrossRowConnections(IReadOnlyCollection`1 nodes)
[xUnit.net 00:00:00.34]         C:\Users\Thomas\source\repos\rpg_esi07\services\game-engine\src\Leds.GameEngine.Domain\Rooms\Room.cs(140,0): at Leds.GameEngine.Domain.Rooms.Room.Create(Int32 depth, RoomType roomType, String theme, RoomBossProfile bossProfile, IEnumerable`1 nodes)
[xUnit.net 00:00:00.34]         C:\Users\Thomas\source\repos\rpg_esi07\services\game-engine\tests\Leds.GameEngine.UnitTests\Common\Factories\TestGameEngineFactory.cs(115,0): at Leds.GameEngine.UnitTests.Common.Factories.TestGameEngineFactory.CreateThresholdRoomWithTargetInitialNode(NodeEventType targetInitialEventType, Int32 depth)
[xUnit.net 00:00:00.34]         C:\Users\Thomas\source\repos\rpg_esi07\services\game-engine\tests\Leds.GameEngine.UnitTests\Common\Factories\TestGameEngineFactory.cs(35,0): at Leds.GameEngine.UnitTests.Common.Factories.TestGameEngineFactory.CreateThresholdRoom(NodeEventType targetInitialEventType, Int32 depth)
[xUnit.net 00:00:00.34]         C:\Users\Thomas\source\repos\rpg_esi07\services\game-engine\tests\Leds.GameEngine.UnitTests\Common\Factories\TestGameEngineFactory.cs(136,0): at Leds.GameEngine.UnitTests.Common.Factories.TestGameEngineFactory.CreateRun(NodeEventType targetInitialEventType)
[xUnit.net 00:00:00.34]         C:\Users\Thomas\source\repos\rpg_esi07\services\game-engine\tests\Leds.GameEngine.UnitTests\Rewards\SelectReward\SelectRewardCommandHandlerTests.cs(158,0): at Leds.GameEngine.UnitTests.Rewards.SelectReward.SelectRewardCommandHandlerTests.Handle_ShouldThrow_WhenRewardOfferDoesNotExist()
[xUnit.net 00:00:00.34]         --- End of stack trace from previous location ---
  R├⌐ussi Leds.GameEngine.UnitTests.Combats.CombatInstanceTests.SubmitAction_ShouldApplyDamage_AndAdvanceTurn [< 1 ms]
  R├⌐ussi Leds.GameEngine.UnitTests.Rewards.RewardOfferTests.SelectChoice_ShouldTransitionToSelected [< 1 ms]
  R├⌐ussi Leds.GameEngine.UnitTests.Combats.CombatInstanceTests.SubmitAction_ShouldThrow_WhenItIsNotActorTurn [< 1 ms]
  R├⌐ussi Leds.GameEngine.UnitTests.Rewards.RewardOfferTests.Create_ShouldThrow_WhenNoChoices [< 1 ms]
  ├ëchou├⌐ Leds.GameEngine.UnitTests.Rewards.SelectReward.SelectRewardCommandHandlerTests.Handle_ShouldThrow_WhenRewardOfferDoesNotExist [1 ms]
  Message d'erreur┬á:
   Leds.GameEngine.Domain.Common.DomainException : Node connections must be between same or adjacent lanes only.
  Arborescence des appels de proc├⌐dure┬á:
     at Leds.GameEngine.Domain.Rooms.Room.EnsureNoCrossRowConnections(IReadOnlyCollection`1 nodes) in C:\Users\Thomas\source\repos\rpg_esi07\services\game-engine\src\Leds.GameEngine.Domain\Rooms\Room.cs:line 422
   at Leds.GameEngine.Domain.Rooms.Room.Create(Int32 depth, RoomType roomType, String theme, RoomBossProfile bossProfile, IEnumerable`1 nodes) in C:\Users\Thomas\source\repos\rpg_esi07\services\game-engine\src\Leds.GameEngine.Domain\Rooms\Room.cs:line 140
   at Leds.GameEngine.UnitTests.Common.Factories.TestGameEngineFactory.CreateThresholdRoomWithTargetInitialNode(NodeEventType targetInitialEventType, Int32 depth) in C:\Users\Thomas\source\repos\rpg_esi07\services\game-engine\tests\Leds.GameEngine.UnitTests\Common\Factories\TestGameEngineFactory.cs:line 115
   at Leds.GameEngine.UnitTests.Common.Factories.TestGameEngineFactory.CreateThresholdRoom(NodeEventType targetInitialEventType, Int32 depth) in C:\Users\Thomas\source\repos\rpg_esi07\services\game-engine\tests\Leds.GameEngine.UnitTests\Common\Factories\TestGameEngineFactory.cs:line 35
   at Leds.GameEngine.UnitTests.Common.Factories.TestGameEngineFactory.CreateRun(NodeEventType targetInitialEventType) in C:\Users\Thomas\source\repos\rpg_esi07\services\game-engine\tests\Leds.GameEngine.UnitTests\Common\Factories\TestGameEngineFactory.cs:line 136
   at Leds.GameEngine.UnitTests.Rewards.SelectReward.SelectRewardCommandHandlerTests.Handle_ShouldThrow_WhenRewardOfferDoesNotExist() in C:\Users\Thomas\source\repos\rpg_esi07\services\game-engine\tests\Leds.GameEngine.UnitTests\Rewards\SelectReward\SelectRewardCommandHandlerTests.cs:line 158
--- End of stack trace from previous location ---
  R├⌐ussi Leds.GameEngine.UnitTests.RoomMaps.MapRoomGeneratorTests.GenerateRoom_ShouldCreateFixedDefaultRowDistribution [2 ms]
[xUnit.net 00:00:00.34]       Leds.GameEngine.Domain.Common.DomainException : Node connections must be between same or adjacent lanes only.
[xUnit.net 00:00:00.34]       Stack Trace:
[xUnit.net 00:00:00.34]         C:\Users\Thomas\source\repos\rpg_esi07\services\game-engine\src\Leds.GameEngine.Domain\Rooms\Room.cs(422,0): at Leds.GameEngine.Domain.Rooms.Room.EnsureNoCrossRowConnections(IReadOnlyCollection`1 nodes)
[xUnit.net 00:00:00.34]         C:\Users\Thomas\source\repos\rpg_esi07\services\game-engine\src\Leds.GameEngine.Domain\Rooms\Room.cs(140,0): at Leds.GameEngine.Domain.Rooms.Room.Create(Int32 depth, RoomType roomType, String theme, RoomBossProfile bossProfile, IEnumerable`1 nodes)
[xUnit.net 00:00:00.34]         C:\Users\Thomas\source\repos\rpg_esi07\services\game-engine\tests\Leds.GameEngine.UnitTests\Common\Factories\TestGameEngineFactory.cs(115,0): at Leds.GameEngine.UnitTests.Common.Factories.TestGameEngineFactory.CreateThresholdRoomWithTargetInitialNode(NodeEventType targetInitialEventType, Int32 depth)
[xUnit.net 00:00:00.34]         C:\Users\Thomas\source\repos\rpg_esi07\services\game-engine\tests\Leds.GameEngine.UnitTests\Common\Factories\TestGameEngineFactory.cs(35,0): at Leds.GameEngine.UnitTests.Common.Factories.TestGameEngineFactory.CreateThresholdRoom(NodeEventType targetInitialEventType, Int32 depth)
[xUnit.net 00:00:00.34]         C:\Users\Thomas\source\repos\rpg_esi07\services\game-engine\tests\Leds.GameEngine.UnitTests\Common\Factories\TestGameEngineFactory.cs(136,0): at Leds.GameEngine.UnitTests.Common.Factories.TestGameEngineFactory.CreateRun(NodeEventType targetInitialEventType)
[xUnit.net 00:00:00.34]         C:\Users\Thomas\source\repos\rpg_esi07\services\game-engine\tests\Leds.GameEngine.UnitTests\Runs\RunCombatCompletionTests.cs(124,0): at Leds.GameEngine.UnitTests.Runs.RunCombatCompletionTests.CreateRunWithActiveCombat()
[xUnit.net 00:00:00.34]         C:\Users\Thomas\source\repos\rpg_esi07\services\game-engine\tests\Leds.GameEngine.UnitTests\Runs\RunCombatCompletionTests.cs(97,0): at Leds.GameEngine.UnitTests.Runs.RunCombatCompletionTests.CreateRunWithActiveCombatAndSelectedNode()
[xUnit.net 00:00:00.34]         C:\Users\Thomas\source\repos\rpg_esi07\services\game-engine\tests\Leds.GameEngine.UnitTests\Runs\RunCombatCompletionTests.cs(85,0): at Leds.GameEngine.UnitTests.Runs.RunCombatCompletionTests.FailActiveCombat_ShouldThrow_WhenCombatIdDoesNotMatch()
[xUnit.net 00:00:00.34]            at System.Reflection.MethodBaseInvoker.InterpretedInvoke_Method(Object obj, IntPtr* args)
[xUnit.net 00:00:00.34]            at System.Reflection.MethodBaseInvoker.InvokeWithNoArgs(Object obj, BindingFlags invokeAttr)
[xUnit.net 00:00:00.34]       Leds.GameEngine.Domain.Common.DomainException : Node connections must be between same or adjacent lanes only.
[xUnit.net 00:00:00.34]       Stack Trace:
[xUnit.net 00:00:00.34]         C:\Users\Thomas\source\repos\rpg_esi07\services\game-engine\src\Leds.GameEngine.Domain\Rooms\Room.cs(422,0): at Leds.GameEngine.Domain.Rooms.Room.EnsureNoCrossRowConnections(IReadOnlyCollection`1 nodes)
[xUnit.net 00:00:00.34]         C:\Users\Thomas\source\repos\rpg_esi07\services\game-engine\src\Leds.GameEngine.Domain\Rooms\Room.cs(140,0): at Leds.GameEngine.Domain.Rooms.Room.Create(Int32 depth, RoomType roomType, String theme, RoomBossProfile bossProfile, IEnumerable`1 nodes)
[xUnit.net 00:00:00.34]         C:\Users\Thomas\source\repos\rpg_esi07\services\game-engine\tests\Leds.GameEngine.UnitTests\Common\Factories\TestGameEngineFactory.cs(115,0): at Leds.GameEngine.UnitTests.Common.Factories.TestGameEngineFactory.CreateThresholdRoomWithTargetInitialNode(NodeEventType targetInitialEventType, Int32 depth)
[xUnit.net 00:00:00.34]         C:\Users\Thomas\source\repos\rpg_esi07\services\game-engine\tests\Leds.GameEngine.UnitTests\Common\Factories\TestGameEngineFactory.cs(35,0): at Leds.GameEngine.UnitTests.Common.Factories.TestGameEngineFactory.CreateThresholdRoom(NodeEventType targetInitialEventType, Int32 depth)
[xUnit.net 00:00:00.34]         C:\Users\Thomas\source\repos\rpg_esi07\services\game-engine\tests\Leds.GameEngine.UnitTests\Runs\StartRun\StartRunCommandHandlerTests.cs(18,0): at Leds.GameEngine.UnitTests.Runs.StartRun.StartRunCommandHandlerTests.Handle_ShouldCreateRun_AndPersistIt()
[xUnit.net 00:00:00.34]         --- End of stack trace from previous location ---
[xUnit.net 00:00:00.34]       Leds.GameEngine.Domain.Common.DomainException : Node connections must be between same or adjacent lanes only.
[xUnit.net 00:00:00.34]       Stack Trace:
[xUnit.net 00:00:00.34]         C:\Users\Thomas\source\repos\rpg_esi07\services\game-engine\src\Leds.GameEngine.Domain\Rooms\Room.cs(422,0): at Leds.GameEngine.Domain.Rooms.Room.EnsureNoCrossRowConnections(IReadOnlyCollection`1 nodes)
[xUnit.net 00:00:00.34]         C:\Users\Thomas\source\repos\rpg_esi07\services\game-engine\src\Leds.GameEngine.Domain\Rooms\Room.cs(140,0): at Leds.GameEngine.Domain.Rooms.Room.Create(Int32 depth, RoomType roomType, String theme, RoomBossProfile bossProfile, IEnumerable`1 nodes)
[xUnit.net 00:00:00.34]         C:\Users\Thomas\source\repos\rpg_esi07\services\game-engine\tests\Leds.GameEngine.UnitTests\Common\Factories\TestGameEngineFactory.cs(115,0): at Leds.GameEngine.UnitTests.Common.Factories.TestGameEngineFactory.CreateThresholdRoomWithTargetInitialNode(NodeEventType targetInitialEventType, Int32 depth)
[xUnit.net 00:00:00.34]         C:\Users\Thomas\source\repos\rpg_esi07\services\game-engine\tests\Leds.GameEngine.UnitTests\Common\Factories\TestGameEngineFactory.cs(35,0): at Leds.GameEngine.UnitTests.Common.Factories.TestGameEngineFactory.CreateThresholdRoom(NodeEventType targetInitialEventType, Int32 depth)
[xUnit.net 00:00:00.34]         C:\Users\Thomas\source\repos\rpg_esi07\services\game-engine\tests\Leds.GameEngine.UnitTests\Common\Factories\TestGameEngineFactory.cs(136,0): at Leds.GameEngine.UnitTests.Common.Factories.TestGameEngineFactory.CreateRun(NodeEventType targetInitialEventType)
[xUnit.net 00:00:00.34]         C:\Users\Thomas\source\repos\rpg_esi07\services\game-engine\tests\Leds.GameEngine.UnitTests\Runs\RunCombatCompletionTests.cs(36,0): at Leds.GameEngine.UnitTests.Runs.RunCombatCompletionTests.CompleteActiveCombat_ShouldThrow_WhenNoActiveCombat()
[xUnit.net 00:00:00.34]            at System.Reflection.MethodBaseInvoker.InterpretedInvoke_Method(Object obj, IntPtr* args)
[xUnit.net 00:00:00.34]            at System.Reflection.MethodBaseInvoker.InvokeWithNoArgs(Object obj, BindingFlags invokeAttr)
[xUnit.net 00:00:00.34]       Leds.GameEngine.Domain.Common.DomainException : Node connections must be between same or adjacent lanes only.
[xUnit.net 00:00:00.34]       Stack Trace:
[xUnit.net 00:00:00.34]         C:\Users\Thomas\source\repos\rpg_esi07\services\game-engine\src\Leds.GameEngine.Domain\Rooms\Room.cs(422,0): at Leds.GameEngine.Domain.Rooms.Room.EnsureNoCrossRowConnections(IReadOnlyCollection`1 nodes)
[xUnit.net 00:00:00.34]         C:\Users\Thomas\source\repos\rpg_esi07\services\game-engine\src\Leds.GameEngine.Domain\Rooms\Room.cs(140,0): at Leds.GameEngine.Domain.Rooms.Room.Create(Int32 depth, RoomType roomType, String theme, RoomBossProfile bossProfile, IEnumerable`1 nodes)
[xUnit.net 00:00:00.34]         C:\Users\Thomas\source\repos\rpg_esi07\services\game-engine\tests\Leds.GameEngine.UnitTests\Common\Factories\TestGameEngineFactory.cs(115,0): at Leds.GameEngine.UnitTests.Common.Factories.TestGameEngineFactory.CreateThresholdRoomWithTargetInitialNode(NodeEventType targetInitialEventType, Int32 depth)
[xUnit.net 00:00:00.34]         C:\Users\Thomas\source\repos\rpg_esi07\services\game-engine\tests\Leds.GameEngine.UnitTests\Common\Factories\TestGameEngineFactory.cs(35,0): at Leds.GameEngine.UnitTests.Common.Factories.TestGameEngineFactory.CreateThresholdRoom(NodeEventType targetInitialEventType, Int32 depth)
[xUnit.net 00:00:00.34]         C:\Users\Thomas\source\repos\rpg_esi07\services\game-engine\tests\Leds.GameEngine.UnitTests\Common\Factories\TestGameEngineFactory.cs(136,0): at Leds.GameEngine.UnitTests.Common.Factories.TestGameEngineFactory.CreateRun(NodeEventType targetInitialEventType)
[xUnit.net 00:00:00.34]         C:\Users\Thomas\source\repos\rpg_esi07\services\game-engine\tests\Leds.GameEngine.UnitTests\Runs\RunCombatCompletionTests.cs(124,0): at Leds.GameEngine.UnitTests.Runs.RunCombatCompletionTests.CreateRunWithActiveCombat()
[xUnit.net 00:00:00.34]         C:\Users\Thomas\source\repos\rpg_esi07\services\game-engine\tests\Leds.GameEngine.UnitTests\Runs\RunCombatCompletionTests.cs(97,0): at Leds.GameEngine.UnitTests.Runs.RunCombatCompletionTests.CreateRunWithActiveCombatAndSelectedNode()
[xUnit.net 00:00:00.34]         C:\Users\Thomas\source\repos\rpg_esi07\services\game-engine\tests\Leds.GameEngine.UnitTests\Runs\RunCombatCompletionTests.cs(48,0): at Leds.GameEngine.UnitTests.Runs.RunCombatCompletionTests.CompleteActiveCombat_ShouldThrow_WhenCombatIdDoesNotMatch()
[xUnit.net 00:00:00.34]            at System.Reflection.MethodBaseInvoker.InterpretedInvoke_Method(Object obj, IntPtr* args)
[xUnit.net 00:00:00.34]            at System.Reflection.MethodBaseInvoker.InvokeWithNoArgs(Object obj, BindingFlags invokeAttr)
  R├⌐ussi Leds.GameEngine.UnitTests.Events.ChooseEventOption.CurrentEventChoiceRequirementResolverTests.RequiresChoice_ShouldReturnTrue_WhenResolverExistsForNodeEventType [1 ms]
  R├⌐ussi Leds.GameEngine.UnitTests.Events.ChooseEventOption.CurrentEventChoiceRequirementResolverTests.RequiresChoice_ShouldReturnFalse_WhenNoResolverExistsForNodeEventType [< 1 ms]
  R├⌐ussi Leds.GameEngine.UnitTests.RoomMaps.MapRoomGeneratorTests.GenerateRoom_ShouldUseDefaultRoomMapLayoutTemplate [< 1 ms]
  ├ëchou├⌐ Leds.GameEngine.UnitTests.Runs.RunCombatCompletionTests.FailActiveCombat_ShouldThrow_WhenCombatIdDoesNotMatch [< 1 ms]
  Message d'erreur┬á:
   Leds.GameEngine.Domain.Common.DomainException : Node connections must be between same or adjacent lanes only.
  Arborescence des appels de proc├⌐dure┬á:
     at Leds.GameEngine.Domain.Rooms.Room.EnsureNoCrossRowConnections(IReadOnlyCollection`1 nodes) in C:\Users\Thomas\source\repos\rpg_esi07\services\game-engine\src\Leds.GameEngine.Domain\Rooms\Room.cs:line 422
   at Leds.GameEngine.Domain.Rooms.Room.Create(Int32 depth, RoomType roomType, String theme, RoomBossProfile bossProfile, IEnumerable`1 nodes) in C:\Users\Thomas\source\repos\rpg_esi07\services\game-engine\src\Leds.GameEngine.Domain\Rooms\Room.cs:line 140
   at Leds.GameEngine.UnitTests.Common.Factories.TestGameEngineFactory.CreateThresholdRoomWithTargetInitialNode(NodeEventType targetInitialEventType, Int32 depth) in C:\Users\Thomas\source\repos\rpg_esi07\services\game-engine\tests\Leds.GameEngine.UnitTests\Common\Factories\TestGameEngineFactory.cs:line 115
   at Leds.GameEngine.UnitTests.Common.Factories.TestGameEngineFactory.CreateThresholdRoom(NodeEventType targetInitialEventType, Int32 depth) in C:\Users\Thomas\source\repos\rpg_esi07\services\game-engine\tests\Leds.GameEngine.UnitTests\Common\Factories\TestGameEngineFactory.cs:line 35
   at Leds.GameEngine.UnitTests.Common.Factories.TestGameEngineFactory.CreateRun(NodeEventType targetInitialEventType) in C:\Users\Thomas\source\repos\rpg_esi07\services\game-engine\tests\Leds.GameEngine.UnitTests\Common\Factories\TestGameEngineFactory.cs:line 136
   at Leds.GameEngine.UnitTests.Runs.RunCombatCompletionTests.CreateRunWithActiveCombat() in C:\Users\Thomas\source\repos\rpg_esi07\services\game-engine\tests\Leds.GameEngine.UnitTests\Runs\RunCombatCompletionTests.cs:line 124
   at Leds.GameEngine.UnitTests.Runs.RunCombatCompletionTests.CreateRunWithActiveCombatAndSelectedNode() in C:\Users\Thomas\source\repos\rpg_esi07\services\game-engine\tests\Leds.GameEngine.UnitTests\Runs\RunCombatCompletionTests.cs:line 97
   at Leds.GameEngine.UnitTests.Runs.RunCombatCompletionTests.FailActiveCombat_ShouldThrow_WhenCombatIdDoesNotMatch() in C:\Users\Thomas\source\repos\rpg_esi07\services\game-engine\tests\Leds.GameEngine.UnitTests\Runs\RunCombatCompletionTests.cs:line 85
   at System.Reflection.MethodBaseInvoker.InterpretedInvoke_Method(Object obj, IntPtr* args)
   at System.Reflection.MethodBaseInvoker.InvokeWithNoArgs(Object obj, BindingFlags invokeAttr)
  ├ëchou├⌐ Leds.GameEngine.UnitTests.Runs.StartRun.StartRunCommandHandlerTests.Handle_ShouldCreateRun_AndPersistIt [3 ms]
  Message d'erreur┬á:
   Leds.GameEngine.Domain.Common.DomainException : Node connections must be between same or adjacent lanes only.
  Arborescence des appels de proc├⌐dure┬á:
     at Leds.GameEngine.Domain.Rooms.Room.EnsureNoCrossRowConnections(IReadOnlyCollection`1 nodes) in C:\Users\Thomas\source\repos\rpg_esi07\services\game-engine\src\Leds.GameEngine.Domain\Rooms\Room.cs:line 422
   at Leds.GameEngine.Domain.Rooms.Room.Create(Int32 depth, RoomType roomType, String theme, RoomBossProfile bossProfile, IEnumerable`1 nodes) in C:\Users\Thomas\source\repos\rpg_esi07\services\game-engine\src\Leds.GameEngine.Domain\Rooms\Room.cs:line 140
   at Leds.GameEngine.UnitTests.Common.Factories.TestGameEngineFactory.CreateThresholdRoomWithTargetInitialNode(NodeEventType targetInitialEventType, Int32 depth) in C:\Users\Thomas\source\repos\rpg_esi07\services\game-engine\tests\Leds.GameEngine.UnitTests\Common\Factories\TestGameEngineFactory.cs:line 115
   at Leds.GameEngine.UnitTests.Common.Factories.TestGameEngineFactory.CreateThresholdRoom(NodeEventType targetInitialEventType, Int32 depth) in C:\Users\Thomas\source\repos\rpg_esi07\services\game-engine\tests\Leds.GameEngine.UnitTests\Common\Factories\TestGameEngineFactory.cs:line 35
   at Leds.GameEngine.UnitTests.Runs.StartRun.StartRunCommandHandlerTests.Handle_ShouldCreateRun_AndPersistIt() in C:\Users\Thomas\source\repos\rpg_esi07\services\game-engine\tests\Leds.GameEngine.UnitTests\Runs\StartRun\StartRunCommandHandlerTests.cs:line 18
--- End of stack trace from previous location ---
  ├ëchou├⌐ Leds.GameEngine.UnitTests.Runs.RunCombatCompletionTests.CompleteActiveCombat_ShouldThrow_WhenNoActiveCombat [< 1 ms]
  Message d'erreur┬á:
   Leds.GameEngine.Domain.Common.DomainException : Node connections must be between same or adjacent lanes only.
  Arborescence des appels de proc├⌐dure┬á:
     at Leds.GameEngine.Domain.Rooms.Room.EnsureNoCrossRowConnections(IReadOnlyCollection`1 nodes) in C:\Users\Thomas\source\repos\rpg_esi07\services\game-engine\src\Leds.GameEngine.Domain\Rooms\Room.cs:line 422
   at Leds.GameEngine.Domain.Rooms.Room.Create(Int32 depth, RoomType roomType, String theme, RoomBossProfile bossProfile, IEnumerable`1 nodes) in C:\Users\Thomas\source\repos\rpg_esi07\services\game-engine\src\Leds.GameEngine.Domain\Rooms\Room.cs:line 140
   at Leds.GameEngine.UnitTests.Common.Factories.TestGameEngineFactory.CreateThresholdRoomWithTargetInitialNode(NodeEventType targetInitialEventType, Int32 depth) in C:\Users\Thomas\source\repos\rpg_esi07\services\game-engine\tests\Leds.GameEngine.UnitTests\Common\Factories\TestGameEngineFactory.cs:line 115
   at Leds.GameEngine.UnitTests.Common.Factories.TestGameEngineFactory.CreateThresholdRoom(NodeEventType targetInitialEventType, Int32 depth) in C:\Users\Thomas\source\repos\rpg_esi07\services\game-engine\tests\Leds.GameEngine.UnitTests\Common\Factories\TestGameEngineFactory.cs:line 35
   at Leds.GameEngine.UnitTests.Common.Factories.TestGameEngineFactory.CreateRun(NodeEventType targetInitialEventType) in C:\Users\Thomas\source\repos\rpg_esi07\services\game-engine\tests\Leds.GameEngine.UnitTests\Common\Factories\TestGameEngineFactory.cs:line 136
   at Leds.GameEngine.UnitTests.Runs.RunCombatCompletionTests.CompleteActiveCombat_ShouldThrow_WhenNoActiveCombat() in C:\Users\Thomas\source\repos\rpg_esi07\services\game-engine\tests\Leds.GameEngine.UnitTests\Runs\RunCombatCompletionTests.cs:line 36
   at System.Reflection.MethodBaseInvoker.InterpretedInvoke_Method(Object obj, IntPtr* args)
   at System.Reflection.MethodBaseInvoker.InvokeWithNoArgs(Object obj, BindingFlags invokeAttr)
  ├ëchou├⌐ Leds.GameEngine.UnitTests.Runs.RunCombatCompletionTests.CompleteActiveCombat_ShouldThrow_WhenCombatIdDoesNotMatch [< 1 ms]
  Message d'erreur┬á:
   Leds.GameEngine.Domain.Common.DomainException : Node connections must be between same or adjacent lanes only.
  Arborescence des appels de proc├⌐dure┬á:
     at Leds.GameEngine.Domain.Rooms.Room.EnsureNoCrossRowConnections(IReadOnlyCollection`1 nodes) in C:\Users\Thomas\source\repos\rpg_esi07\services\game-engine\src\Leds.GameEngine.Domain\Rooms\Room.cs:line 422
   at Leds.GameEngine.Domain.Rooms.Room.Create(Int32 depth, RoomType roomType, String theme, RoomBossProfile bossProfile, IEnumerable`1 nodes) in C:\Users\Thomas\source\repos\rpg_esi07\services\game-engine\src\Leds.GameEngine.Domain\Rooms\Room.cs:line 140
   at Leds.GameEngine.UnitTests.Common.Factories.TestGameEngineFactory.CreateThresholdRoomWithTargetInitialNode(NodeEventType targetInitialEventType, Int32 depth) in C:\Users\Thomas\source\repos\rpg_esi07\services\game-engine\tests\Leds.GameEngine.UnitTests\Common\Factories\TestGameEngineFactory.cs:line 115
   at Leds.GameEngine.UnitTests.Common.Factories.TestGameEngineFactory.CreateThresholdRoom(NodeEventType targetInitialEventType, Int32 depth) in C:\Users\Thomas\source\repos\rpg_esi07\services\game-engine\tests\Leds.GameEngine.UnitTests\Common\Factories\TestGameEngineFactory.cs:line 35
   at Leds.GameEngine.UnitTests.Common.Factories.TestGameEngineFactory.CreateRun(NodeEventType targetInitialEventType) in C:\Users\Thomas\source\repos\rpg_esi07\services\game-engine\tests\Leds.GameEngine.UnitTests\Common\Factories\TestGameEngineFactory.cs:line 136
   at Leds.GameEngine.UnitTests.Runs.RunCombatCompletionTests.CreateRunWithActiveCombat() in C:\Users\Thomas\source\repos\rpg_esi07\services\game-engine\tests\Leds.GameEngine.UnitTests\Runs\RunCombatCompletionTests.cs:line 124
   at Leds.GameEngine.UnitTests.Runs.RunCombatCompletionTests.CreateRunWithActiveCombatAndSelectedNode() in C:\Users\Thomas\source\repos\rpg_esi07\services\game-engine\tests\Leds.GameEngine.UnitTests\Runs\RunCombatCompletionTests.cs:line 97
   at Leds.GameEngine.UnitTests.Runs.RunCombatCompletionTests.CompleteActiveCombat_ShouldThrow_WhenCombatIdDoesNotMatch() in C:\Users\Thomas\source\repos\rpg_esi07\services\game-engine\tests\Leds.GameEngine.UnitTests\Runs\RunCombatCompletionTests.cs:line 48
   at System.Reflection.MethodBaseInvoker.InterpretedInvoke_Method(Object obj, IntPtr* args)
   at System.Reflection.MethodBaseInvoker.InvokeWithNoArgs(Object obj, BindingFlags invokeAttr)
[xUnit.net 00:00:00.35]       Leds.GameEngine.Domain.Common.DomainException : Node connections must be between same or adjacent lanes only.
[xUnit.net 00:00:00.35]       Stack Trace:
[xUnit.net 00:00:00.35]         C:\Users\Thomas\source\repos\rpg_esi07\services\game-engine\src\Leds.GameEngine.Domain\Rooms\Room.cs(422,0): at Leds.GameEngine.Domain.Rooms.Room.EnsureNoCrossRowConnections(IReadOnlyCollection`1 nodes)
[xUnit.net 00:00:00.35]         C:\Users\Thomas\source\repos\rpg_esi07\services\game-engine\src\Leds.GameEngine.Domain\Rooms\Room.cs(140,0): at Leds.GameEngine.Domain.Rooms.Room.Create(Int32 depth, RoomType roomType, String theme, RoomBossProfile bossProfile, IEnumerable`1 nodes)
[xUnit.net 00:00:00.35]         C:\Users\Thomas\source\repos\rpg_esi07\services\game-engine\tests\Leds.GameEngine.UnitTests\Common\Factories\TestGameEngineFactory.cs(115,0): at Leds.GameEngine.UnitTests.Common.Factories.TestGameEngineFactory.CreateThresholdRoomWithTargetInitialNode(NodeEventType targetInitialEventType, Int32 depth)
[xUnit.net 00:00:00.35]         C:\Users\Thomas\source\repos\rpg_esi07\services\game-engine\tests\Leds.GameEngine.UnitTests\Common\Factories\TestGameEngineFactory.cs(35,0): at Leds.GameEngine.UnitTests.Common.Factories.TestGameEngineFactory.CreateThresholdRoom(NodeEventType targetInitialEventType, Int32 depth)
[xUnit.net 00:00:00.35]         C:\Users\Thomas\source\repos\rpg_esi07\services\game-engine\tests\Leds.GameEngine.UnitTests\Common\Factories\TestGameEngineFactory.cs(136,0): at Leds.GameEngine.UnitTests.Common.Factories.TestGameEngineFactory.CreateRun(NodeEventType targetInitialEventType)
[xUnit.net 00:00:00.35]         C:\Users\Thomas\source\repos\rpg_esi07\services\game-engine\tests\Leds.GameEngine.UnitTests\Runs\RunCombatCompletionTests.cs(73,0): at Leds.GameEngine.UnitTests.Runs.RunCombatCompletionTests.FailActiveCombat_ShouldThrow_WhenNoActiveCombat()
[xUnit.net 00:00:00.35]            at System.Reflection.MethodBaseInvoker.InterpretedInvoke_Method(Object obj, IntPtr* args)
[xUnit.net 00:00:00.35]            at System.Reflection.MethodBaseInvoker.InvokeWithNoArgs(Object obj, BindingFlags invokeAttr)
[xUnit.net 00:00:00.35]       Leds.GameEngine.Domain.Common.DomainException : Node connections must be between same or adjacent lanes only.
[xUnit.net 00:00:00.35]       Stack Trace:
[xUnit.net 00:00:00.35]         C:\Users\Thomas\source\repos\rpg_esi07\services\game-engine\src\Leds.GameEngine.Domain\Rooms\Room.cs(422,0): at Leds.GameEngine.Domain.Rooms.Room.EnsureNoCrossRowConnections(IReadOnlyCollection`1 nodes)
[xUnit.net 00:00:00.35]         C:\Users\Thomas\source\repos\rpg_esi07\services\game-engine\src\Leds.GameEngine.Domain\Rooms\Room.cs(140,0): at Leds.GameEngine.Domain.Rooms.Room.Create(Int32 depth, RoomType roomType, String theme, RoomBossProfile bossProfile, IEnumerable`1 nodes)
[xUnit.net 00:00:00.35]         C:\Users\Thomas\source\repos\rpg_esi07\services\game-engine\tests\Leds.GameEngine.UnitTests\Common\Factories\TestGameEngineFactory.cs(115,0): at Leds.GameEngine.UnitTests.Common.Factories.TestGameEngineFactory.CreateThresholdRoomWithTargetInitialNode(NodeEventType targetInitialEventType, Int32 depth)
[xUnit.net 00:00:00.35]         C:\Users\Thomas\source\repos\rpg_esi07\services\game-engine\tests\Leds.GameEngine.UnitTests\Common\Factories\TestGameEngineFactory.cs(35,0): at Leds.GameEngine.UnitTests.Common.Factories.TestGameEngineFactory.CreateThresholdRoom(NodeEventType targetInitialEventType, Int32 depth)
[xUnit.net 00:00:00.35]         C:\Users\Thomas\source\repos\rpg_esi07\services\game-engine\tests\Leds.GameEngine.UnitTests\Common\Factories\TestGameEngineFactory.cs(136,0): at Leds.GameEngine.UnitTests.Common.Factories.TestGameEngineFactory.CreateRun(NodeEventType targetInitialEventType)
[xUnit.net 00:00:00.35]         C:\Users\Thomas\source\repos\rpg_esi07\services\game-engine\tests\Leds.GameEngine.UnitTests\Runs\RunCombatCompletionTests.cs(124,0): at Leds.GameEngine.UnitTests.Runs.RunCombatCompletionTests.CreateRunWithActiveCombat()
[xUnit.net 00:00:00.35]         C:\Users\Thomas\source\repos\rpg_esi07\services\game-engine\tests\Leds.GameEngine.UnitTests\Runs\RunCombatCompletionTests.cs(97,0): at Leds.GameEngine.UnitTests.Runs.RunCombatCompletionTests.CreateRunWithActiveCombatAndSelectedNode()
[xUnit.net 00:00:00.35]         C:\Users\Thomas\source\repos\rpg_esi07\services\game-engine\tests\Leds.GameEngine.UnitTests\Runs\RunCombatCompletionTests.cs(26,0): at Leds.GameEngine.UnitTests.Runs.RunCombatCompletionTests.CompleteActiveCombat_ShouldResolveCurrentEvent()
[xUnit.net 00:00:00.35]            at System.Reflection.MethodBaseInvoker.InterpretedInvoke_Method(Object obj, IntPtr* args)
[xUnit.net 00:00:00.35]            at System.Reflection.MethodBaseInvoker.InvokeWithNoArgs(Object obj, BindingFlags invokeAttr)
[xUnit.net 00:00:00.35]       Leds.GameEngine.Domain.Common.DomainException : Node connections must be between same or adjacent lanes only.
[xUnit.net 00:00:00.35]       Stack Trace:
[xUnit.net 00:00:00.35]         C:\Users\Thomas\source\repos\rpg_esi07\services\game-engine\src\Leds.GameEngine.Domain\Rooms\Room.cs(422,0): at Leds.GameEngine.Domain.Rooms.Room.EnsureNoCrossRowConnections(IReadOnlyCollection`1 nodes)
[xUnit.net 00:00:00.35]         C:\Users\Thomas\source\repos\rpg_esi07\services\game-engine\src\Leds.GameEngine.Domain\Rooms\Room.cs(140,0): at Leds.GameEngine.Domain.Rooms.Room.Create(Int32 depth, RoomType roomType, String theme, RoomBossProfile bossProfile, IEnumerable`1 nodes)
[xUnit.net 00:00:00.35]         C:\Users\Thomas\source\repos\rpg_esi07\services\game-engine\tests\Leds.GameEngine.UnitTests\Common\Factories\TestGameEngineFactory.cs(115,0): at Leds.GameEngine.UnitTests.Common.Factories.TestGameEngineFactory.CreateThresholdRoomWithTargetInitialNode(NodeEventType targetInitialEventType, Int32 depth)
[xUnit.net 00:00:00.35]         C:\Users\Thomas\source\repos\rpg_esi07\services\game-engine\tests\Leds.GameEngine.UnitTests\Common\Factories\TestGameEngineFactory.cs(35,0): at Leds.GameEngine.UnitTests.Common.Factories.TestGameEngineFactory.CreateThresholdRoom(NodeEventType targetInitialEventType, Int32 depth)
[xUnit.net 00:00:00.35]         C:\Users\Thomas\source\repos\rpg_esi07\services\game-engine\tests\Leds.GameEngine.UnitTests\Common\Factories\TestGameEngineFactory.cs(136,0): at Leds.GameEngine.UnitTests.Common.Factories.TestGameEngineFactory.CreateRun(NodeEventType targetInitialEventType)
[xUnit.net 00:00:00.35]         C:\Users\Thomas\source\repos\rpg_esi07\services\game-engine\tests\Leds.GameEngine.UnitTests\Runs\RunCombatCompletionTests.cs(124,0): at Leds.GameEngine.UnitTests.Runs.RunCombatCompletionTests.CreateRunWithActiveCombat()
[xUnit.net 00:00:00.35]         C:\Users\Thomas\source\repos\rpg_esi07\services\game-engine\tests\Leds.GameEngine.UnitTests\Runs\RunCombatCompletionTests.cs(97,0): at Leds.GameEngine.UnitTests.Runs.RunCombatCompletionTests.CreateRunWithActiveCombatAndSelectedNode()
[xUnit.net 00:00:00.35]         C:\Users\Thomas\source\repos\rpg_esi07\services\game-engine\tests\Leds.GameEngine.UnitTests\Runs\RunCombatCompletionTests.cs(61,0): at Leds.GameEngine.UnitTests.Runs.RunCombatCompletionTests.FailActiveCombat_ShouldSetRunToFailed()
[xUnit.net 00:00:00.35]            at System.Reflection.MethodBaseInvoker.InterpretedInvoke_Method(Object obj, IntPtr* args)
[xUnit.net 00:00:00.35]            at System.Reflection.MethodBaseInvoker.InvokeWithNoArgs(Object obj, BindingFlags invokeAttr)
[xUnit.net 00:00:00.35]       Leds.GameEngine.Domain.Common.DomainException : Node connections must be between same or adjacent lanes only.
[xUnit.net 00:00:00.35]       Stack Trace:
[xUnit.net 00:00:00.35]         C:\Users\Thomas\source\repos\rpg_esi07\services\game-engine\src\Leds.GameEngine.Domain\Rooms\Room.cs(422,0): at Leds.GameEngine.Domain.Rooms.Room.EnsureNoCrossRowConnections(IReadOnlyCollection`1 nodes)
[xUnit.net 00:00:00.35]         C:\Users\Thomas\source\repos\rpg_esi07\services\game-engine\src\Leds.GameEngine.Domain\Rooms\Room.cs(140,0): at Leds.GameEngine.Domain.Rooms.Room.Create(Int32 depth, RoomType roomType, String theme, RoomBossProfile bossProfile, IEnumerable`1 nodes)
[xUnit.net 00:00:00.35]         C:\Users\Thomas\source\repos\rpg_esi07\services\game-engine\tests\Leds.GameEngine.UnitTests\Common\Factories\TestGameEngineFactory.cs(115,0): at Leds.GameEngine.UnitTests.Common.Factories.TestGameEngineFactory.CreateThresholdRoomWithTargetInitialNode(NodeEventType targetInitialEventType, Int32 depth)
[xUnit.net 00:00:00.35]         C:\Users\Thomas\source\repos\rpg_esi07\services\game-engine\tests\Leds.GameEngine.UnitTests\Common\Factories\TestGameEngineFactory.cs(35,0): at Leds.GameEngine.UnitTests.Common.Factories.TestGameEngineFactory.CreateThresholdRoom(NodeEventType targetInitialEventType, Int32 depth)
[xUnit.net 00:00:00.35]         C:\Users\Thomas\source\repos\rpg_esi07\services\game-engine\tests\Leds.GameEngine.UnitTests\Common\Factories\TestGameEngineFactory.cs(136,0): at Leds.GameEngine.UnitTests.Common.Factories.TestGameEngineFactory.CreateRun(NodeEventType targetInitialEventType)
[xUnit.net 00:00:00.35]         C:\Users\Thomas\source\repos\rpg_esi07\services\game-engine\tests\Leds.GameEngine.UnitTests\Runs\RunCombatCompletionTests.cs(124,0): at Leds.GameEngine.UnitTests.Runs.RunCombatCompletionTests.CreateRunWithActiveCombat()
[xUnit.net 00:00:00.35]         C:\Users\Thomas\source\repos\rpg_esi07\services\game-engine\tests\Leds.GameEngine.UnitTests\Runs\RunCombatCompletionTests.cs(97,0): at Leds.GameEngine.UnitTests.Runs.RunCombatCompletionTests.CreateRunWithActiveCombatAndSelectedNode()
[xUnit.net 00:00:00.35]         C:\Users\Thomas\source\repos\rpg_esi07\services\game-engine\tests\Leds.GameEngine.UnitTests\Runs\RunCombatCompletionTests.cs(15,0): at Leds.GameEngine.UnitTests.Runs.RunCombatCompletionTests.CompleteActiveCombat_ShouldClearActiveCombatId()
[xUnit.net 00:00:00.35]            at System.Reflection.MethodBaseInvoker.InterpretedInvoke_Method(Object obj, IntPtr* args)
[xUnit.net 00:00:00.35]            at System.Reflection.MethodBaseInvoker.InvokeWithNoArgs(Object obj, BindingFlags invokeAttr)
  ├ëchou├⌐ Leds.GameEngine.UnitTests.Runs.RunCombatCompletionTests.FailActiveCombat_ShouldThrow_WhenNoActiveCombat [< 1 ms]
  Message d'erreur┬á:
   Leds.GameEngine.Domain.Common.DomainException : Node connections must be between same or adjacent lanes only.
  Arborescence des appels de proc├⌐dure┬á:
     at Leds.GameEngine.Domain.Rooms.Room.EnsureNoCrossRowConnections(IReadOnlyCollection`1 nodes) in C:\Users\Thomas\source\repos\rpg_esi07\services\game-engine\src\Leds.GameEngine.Domain\Rooms\Room.cs:line 422
   at Leds.GameEngine.Domain.Rooms.Room.Create(Int32 depth, RoomType roomType, String theme, RoomBossProfile bossProfile, IEnumerable`1 nodes) in C:\Users\Thomas\source\repos\rpg_esi07\services\game-engine\src\Leds.GameEngine.Domain\Rooms\Room.cs:line 140
   at Leds.GameEngine.UnitTests.Common.Factories.TestGameEngineFactory.CreateThresholdRoomWithTargetInitialNode(NodeEventType targetInitialEventType, Int32 depth) in C:\Users\Thomas\source\repos\rpg_esi07\services\game-engine\tests\Leds.GameEngine.UnitTests\Common\Factories\TestGameEngineFactory.cs:line 115
   at Leds.GameEngine.UnitTests.Common.Factories.TestGameEngineFactory.CreateThresholdRoom(NodeEventType targetInitialEventType, Int32 depth) in C:\Users\Thomas\source\repos\rpg_esi07\services\game-engine\tests\Leds.GameEngine.UnitTests\Common\Factories\TestGameEngineFactory.cs:line 35
   at Leds.GameEngine.UnitTests.Common.Factories.TestGameEngineFactory.CreateRun(NodeEventType targetInitialEventType) in C:\Users\Thomas\source\repos\rpg_esi07\services\game-engine\tests\Leds.GameEngine.UnitTests\Common\Factories\TestGameEngineFactory.cs:line 136
   at Leds.GameEngine.UnitTests.Runs.RunCombatCompletionTests.FailActiveCombat_ShouldThrow_WhenNoActiveCombat() in C:\Users\Thomas\source\repos\rpg_esi07\services\game-engine\tests\Leds.GameEngine.UnitTests\Runs\RunCombatCompletionTests.cs:line 73
   at System.Reflection.MethodBaseInvoker.InterpretedInvoke_Method(Object obj, IntPtr* args)
   at System.Reflection.MethodBaseInvoker.InvokeWithNoArgs(Object obj, BindingFlags invokeAttr)
  R├⌐ussi Leds.GameEngine.UnitTests.Markov.MarkovStateDistributionTests.FromSingleState_ShouldThrow_WhenActiveStateIsUnknown [1 ms]
  ├ëchou├⌐ Leds.GameEngine.UnitTests.Runs.RunCombatCompletionTests.CompleteActiveCombat_ShouldResolveCurrentEvent [< 1 ms]
  Message d'erreur┬á:
   Leds.GameEngine.Domain.Common.DomainException : Node connections must be between same or adjacent lanes only.
  Arborescence des appels de proc├⌐dure┬á:
     at Leds.GameEngine.Domain.Rooms.Room.EnsureNoCrossRowConnections(IReadOnlyCollection`1 nodes) in C:\Users\Thomas\source\repos\rpg_esi07\services\game-engine\src\Leds.GameEngine.Domain\Rooms\Room.cs:line 422
   at Leds.GameEngine.Domain.Rooms.Room.Create(Int32 depth, RoomType roomType, String theme, RoomBossProfile bossProfile, IEnumerable`1 nodes) in C:\Users\Thomas\source\repos\rpg_esi07\services\game-engine\src\Leds.GameEngine.Domain\Rooms\Room.cs:line 140
   at Leds.GameEngine.UnitTests.Common.Factories.TestGameEngineFactory.CreateThresholdRoomWithTargetInitialNode(NodeEventType targetInitialEventType, Int32 depth) in C:\Users\Thomas\source\repos\rpg_esi07\services\game-engine\tests\Leds.GameEngine.UnitTests\Common\Factories\TestGameEngineFactory.cs:line 115
   at Leds.GameEngine.UnitTests.Common.Factories.TestGameEngineFactory.CreateThresholdRoom(NodeEventType targetInitialEventType, Int32 depth) in C:\Users\Thomas\source\repos\rpg_esi07\services\game-engine\tests\Leds.GameEngine.UnitTests\Common\Factories\TestGameEngineFactory.cs:line 35
   at Leds.GameEngine.UnitTests.Common.Factories.TestGameEngineFactory.CreateRun(NodeEventType targetInitialEventType) in C:\Users\Thomas\source\repos\rpg_esi07\services\game-engine\tests\Leds.GameEngine.UnitTests\Common\Factories\TestGameEngineFactory.cs:line 136
   at Leds.GameEngine.UnitTests.Runs.RunCombatCompletionTests.CreateRunWithActiveCombat() in C:\Users\Thomas\source\repos\rpg_esi07\services\game-engine\tests\Leds.GameEngine.UnitTests\Runs\RunCombatCompletionTests.cs:line 124
   at Leds.GameEngine.UnitTests.Runs.RunCombatCompletionTests.CreateRunWithActiveCombatAndSelectedNode() in C:\Users\Thomas\source\repos\rpg_esi07\services\game-engine\tests\Leds.GameEngine.UnitTests\Runs\RunCombatCompletionTests.cs:line 97
   at Leds.GameEngine.UnitTests.Runs.RunCombatCompletionTests.CompleteActiveCombat_ShouldResolveCurrentEvent() in C:\Users\Thomas\source\repos\rpg_esi07\services\game-engine\tests\Leds.GameEngine.UnitTests\Runs\RunCombatCompletionTests.cs:line 26
   at System.Reflection.MethodBaseInvoker.InterpretedInvoke_Method(Object obj, IntPtr* args)
   at System.Reflection.MethodBaseInvoker.InvokeWithNoArgs(Object obj, BindingFlags invokeAttr)
  R├⌐ussi Leds.GameEngine.UnitTests.Markov.MarkovStateDistributionTests.Create_ShouldThrow_WhenDistributionIsEmpty [< 1 ms]
  ├ëchou├⌐ Leds.GameEngine.UnitTests.Runs.RunCombatCompletionTests.FailActiveCombat_ShouldSetRunToFailed [< 1 ms]
  Message d'erreur┬á:
   Leds.GameEngine.Domain.Common.DomainException : Node connections must be between same or adjacent lanes only.
  Arborescence des appels de proc├⌐dure┬á:
     at Leds.GameEngine.Domain.Rooms.Room.EnsureNoCrossRowConnections(IReadOnlyCollection`1 nodes) in C:\Users\Thomas\source\repos\rpg_esi07\services\game-engine\src\Leds.GameEngine.Domain\Rooms\Room.cs:line 422
   at Leds.GameEngine.Domain.Rooms.Room.Create(Int32 depth, RoomType roomType, String theme, RoomBossProfile bossProfile, IEnumerable`1 nodes) in C:\Users\Thomas\source\repos\rpg_esi07\services\game-engine\src\Leds.GameEngine.Domain\Rooms\Room.cs:line 140
   at Leds.GameEngine.UnitTests.Common.Factories.TestGameEngineFactory.CreateThresholdRoomWithTargetInitialNode(NodeEventType targetInitialEventType, Int32 depth) in C:\Users\Thomas\source\repos\rpg_esi07\services\game-engine\tests\Leds.GameEngine.UnitTests\Common\Factories\TestGameEngineFactory.cs:line 115
   at Leds.GameEngine.UnitTests.Common.Factories.TestGameEngineFactory.CreateThresholdRoom(NodeEventType targetInitialEventType, Int32 depth) in C:\Users\Thomas\source\repos\rpg_esi07\services\game-engine\tests\Leds.GameEngine.UnitTests\Common\Factories\TestGameEngineFactory.cs:line 35
   at Leds.GameEngine.UnitTests.Common.Factories.TestGameEngineFactory.CreateRun(NodeEventType targetInitialEventType) in C:\Users\Thomas\source\repos\rpg_esi07\services\game-engine\tests\Leds.GameEngine.UnitTests\Common\Factories\TestGameEngineFactory.cs:line 136
   at Leds.GameEngine.UnitTests.Runs.RunCombatCompletionTests.CreateRunWithActiveCombat() in C:\Users\Thomas\source\repos\rpg_esi07\services\game-engine\tests\Leds.GameEngine.UnitTests\Runs\RunCombatCompletionTests.cs:line 124
   at Leds.GameEngine.UnitTests.Runs.RunCombatCompletionTests.CreateRunWithActiveCombatAndSelectedNode() in C:\Users\Thomas\source\repos\rpg_esi07\services\game-engine\tests\Leds.GameEngine.UnitTests\Runs\RunCombatCompletionTests.cs:line 97
   at Leds.GameEngine.UnitTests.Runs.RunCombatCompletionTests.FailActiveCombat_ShouldSetRunToFailed() in C:\Users\Thomas\source\repos\rpg_esi07\services\game-engine\tests\Leds.GameEngine.UnitTests\Runs\RunCombatCompletionTests.cs:line 61
   at System.Reflection.MethodBaseInvoker.InterpretedInvoke_Method(Object obj, IntPtr* args)
   at System.Reflection.MethodBaseInvoker.InvokeWithNoArgs(Object obj, BindingFlags invokeAttr)
  ├ëchou├⌐ Leds.GameEngine.UnitTests.Runs.RunCombatCompletionTests.CompleteActiveCombat_ShouldClearActiveCombatId [< 1 ms]
  Message d'erreur┬á:
   Leds.GameEngine.Domain.Common.DomainException : Node connections must be between same or adjacent lanes only.
  Arborescence des appels de proc├⌐dure┬á:
     at Leds.GameEngine.Domain.Rooms.Room.EnsureNoCrossRowConnections(IReadOnlyCollection`1 nodes) in C:\Users\Thomas\source\repos\rpg_esi07\services\game-engine\src\Leds.GameEngine.Domain\Rooms\Room.cs:line 422
   at Leds.GameEngine.Domain.Rooms.Room.Create(Int32 depth, RoomType roomType, String theme, RoomBossProfile bossProfile, IEnumerable`1 nodes) in C:\Users\Thomas\source\repos\rpg_esi07\services\game-engine\src\Leds.GameEngine.Domain\Rooms\Room.cs:line 140
   at Leds.GameEngine.UnitTests.Common.Factories.TestGameEngineFactory.CreateThresholdRoomWithTargetInitialNode(NodeEventType targetInitialEventType, Int32 depth) in C:\Users\Thomas\source\repos\rpg_esi07\services\game-engine\tests\Leds.GameEngine.UnitTests\Common\Factories\TestGameEngineFactory.cs:line 115
   at Leds.GameEngine.UnitTests.Common.Factories.TestGameEngineFactory.CreateThresholdRoom(NodeEventType targetInitialEventType, Int32 depth) in C:\Users\Thomas\source\repos\rpg_esi07\services\game-engine\tests\Leds.GameEngine.UnitTests\Common\Factories\TestGameEngineFactory.cs:line 35
   at Leds.GameEngine.UnitTests.Common.Factories.TestGameEngineFactory.CreateRun(NodeEventType targetInitialEventType) in C:\Users\Thomas\source\repos\rpg_esi07\services\game-engine\tests\Leds.GameEngine.UnitTests\Common\Factories\TestGameEngineFactory.cs:line 136
   at Leds.GameEngine.UnitTests.Runs.RunCombatCompletionTests.CreateRunWithActiveCombat() in C:\Users\Thomas\source\repos\rpg_esi07\services\game-engine\tests\Leds.GameEngine.UnitTests\Runs\RunCombatCompletionTests.cs:line 124
   at Leds.GameEngine.UnitTests.Runs.RunCombatCompletionTests.CreateRunWithActiveCombatAndSelectedNode() in C:\Users\Thomas\source\repos\rpg_esi07\services\game-engine\tests\Leds.GameEngine.UnitTests\Runs\RunCombatCompletionTests.cs:line 97
   at Leds.GameEngine.UnitTests.Runs.RunCombatCompletionTests.CompleteActiveCombat_ShouldClearActiveCombatId() in C:\Users\Thomas\source\repos\rpg_esi07\services\game-engine\tests\Leds.GameEngine.UnitTests\Runs\RunCombatCompletionTests.cs:line 15
   at System.Reflection.MethodBaseInvoker.InterpretedInvoke_Method(Object obj, IntPtr* args)
   at System.Reflection.MethodBaseInvoker.InvokeWithNoArgs(Object obj, BindingFlags invokeAttr)
  R├⌐ussi Leds.GameEngine.UnitTests.Markov.MarkovStateDistributionTests.FromSingleState_ShouldCreateDiracDistribution [< 1 ms]
  R├⌐ussi Leds.GameEngine.UnitTests.Markov.MarkovStateDistributionTests.Create_ShouldThrow_WhenDistributionDoesNotSumToOne [3 ms]
[xUnit.net 00:00:00.35]       Leds.GameEngine.Domain.Common.DomainException : Node connections must be between same or adjacent lanes only.
[xUnit.net 00:00:00.35]       Stack Trace:
[xUnit.net 00:00:00.35]         C:\Users\Thomas\source\repos\rpg_esi07\services\game-engine\src\Leds.GameEngine.Domain\Rooms\Room.cs(422,0): at Leds.GameEngine.Domain.Rooms.Room.EnsureNoCrossRowConnections(IReadOnlyCollection`1 nodes)
[xUnit.net 00:00:00.35]         C:\Users\Thomas\source\repos\rpg_esi07\services\game-engine\src\Leds.GameEngine.Domain\Rooms\Room.cs(140,0): at Leds.GameEngine.Domain.Rooms.Room.Create(Int32 depth, RoomType roomType, String theme, RoomBossProfile bossProfile, IEnumerable`1 nodes)
[xUnit.net 00:00:00.35]         C:\Users\Thomas\source\repos\rpg_esi07\services\game-engine\tests\Leds.GameEngine.UnitTests\Common\Factories\TestGameEngineFactory.cs(115,0): at Leds.GameEngine.UnitTests.Common.Factories.TestGameEngineFactory.CreateThresholdRoomWithTargetInitialNode(NodeEventType targetInitialEventType, Int32 depth)
[xUnit.net 00:00:00.35]         C:\Users\Thomas\source\repos\rpg_esi07\services\game-engine\tests\Leds.GameEngine.UnitTests\Common\Factories\TestGameEngineFactory.cs(35,0): at Leds.GameEngine.UnitTests.Common.Factories.TestGameEngineFactory.CreateThresholdRoom(NodeEventType targetInitialEventType, Int32 depth)
[xUnit.net 00:00:00.35]         C:\Users\Thomas\source\repos\rpg_esi07\services\game-engine\tests\Leds.GameEngine.UnitTests\Common\Factories\TestGameEngineFactory.cs(136,0): at Leds.GameEngine.UnitTests.Common.Factories.TestGameEngineFactory.CreateRun(NodeEventType targetInitialEventType)
[xUnit.net 00:00:00.35]         C:\Users\Thomas\source\repos\rpg_esi07\services\game-engine\tests\Leds.GameEngine.UnitTests\Common\Factories\TestGameEngineFactory.cs(188,0): at Leds.GameEngine.UnitTests.Common.Factories.TestGameEngineFactory.CreateRunWithCompletedCurrentRoom()
[xUnit.net 00:00:00.35]         C:\Users\Thomas\source\repos\rpg_esi07\services\game-engine\tests\Leds.GameEngine.UnitTests\Runs\MoveToNextRoom\MoveToNextRoomCommandHandlerTests.cs(17,0): at Leds.GameEngine.UnitTests.Runs.MoveToNextRoom.MoveToNextRoomCommandHandlerTests.Handle_ShouldMoveRunToNextRoom_WhenCurrentRoomIsCompleted()
[xUnit.net 00:00:00.35]         --- End of stack trace from previous location ---
[xUnit.net 00:00:00.35]       Leds.GameEngine.Domain.Common.DomainException : Node connections must be between same or adjacent lanes only.
[xUnit.net 00:00:00.35]       Stack Trace:
[xUnit.net 00:00:00.35]         C:\Users\Thomas\source\repos\rpg_esi07\services\game-engine\src\Leds.GameEngine.Domain\Rooms\Room.cs(422,0): at Leds.GameEngine.Domain.Rooms.Room.EnsureNoCrossRowConnections(IReadOnlyCollection`1 nodes)
[xUnit.net 00:00:00.35]         C:\Users\Thomas\source\repos\rpg_esi07\services\game-engine\src\Leds.GameEngine.Domain\Rooms\Room.cs(140,0): at Leds.GameEngine.Domain.Rooms.Room.Create(Int32 depth, RoomType roomType, String theme, RoomBossProfile bossProfile, IEnumerable`1 nodes)
[xUnit.net 00:00:00.35]         C:\Users\Thomas\source\repos\rpg_esi07\services\game-engine\tests\Leds.GameEngine.UnitTests\Common\Factories\TestGameEngineFactory.cs(115,0): at Leds.GameEngine.UnitTests.Common.Factories.TestGameEngineFactory.CreateThresholdRoomWithTargetInitialNode(NodeEventType targetInitialEventType, Int32 depth)
[xUnit.net 00:00:00.35]         C:\Users\Thomas\source\repos\rpg_esi07\services\game-engine\tests\Leds.GameEngine.UnitTests\Common\Factories\TestGameEngineFactory.cs(35,0): at Leds.GameEngine.UnitTests.Common.Factories.TestGameEngineFactory.CreateThresholdRoom(NodeEventType targetInitialEventType, Int32 depth)
[xUnit.net 00:00:00.35]         C:\Users\Thomas\source\repos\rpg_esi07\services\game-engine\tests\Leds.GameEngine.UnitTests\Common\Factories\TestGameEngineFactory.cs(136,0): at Leds.GameEngine.UnitTests.Common.Factories.TestGameEngineFactory.CreateRun(NodeEventType targetInitialEventType)
[xUnit.net 00:00:00.35]         C:\Users\Thomas\source\repos\rpg_esi07\services\game-engine\tests\Leds.GameEngine.UnitTests\Runs\AbandonRun\AbandonRunCommandHandlerTests.cs(17,0): at Leds.GameEngine.UnitTests.Runs.AbandonRun.AbandonRunCommandHandlerTests.Handle_ShouldAbandonRun_AndPersistIt()
[xUnit.net 00:00:00.35]         --- End of stack trace from previous location ---
  R├⌐ussi Leds.GameEngine.UnitTests.Markov.MarkovStateDistributionTests.Create_ShouldThrow_WhenProbabilityIsGreaterThanOne [< 1 ms]
  ├ëchou├⌐ Leds.GameEngine.UnitTests.Runs.MoveToNextRoom.MoveToNextRoomCommandHandlerTests.Handle_ShouldMoveRunToNextRoom_WhenCurrentRoomIsCompleted [4 ms]
  Message d'erreur┬á:
   Leds.GameEngine.Domain.Common.DomainException : Node connections must be between same or adjacent lanes only.
  Arborescence des appels de proc├⌐dure┬á:
     at Leds.GameEngine.Domain.Rooms.Room.EnsureNoCrossRowConnections(IReadOnlyCollection`1 nodes) in C:\Users\Thomas\source\repos\rpg_esi07\services\game-engine\src\Leds.GameEngine.Domain\Rooms\Room.cs:line 422
   at Leds.GameEngine.Domain.Rooms.Room.Create(Int32 depth, RoomType roomType, String theme, RoomBossProfile bossProfile, IEnumerable`1 nodes) in C:\Users\Thomas\source\repos\rpg_esi07\services\game-engine\src\Leds.GameEngine.Domain\Rooms\Room.cs:line 140
   at Leds.GameEngine.UnitTests.Common.Factories.TestGameEngineFactory.CreateThresholdRoomWithTargetInitialNode(NodeEventType targetInitialEventType, Int32 depth) in C:\Users\Thomas\source\repos\rpg_esi07\services\game-engine\tests\Leds.GameEngine.UnitTests\Common\Factories\TestGameEngineFactory.cs:line 115
   at Leds.GameEngine.UnitTests.Common.Factories.TestGameEngineFactory.CreateThresholdRoom(NodeEventType targetInitialEventType, Int32 depth) in C:\Users\Thomas\source\repos\rpg_esi07\services\game-engine\tests\Leds.GameEngine.UnitTests\Common\Factories\TestGameEngineFactory.cs:line 35
   at Leds.GameEngine.UnitTests.Common.Factories.TestGameEngineFactory.CreateRun(NodeEventType targetInitialEventType) in C:\Users\Thomas\source\repos\rpg_esi07\services\game-engine\tests\Leds.GameEngine.UnitTests\Common\Factories\TestGameEngineFactory.cs:line 136
   at Leds.GameEngine.UnitTests.Common.Factories.TestGameEngineFactory.CreateRunWithCompletedCurrentRoom() in C:\Users\Thomas\source\repos\rpg_esi07\services\game-engine\tests\Leds.GameEngine.UnitTests\Common\Factories\TestGameEngineFactory.cs:line 188
   at Leds.GameEngine.UnitTests.Runs.MoveToNextRoom.MoveToNextRoomCommandHandlerTests.Handle_ShouldMoveRunToNextRoom_WhenCurrentRoomIsCompleted() in C:\Users\Thomas\source\repos\rpg_esi07\services\game-engine\tests\Leds.GameEngine.UnitTests\Runs\MoveToNextRoom\MoveToNextRoomCommandHandlerTests.cs:line 17
--- End of stack trace from previous location ---
  R├⌐ussi Leds.GameEngine.UnitTests.RoomMaps.MapRoomGeneratorTests.GenerateRoom_ShouldCreateExactlyTwoInitialNodes_WithDefaultTemplate [8 ms]
  ├ëchou├⌐ Leds.GameEngine.UnitTests.Runs.AbandonRun.AbandonRunCommandHandlerTests.Handle_ShouldAbandonRun_AndPersistIt [1 ms]
  Message d'erreur┬á:
   Leds.GameEngine.Domain.Common.DomainException : Node connections must be between same or adjacent lanes only.
  Arborescence des appels de proc├⌐dure┬á:
     at Leds.GameEngine.Domain.Rooms.Room.EnsureNoCrossRowConnections(IReadOnlyCollection`1 nodes) in C:\Users\Thomas\source\repos\rpg_esi07\services\game-engine\src\Leds.GameEngine.Domain\Rooms\Room.cs:line 422
   at Leds.GameEngine.Domain.Rooms.Room.Create(Int32 depth, RoomType roomType, String theme, RoomBossProfile bossProfile, IEnumerable`1 nodes) in C:\Users\Thomas\source\repos\rpg_esi07\services\game-engine\src\Leds.GameEngine.Domain\Rooms\Room.cs:line 140
   at Leds.GameEngine.UnitTests.Common.Factories.TestGameEngineFactory.CreateThresholdRoomWithTargetInitialNode(NodeEventType targetInitialEventType, Int32 depth) in C:\Users\Thomas\source\repos\rpg_esi07\services\game-engine\tests\Leds.GameEngine.UnitTests\Common\Factories\TestGameEngineFactory.cs:line 115
   at Leds.GameEngine.UnitTests.Common.Factories.TestGameEngineFactory.CreateThresholdRoom(NodeEventType targetInitialEventType, Int32 depth) in C:\Users\Thomas\source\repos\rpg_esi07\services\game-engine\tests\Leds.GameEngine.UnitTests\Common\Factories\TestGameEngineFactory.cs:line 35
   at Leds.GameEngine.UnitTests.Common.Factories.TestGameEngineFactory.CreateRun(NodeEventType targetInitialEventType) in C:\Users\Thomas\source\repos\rpg_esi07\services\game-engine\tests\Leds.GameEngine.UnitTests\Common\Factories\TestGameEngineFactory.cs:line 136
   at Leds.GameEngine.UnitTests.Runs.AbandonRun.AbandonRunCommandHandlerTests.Handle_ShouldAbandonRun_AndPersistIt() in C:\Users\Thomas\source\repos\rpg_esi07\services\game-engine\tests\Leds.GameEngine.UnitTests\Runs\AbandonRun\AbandonRunCommandHandlerTests.cs:line 17
--- End of stack trace from previous location ---
  R├⌐ussi Leds.GameEngine.UnitTests.RoomMaps.MapRoomGeneratorTests.GenerateRoom_ShouldOnlyConnectToNextRow [1 ms]
  R├⌐ussi Leds.GameEngine.UnitTests.RoomMaps.MapRoomGeneratorTests.GenerateRoom_ShouldMakeEveryNodeReachBoss [1 ms]
  R├⌐ussi Leds.GameEngine.UnitTests.RoomMaps.MapRoomGeneratorTests.GenerateRoom_ShouldHaveAllNonInitialNodesWithAtLeastOneParent [1 ms]
[xUnit.net 00:00:00.35]       Leds.GameEngine.Domain.Common.DomainException : Node connections must be between same or adjacent lanes only.
[xUnit.net 00:00:00.35]       Stack Trace:
[xUnit.net 00:00:00.35]         C:\Users\Thomas\source\repos\rpg_esi07\services\game-engine\src\Leds.GameEngine.Domain\Rooms\Room.cs(422,0): at Leds.GameEngine.Domain.Rooms.Room.EnsureNoCrossRowConnections(IReadOnlyCollection`1 nodes)
[xUnit.net 00:00:00.35]         C:\Users\Thomas\source\repos\rpg_esi07\services\game-engine\src\Leds.GameEngine.Domain\Rooms\Room.cs(140,0): at Leds.GameEngine.Domain.Rooms.Room.Create(Int32 depth, RoomType roomType, String theme, RoomBossProfile bossProfile, IEnumerable`1 nodes)
[xUnit.net 00:00:00.35]         C:\Users\Thomas\source\repos\rpg_esi07\services\game-engine\tests\Leds.GameEngine.UnitTests\Common\Factories\TestGameEngineFactory.cs(115,0): at Leds.GameEngine.UnitTests.Common.Factories.TestGameEngineFactory.CreateThresholdRoomWithTargetInitialNode(NodeEventType targetInitialEventType, Int32 depth)
[xUnit.net 00:00:00.35]         C:\Users\Thomas\source\repos\rpg_esi07\services\game-engine\tests\Leds.GameEngine.UnitTests\Common\Factories\TestGameEngineFactory.cs(35,0): at Leds.GameEngine.UnitTests.Common.Factories.TestGameEngineFactory.CreateThresholdRoom(NodeEventType targetInitialEventType, Int32 depth)
[xUnit.net 00:00:00.35]         C:\Users\Thomas\source\repos\rpg_esi07\services\game-engine\tests\Leds.GameEngine.UnitTests\Common\Factories\TestGameEngineFactory.cs(136,0): at Leds.GameEngine.UnitTests.Common.Factories.TestGameEngineFactory.CreateRun(NodeEventType targetInitialEventType)
[xUnit.net 00:00:00.35]         C:\Users\Thomas\source\repos\rpg_esi07\services\game-engine\tests\Leds.GameEngine.UnitTests\Rewards\SelectReward\SelectRewardCommandHandlerTests.cs(108,0): at Leds.GameEngine.UnitTests.Rewards.SelectReward.SelectRewardCommandHandlerTests.Handle_ShouldThrow_WhenRunHasNoPendingReward()
[xUnit.net 00:00:00.35]         --- End of stack trace from previous location ---
[xUnit.net 00:00:00.35]       Leds.GameEngine.Domain.Common.DomainException : Node connections must be between same or adjacent lanes only.
[xUnit.net 00:00:00.35]       Stack Trace:
[xUnit.net 00:00:00.35]         C:\Users\Thomas\source\repos\rpg_esi07\services\game-engine\src\Leds.GameEngine.Domain\Rooms\Room.cs(422,0): at Leds.GameEngine.Domain.Rooms.Room.EnsureNoCrossRowConnections(IReadOnlyCollection`1 nodes)
[xUnit.net 00:00:00.35]         C:\Users\Thomas\source\repos\rpg_esi07\services\game-engine\src\Leds.GameEngine.Domain\Rooms\Room.cs(140,0): at Leds.GameEngine.Domain.Rooms.Room.Create(Int32 depth, RoomType roomType, String theme, RoomBossProfile bossProfile, IEnumerable`1 nodes)
[xUnit.net 00:00:00.35]         C:\Users\Thomas\source\repos\rpg_esi07\services\game-engine\tests\Leds.GameEngine.UnitTests\Common\Factories\TestGameEngineFactory.cs(115,0): at Leds.GameEngine.UnitTests.Common.Factories.TestGameEngineFactory.CreateThresholdRoomWithTargetInitialNode(NodeEventType targetInitialEventType, Int32 depth)
[xUnit.net 00:00:00.35]         C:\Users\Thomas\source\repos\rpg_esi07\services\game-engine\tests\Leds.GameEngine.UnitTests\Common\Factories\TestGameEngineFactory.cs(35,0): at Leds.GameEngine.UnitTests.Common.Factories.TestGameEngineFactory.CreateThresholdRoom(NodeEventType targetInitialEventType, Int32 depth)
[xUnit.net 00:00:00.35]         C:\Users\Thomas\source\repos\rpg_esi07\services\game-engine\tests\Leds.GameEngine.UnitTests\Common\Factories\TestGameEngineFactory.cs(136,0): at Leds.GameEngine.UnitTests.Common.Factories.TestGameEngineFactory.CreateRun(NodeEventType targetInitialEventType)
[xUnit.net 00:00:00.35]         C:\Users\Thomas\source\repos\rpg_esi07\services\game-engine\tests\Leds.GameEngine.UnitTests\Runs\GetRunById\GetRunByIdQueryHandlerTests.cs(16,0): at Leds.GameEngine.UnitTests.Runs.GetRunById.GetRunByIdQueryHandlerTests.Handle_ShouldReturnRun_WhenRunExists()
[xUnit.net 00:00:00.35]         --- End of stack trace from previous location ---
[xUnit.net 00:00:00.35]       Leds.GameEngine.Domain.Common.DomainException : Node connections must be between same or adjacent lanes only.
[xUnit.net 00:00:00.35]       Stack Trace:
[xUnit.net 00:00:00.35]         C:\Users\Thomas\source\repos\rpg_esi07\services\game-engine\src\Leds.GameEngine.Domain\Rooms\Room.cs(422,0): at Leds.GameEngine.Domain.Rooms.Room.EnsureNoCrossRowConnections(IReadOnlyCollection`1 nodes)
[xUnit.net 00:00:00.35]         C:\Users\Thomas\source\repos\rpg_esi07\services\game-engine\src\Leds.GameEngine.Domain\Rooms\Room.cs(140,0): at Leds.GameEngine.Domain.Rooms.Room.Create(Int32 depth, RoomType roomType, String theme, RoomBossProfile bossProfile, IEnumerable`1 nodes)
[xUnit.net 00:00:00.35]         C:\Users\Thomas\source\repos\rpg_esi07\services\game-engine\tests\Leds.GameEngine.UnitTests\Common\Factories\TestGameEngineFactory.cs(115,0): at Leds.GameEngine.UnitTests.Common.Factories.TestGameEngineFactory.CreateThresholdRoomWithTargetInitialNode(NodeEventType targetInitialEventType, Int32 depth)
[xUnit.net 00:00:00.35]         C:\Users\Thomas\source\repos\rpg_esi07\services\game-engine\tests\Leds.GameEngine.UnitTests\Common\Factories\TestGameEngineFactory.cs(35,0): at Leds.GameEngine.UnitTests.Common.Factories.TestGameEngineFactory.CreateThresholdRoom(NodeEventType targetInitialEventType, Int32 depth)
[xUnit.net 00:00:00.35]         C:\Users\Thomas\source\repos\rpg_esi07\services\game-engine\tests\Leds.GameEngine.UnitTests\Rewards\SelectReward\SelectRewardCommandHandlerTests.cs(67,0): at Leds.GameEngine.UnitTests.Rewards.SelectReward.SelectRewardCommandHandlerTests.Handle_ShouldApplyHealEffect_WhenHealChoiceIsSelected()
[xUnit.net 00:00:00.35]         --- End of stack trace from previous location ---
  R├⌐ussi Leds.GameEngine.UnitTests.Runs.MoveToNextRoom.MoveToNextRoomCommandHandlerTests.Handle_ShouldThrowNotFoundException_WhenRunDoesNotExist [6 ms]
  R├⌐ussi Leds.GameEngine.UnitTests.Runs.ChooseNode.ChooseNodeCommandHandlerTests.Handle_ShouldThrowNotFoundException_WhenRunDoesNotExist [89 ms]
  R├⌐ussi Leds.GameEngine.UnitTests.Rewards.SelectReward.SelectRewardCommandHandlerTests.Handle_ShouldThrow_WhenRunDoesNotExist [16 ms]
  ├ëchou├⌐ Leds.GameEngine.UnitTests.Rewards.SelectReward.SelectRewardCommandHandlerTests.Handle_ShouldThrow_WhenRunHasNoPendingReward [< 1 ms]
  Message d'erreur┬á:
   Leds.GameEngine.Domain.Common.DomainException : Node connections must be between same or adjacent lanes only.
  Arborescence des appels de proc├⌐dure┬á:
     at Leds.GameEngine.Domain.Rooms.Room.EnsureNoCrossRowConnections(IReadOnlyCollection`1 nodes) in C:\Users\Thomas\source\repos\rpg_esi07\services\game-engine\src\Leds.GameEngine.Domain\Rooms\Room.cs:line 422
   at Leds.GameEngine.Domain.Rooms.Room.Create(Int32 depth, RoomType roomType, String theme, RoomBossProfile bossProfile, IEnumerable`1 nodes) in C:\Users\Thomas\source\repos\rpg_esi07\services\game-engine\src\Leds.GameEngine.Domain\Rooms\Room.cs:line 140
   at Leds.GameEngine.UnitTests.Common.Factories.TestGameEngineFactory.CreateThresholdRoomWithTargetInitialNode(NodeEventType targetInitialEventType, Int32 depth) in C:\Users\Thomas\source\repos\rpg_esi07\services\game-engine\tests\Leds.GameEngine.UnitTests\Common\Factories\TestGameEngineFactory.cs:line 115
   at Leds.GameEngine.UnitTests.Common.Factories.TestGameEngineFactory.CreateThresholdRoom(NodeEventType targetInitialEventType, Int32 depth) in C:\Users\Thomas\source\repos\rpg_esi07\services\game-engine\tests\Leds.GameEngine.UnitTests\Common\Factories\TestGameEngineFactory.cs:line 35
   at Leds.GameEngine.UnitTests.Common.Factories.TestGameEngineFactory.CreateRun(NodeEventType targetInitialEventType) in C:\Users\Thomas\source\repos\rpg_esi07\services\game-engine\tests\Leds.GameEngine.UnitTests\Common\Factories\TestGameEngineFactory.cs:line 136
   at Leds.GameEngine.UnitTests.Rewards.SelectReward.SelectRewardCommandHandlerTests.Handle_ShouldThrow_WhenRunHasNoPendingReward() in C:\Users\Thomas\source\repos\rpg_esi07\services\game-engine\tests\Leds.GameEngine.UnitTests\Rewards\SelectReward\SelectRewardCommandHandlerTests.cs:line 108
--- End of stack trace from previous location ---
  ├ëchou├⌐ Leds.GameEngine.UnitTests.Runs.GetRunById.GetRunByIdQueryHandlerTests.Handle_ShouldReturnRun_WhenRunExists [1 ms]
  Message d'erreur┬á:
   Leds.GameEngine.Domain.Common.DomainException : Node connections must be between same or adjacent lanes only.
  Arborescence des appels de proc├⌐dure┬á:
     at Leds.GameEngine.Domain.Rooms.Room.EnsureNoCrossRowConnections(IReadOnlyCollection`1 nodes) in C:\Users\Thomas\source\repos\rpg_esi07\services\game-engine\src\Leds.GameEngine.Domain\Rooms\Room.cs:line 422
   at Leds.GameEngine.Domain.Rooms.Room.Create(Int32 depth, RoomType roomType, String theme, RoomBossProfile bossProfile, IEnumerable`1 nodes) in C:\Users\Thomas\source\repos\rpg_esi07\services\game-engine\src\Leds.GameEngine.Domain\Rooms\Room.cs:line 140
   at Leds.GameEngine.UnitTests.Common.Factories.TestGameEngineFactory.CreateThresholdRoomWithTargetInitialNode(NodeEventType targetInitialEventType, Int32 depth) in C:\Users\Thomas\source\repos\rpg_esi07\services\game-engine\tests\Leds.GameEngine.UnitTests\Common\Factories\TestGameEngineFactory.cs:line 115
   at Leds.GameEngine.UnitTests.Common.Factories.TestGameEngineFactory.CreateThresholdRoom(NodeEventType targetInitialEventType, Int32 depth) in C:\Users\Thomas\source\repos\rpg_esi07\services\game-engine\tests\Leds.GameEngine.UnitTests\Common\Factories\TestGameEngineFactory.cs:line 35
   at Leds.GameEngine.UnitTests.Common.Factories.TestGameEngineFactory.CreateRun(NodeEventType targetInitialEventType) in C:\Users\Thomas\source\repos\rpg_esi07\services\game-engine\tests\Leds.GameEngine.UnitTests\Common\Factories\TestGameEngineFactory.cs:line 136
   at Leds.GameEngine.UnitTests.Runs.GetRunById.GetRunByIdQueryHandlerTests.Handle_ShouldReturnRun_WhenRunExists() in C:\Users\Thomas\source\repos\rpg_esi07\services\game-engine\tests\Leds.GameEngine.UnitTests\Runs\GetRunById\GetRunByIdQueryHandlerTests.cs:line 16
--- End of stack trace from previous location ---
  ├ëchou├⌐ Leds.GameEngine.UnitTests.Rewards.SelectReward.SelectRewardCommandHandlerTests.Handle_ShouldApplyHealEffect_WhenHealChoiceIsSelected [1 ms]
  Message d'erreur┬á:
   Leds.GameEngine.Domain.Common.DomainException : Node connections must be between same or adjacent lanes only.
  Arborescence des appels de proc├⌐dure┬á:
     at Leds.GameEngine.Domain.Rooms.Room.EnsureNoCrossRowConnections(IReadOnlyCollection`1 nodes) in C:\Users\Thomas\source\repos\rpg_esi07\services\game-engine\src\Leds.GameEngine.Domain\Rooms\Room.cs:line 422
   at Leds.GameEngine.Domain.Rooms.Room.Create(Int32 depth, RoomType roomType, String theme, RoomBossProfile bossProfile, IEnumerable`1 nodes) in C:\Users\Thomas\source\repos\rpg_esi07\services\game-engine\src\Leds.GameEngine.Domain\Rooms\Room.cs:line 140
   at Leds.GameEngine.UnitTests.Common.Factories.TestGameEngineFactory.CreateThresholdRoomWithTargetInitialNode(NodeEventType targetInitialEventType, Int32 depth) in C:\Users\Thomas\source\repos\rpg_esi07\services\game-engine\tests\Leds.GameEngine.UnitTests\Common\Factories\TestGameEngineFactory.cs:line 115
   at Leds.GameEngine.UnitTests.Common.Factories.TestGameEngineFactory.CreateThresholdRoom(NodeEventType targetInitialEventType, Int32 depth) in C:\Users\Thomas\source\repos\rpg_esi07\services\game-engine\tests\Leds.GameEngine.UnitTests\Common\Factories\TestGameEngineFactory.cs:line 35
   at Leds.GameEngine.UnitTests.Rewards.SelectReward.SelectRewardCommandHandlerTests.Handle_ShouldApplyHealEffect_WhenHealChoiceIsSelected() in C:\Users\Thomas\source\repos\rpg_esi07\services\game-engine\tests\Leds.GameEngine.UnitTests\Rewards\SelectReward\SelectRewardCommandHandlerTests.cs:line 67
--- End of stack trace from previous location ---
  R├⌐ussi Leds.GameEngine.UnitTests.Runs.GetRunById.GetRunByIdQueryHandlerTests.Handle_ShouldThrowNotFoundException_WhenRunDoesNotExist [3 ms]
[xUnit.net 00:00:00.36]       Leds.GameEngine.Domain.Common.DomainException : Node connections must be between same or adjacent lanes only.
[xUnit.net 00:00:00.36]       Stack Trace:
[xUnit.net 00:00:00.36]         C:\Users\Thomas\source\repos\rpg_esi07\services\game-engine\src\Leds.GameEngine.Domain\Rooms\Room.cs(422,0): at Leds.GameEngine.Domain.Rooms.Room.EnsureNoCrossRowConnections(IReadOnlyCollection`1 nodes)
[xUnit.net 00:00:00.36]         C:\Users\Thomas\source\repos\rpg_esi07\services\game-engine\src\Leds.GameEngine.Domain\Rooms\Room.cs(140,0): at Leds.GameEngine.Domain.Rooms.Room.Create(Int32 depth, RoomType roomType, String theme, RoomBossProfile bossProfile, IEnumerable`1 nodes)
[xUnit.net 00:00:00.36]         C:\Users\Thomas\source\repos\rpg_esi07\services\game-engine\tests\Leds.GameEngine.UnitTests\Common\Factories\TestGameEngineFactory.cs(115,0): at Leds.GameEngine.UnitTests.Common.Factories.TestGameEngineFactory.CreateThresholdRoomWithTargetInitialNode(NodeEventType targetInitialEventType, Int32 depth)
[xUnit.net 00:00:00.36]         C:\Users\Thomas\source\repos\rpg_esi07\services\game-engine\tests\Leds.GameEngine.UnitTests\Common\Factories\TestGameEngineFactory.cs(35,0): at Leds.GameEngine.UnitTests.Common.Factories.TestGameEngineFactory.CreateThresholdRoom(NodeEventType targetInitialEventType, Int32 depth)
[xUnit.net 00:00:00.36]         C:\Users\Thomas\source\repos\rpg_esi07\services\game-engine\tests\Leds.GameEngine.UnitTests\Common\Factories\TestGameEngineFactory.cs(136,0): at Leds.GameEngine.UnitTests.Common.Factories.TestGameEngineFactory.CreateRun(NodeEventType targetInitialEventType)
[xUnit.net 00:00:00.36]         C:\Users\Thomas\source\repos\rpg_esi07\services\game-engine\tests\Leds.GameEngine.UnitTests\Runs\ChooseNode\ChooseNodeCommandHandlerTests.cs(18,0): at Leds.GameEngine.UnitTests.Runs.ChooseNode.ChooseNodeCommandHandlerTests.Handle_ShouldSelectNode_LockSiblings_AndMarkUnreachableBranches()
[xUnit.net 00:00:00.36]         --- End of stack trace from previous location ---
  R├⌐ussi Leds.GameEngine.UnitTests.Nodes.NodeEventCandidateResolutionTests.Resolve_ShouldResolvePrimaryEvent_AndCloseAlternativeEvents [6 ms]
  R├⌐ussi Leds.GameEngine.UnitTests.PalaceLaws.PalaceLawTests.Create_ShouldThrowDomainException_WhenKeyIsEmpty [1 ms]
  ├ëchou├⌐ Leds.GameEngine.UnitTests.Runs.ChooseNode.ChooseNodeCommandHandlerTests.Handle_ShouldSelectNode_LockSiblings_AndMarkUnreachableBranches [6 ms]
  Message d'erreur┬á:
   Leds.GameEngine.Domain.Common.DomainException : Node connections must be between same or adjacent lanes only.
  Arborescence des appels de proc├⌐dure┬á:
     at Leds.GameEngine.Domain.Rooms.Room.EnsureNoCrossRowConnections(IReadOnlyCollection`1 nodes) in C:\Users\Thomas\source\repos\rpg_esi07\services\game-engine\src\Leds.GameEngine.Domain\Rooms\Room.cs:line 422
   at Leds.GameEngine.Domain.Rooms.Room.Create(Int32 depth, RoomType roomType, String theme, RoomBossProfile bossProfile, IEnumerable`1 nodes) in C:\Users\Thomas\source\repos\rpg_esi07\services\game-engine\src\Leds.GameEngine.Domain\Rooms\Room.cs:line 140
   at Leds.GameEngine.UnitTests.Common.Factories.TestGameEngineFactory.CreateThresholdRoomWithTargetInitialNode(NodeEventType targetInitialEventType, Int32 depth) in C:\Users\Thomas\source\repos\rpg_esi07\services\game-engine\tests\Leds.GameEngine.UnitTests\Common\Factories\TestGameEngineFactory.cs:line 115
   at Leds.GameEngine.UnitTests.Common.Factories.TestGameEngineFactory.CreateThresholdRoom(NodeEventType targetInitialEventType, Int32 depth) in C:\Users\Thomas\source\repos\rpg_esi07\services\game-engine\tests\Leds.GameEngine.UnitTests\Common\Factories\TestGameEngineFactory.cs:line 35
   at Leds.GameEngine.UnitTests.Common.Factories.TestGameEngineFactory.CreateRun(NodeEventType targetInitialEventType) in C:\Users\Thomas\source\repos\rpg_esi07\services\game-engine\tests\Leds.GameEngine.UnitTests\Common\Factories\TestGameEngineFactory.cs:line 136
   at Leds.GameEngine.UnitTests.Runs.ChooseNode.ChooseNodeCommandHandlerTests.Handle_ShouldSelectNode_LockSiblings_AndMarkUnreachableBranches() in C:\Users\Thomas\source\repos\rpg_esi07\services\game-engine\tests\Leds.GameEngine.UnitTests\Runs\ChooseNode\ChooseNodeCommandHandlerTests.cs:line 18
--- End of stack trace from previous location ---
  R├⌐ussi Leds.GameEngine.UnitTests.Catalog.InMemoryCatalogContentGatewayTests.GetSkillTemplateByKeyAsync_ShouldReturnFailure_WhenKeyDoesNotExist [< 1 ms]
  R├⌐ussi Leds.GameEngine.UnitTests.Combats.CombatantSnapshotTests.ReceiveDamage_ShouldNotGoBelowZero [< 1 ms]
  R├⌐ussi Leds.GameEngine.UnitTests.Combats.CombatantSnapshotTests.ReceiveDamage_ShouldReduceCurrentHealth [< 1 ms]
  R├⌐ussi Leds.GameEngine.UnitTests.Catalog.InMemoryCatalogContentGatewayTests.GetSkillTemplateByKeyAsync_ShouldReturnSkill_WhenKeyExists [< 1 ms]
  R├⌐ussi Leds.GameEngine.UnitTests.Combats.CombatantSnapshotTests.Create_ShouldThrow_WhenMaxHealthIsInvalid [< 1 ms]
  R├⌐ussi Leds.GameEngine.UnitTests.Combats.CombatantSnapshotTests.Create_ShouldCreateCombatantWithFullHealth [< 1 ms]
  R├⌐ussi Leds.GameEngine.UnitTests.Catalog.InMemoryCatalogContentGatewayTests.GetEnemyTemplateByKeyAsync_ShouldReturnEnemy_WhenKeyExists [1 ms]
  R├⌐ussi Leds.GameEngine.UnitTests.Catalog.InMemoryCatalogContentGatewayTests.GetItemTemplateByKeyAsync_ShouldReturnFailure_WhenKeyDoesNotExist [< 1 ms]
  R├⌐ussi Leds.GameEngine.UnitTests.Runs.AbandonRun.AbandonRunCommandHandlerTests.Handle_ShouldThrowNotFoundException_WhenRunDoesNotExist [15 ms]
  R├⌐ussi Leds.GameEngine.UnitTests.Catalog.InMemoryCatalogContentGatewayTests.GetEnemyTemplateByKeyAsync_ShouldReturnFailure_WhenKeyDoesNotExist [< 1 ms]
  R├⌐ussi Leds.GameEngine.UnitTests.Events.ChooseEventOption.ChooseCurrentEventOptionCommandHandlerTests.Handle_ShouldThrowNotFoundException_WhenRunDoesNotExist [72 ms]
[xUnit.net 00:00:00.36]       Leds.GameEngine.Domain.Common.DomainException : Node connections must be between same or adjacent lanes only.
[xUnit.net 00:00:00.36]       Stack Trace:
[xUnit.net 00:00:00.36]         C:\Users\Thomas\source\repos\rpg_esi07\services\game-engine\src\Leds.GameEngine.Domain\Rooms\Room.cs(422,0): at Leds.GameEngine.Domain.Rooms.Room.EnsureNoCrossRowConnections(IReadOnlyCollection`1 nodes)
[xUnit.net 00:00:00.36]         C:\Users\Thomas\source\repos\rpg_esi07\services\game-engine\src\Leds.GameEngine.Domain\Rooms\Room.cs(140,0): at Leds.GameEngine.Domain.Rooms.Room.Create(Int32 depth, RoomType roomType, String theme, RoomBossProfile bossProfile, IEnumerable`1 nodes)
[xUnit.net 00:00:00.36]         C:\Users\Thomas\source\repos\rpg_esi07\services\game-engine\tests\Leds.GameEngine.UnitTests\Common\Factories\TestGameEngineFactory.cs(115,0): at Leds.GameEngine.UnitTests.Common.Factories.TestGameEngineFactory.CreateThresholdRoomWithTargetInitialNode(NodeEventType targetInitialEventType, Int32 depth)
[xUnit.net 00:00:00.36]         C:\Users\Thomas\source\repos\rpg_esi07\services\game-engine\tests\Leds.GameEngine.UnitTests\Common\Factories\TestGameEngineFactory.cs(35,0): at Leds.GameEngine.UnitTests.Common.Factories.TestGameEngineFactory.CreateThresholdRoom(NodeEventType targetInitialEventType, Int32 depth)
[xUnit.net 00:00:00.36]         C:\Users\Thomas\source\repos\rpg_esi07\services\game-engine\tests\Leds.GameEngine.UnitTests\Common\Factories\TestGameEngineFactory.cs(136,0): at Leds.GameEngine.UnitTests.Common.Factories.TestGameEngineFactory.CreateRun(NodeEventType targetInitialEventType)
[xUnit.net 00:00:00.36]         C:\Users\Thomas\source\repos\rpg_esi07\services\game-engine\tests\Leds.GameEngine.UnitTests\Runs\AbandonRun\AbandonRunCommandHandlerTests.cs(102,0): at Leds.GameEngine.UnitTests.Runs.AbandonRun.AbandonRunCommandHandlerTests.Handle_ShouldThrowDomainException_WhenRunIsAlreadyClosed()
[xUnit.net 00:00:00.36]         --- End of stack trace from previous location ---
[xUnit.net 00:00:00.36]       Leds.GameEngine.Domain.Common.DomainException : Node connections must be between same or adjacent lanes only.
[xUnit.net 00:00:00.36]       Stack Trace:
[xUnit.net 00:00:00.36]         C:\Users\Thomas\source\repos\rpg_esi07\services\game-engine\src\Leds.GameEngine.Domain\Rooms\Room.cs(422,0): at Leds.GameEngine.Domain.Rooms.Room.EnsureNoCrossRowConnections(IReadOnlyCollection`1 nodes)
[xUnit.net 00:00:00.36]         C:\Users\Thomas\source\repos\rpg_esi07\services\game-engine\src\Leds.GameEngine.Domain\Rooms\Room.cs(140,0): at Leds.GameEngine.Domain.Rooms.Room.Create(Int32 depth, RoomType roomType, String theme, RoomBossProfile bossProfile, IEnumerable`1 nodes)
[xUnit.net 00:00:00.36]         C:\Users\Thomas\source\repos\rpg_esi07\services\game-engine\tests\Leds.GameEngine.UnitTests\Common\Factories\TestGameEngineFactory.cs(115,0): at Leds.GameEngine.UnitTests.Common.Factories.TestGameEngineFactory.CreateThresholdRoomWithTargetInitialNode(NodeEventType targetInitialEventType, Int32 depth)
[xUnit.net 00:00:00.36]         C:\Users\Thomas\source\repos\rpg_esi07\services\game-engine\tests\Leds.GameEngine.UnitTests\Common\Factories\TestGameEngineFactory.cs(150,0): at Leds.GameEngine.UnitTests.Common.Factories.TestGameEngineFactory.CreateRunWithTargetInitialNode(NodeEventType targetInitialEventType)
[xUnit.net 00:00:00.36]         C:\Users\Thomas\source\repos\rpg_esi07\services\game-engine\tests\Leds.GameEngine.UnitTests\Common\Factories\TestGameEngineFactory.cs(167,0): at Leds.GameEngine.UnitTests.Common.Factories.TestGameEngineFactory.CreateRunWithSelectedTargetNode(NodeEventType targetInitialEventType)
[xUnit.net 00:00:00.36]         C:\Users\Thomas\source\repos\rpg_esi07\services\game-engine\tests\Leds.GameEngine.UnitTests\Events\ChooseEventOption\ChooseCurrentEventOptionCommandHandlerTests.cs(103,0): at Leds.GameEngine.UnitTests.Events.ChooseEventOption.ChooseCurrentEventOptionCommandHandlerTests.Handle_ShouldThrowDomainException_WhenCurrentEventIsNotResolved()
[xUnit.net 00:00:00.36]         --- End of stack trace from previous location ---
  R├⌐ussi Leds.GameEngine.UnitTests.Catalog.InMemoryCatalogContentGatewayTests.GetItemTemplateByKeyAsync_ShouldReturnItem_WhenKeyExists [4 ms]
  ├ëchou├⌐ Leds.GameEngine.UnitTests.Runs.AbandonRun.AbandonRunCommandHandlerTests.Handle_ShouldThrowDomainException_WhenRunIsAlreadyClosed [4 ms]
  Message d'erreur┬á:
   Leds.GameEngine.Domain.Common.DomainException : Node connections must be between same or adjacent lanes only.
  Arborescence des appels de proc├⌐dure┬á:
     at Leds.GameEngine.Domain.Rooms.Room.EnsureNoCrossRowConnections(IReadOnlyCollection`1 nodes) in C:\Users\Thomas\source\repos\rpg_esi07\services\game-engine\src\Leds.GameEngine.Domain\Rooms\Room.cs:line 422
   at Leds.GameEngine.Domain.Rooms.Room.Create(Int32 depth, RoomType roomType, String theme, RoomBossProfile bossProfile, IEnumerable`1 nodes) in C:\Users\Thomas\source\repos\rpg_esi07\services\game-engine\src\Leds.GameEngine.Domain\Rooms\Room.cs:line 140
   at Leds.GameEngine.UnitTests.Common.Factories.TestGameEngineFactory.CreateThresholdRoomWithTargetInitialNode(NodeEventType targetInitialEventType, Int32 depth) in C:\Users\Thomas\source\repos\rpg_esi07\services\game-engine\tests\Leds.GameEngine.UnitTests\Common\Factories\TestGameEngineFactory.cs:line 115
   at Leds.GameEngine.UnitTests.Common.Factories.TestGameEngineFactory.CreateThresholdRoom(NodeEventType targetInitialEventType, Int32 depth) in C:\Users\Thomas\source\repos\rpg_esi07\services\game-engine\tests\Leds.GameEngine.UnitTests\Common\Factories\TestGameEngineFactory.cs:line 35
   at Leds.GameEngine.UnitTests.Common.Factories.TestGameEngineFactory.CreateRun(NodeEventType targetInitialEventType) in C:\Users\Thomas\source\repos\rpg_esi07\services\game-engine\tests\Leds.GameEngine.UnitTests\Common\Factories\TestGameEngineFactory.cs:line 136
   at Leds.GameEngine.UnitTests.Runs.AbandonRun.AbandonRunCommandHandlerTests.Handle_ShouldThrowDomainException_WhenRunIsAlreadyClosed() in C:\Users\Thomas\source\repos\rpg_esi07\services\game-engine\tests\Leds.GameEngine.UnitTests\Runs\AbandonRun\AbandonRunCommandHandlerTests.cs:line 102
--- End of stack trace from previous location ---
  R├⌐ussi Leds.GameEngine.UnitTests.Catalog.InMemoryCatalogContentGatewayTests.GetEventTemplateByKeyAsync_ShouldReturnFailure_WhenKeyDoesNotExist [< 1 ms]
  R├⌐ussi Leds.GameEngine.UnitTests.PalaceLaws.PalaceLawTests.Create_ShouldRemoveDuplicateDomains [9 ms]
  ├ëchou├⌐ Leds.GameEngine.UnitTests.Events.ChooseEventOption.ChooseCurrentEventOptionCommandHandlerTests.Handle_ShouldThrowDomainException_WhenCurrentEventIsNotResolved [4 ms]
  Message d'erreur┬á:
   Leds.GameEngine.Domain.Common.DomainException : Node connections must be between same or adjacent lanes only.
  Arborescence des appels de proc├⌐dure┬á:
     at Leds.GameEngine.Domain.Rooms.Room.EnsureNoCrossRowConnections(IReadOnlyCollection`1 nodes) in C:\Users\Thomas\source\repos\rpg_esi07\services\game-engine\src\Leds.GameEngine.Domain\Rooms\Room.cs:line 422
   at Leds.GameEngine.Domain.Rooms.Room.Create(Int32 depth, RoomType roomType, String theme, RoomBossProfile bossProfile, IEnumerable`1 nodes) in C:\Users\Thomas\source\repos\rpg_esi07\services\game-engine\src\Leds.GameEngine.Domain\Rooms\Room.cs:line 140
   at Leds.GameEngine.UnitTests.Common.Factories.TestGameEngineFactory.CreateThresholdRoomWithTargetInitialNode(NodeEventType targetInitialEventType, Int32 depth) in C:\Users\Thomas\source\repos\rpg_esi07\services\game-engine\tests\Leds.GameEngine.UnitTests\Common\Factories\TestGameEngineFactory.cs:line 115
   at Leds.GameEngine.UnitTests.Common.Factories.TestGameEngineFactory.CreateRunWithTargetInitialNode(NodeEventType targetInitialEventType) in C:\Users\Thomas\source\repos\rpg_esi07\services\game-engine\tests\Leds.GameEngine.UnitTests\Common\Factories\TestGameEngineFactory.cs:line 150
   at Leds.GameEngine.UnitTests.Common.Factories.TestGameEngineFactory.CreateRunWithSelectedTargetNode(NodeEventType targetInitialEventType) in C:\Users\Thomas\source\repos\rpg_esi07\services\game-engine\tests\Leds.GameEngine.UnitTests\Common\Factories\TestGameEngineFactory.cs:line 167
   at Leds.GameEngine.UnitTests.Events.ChooseEventOption.ChooseCurrentEventOptionCommandHandlerTests.Handle_ShouldThrowDomainException_WhenCurrentEventIsNotResolved() in C:\Users\Thomas\source\repos\rpg_esi07\services\game-engine\tests\Leds.GameEngine.UnitTests\Events\ChooseEventOption\ChooseCurrentEventOptionCommandHandlerTests.cs:line 103
--- End of stack trace from previous location ---
  R├⌐ussi Leds.GameEngine.UnitTests.Catalog.InMemoryCatalogContentGatewayTests.GetEnemyTemplateByKeyAsync_ShouldReturnFailure_WhenKeyIsWhitespace [< 1 ms]
  R├⌐ussi Leds.GameEngine.UnitTests.PalaceLaws.PalaceLawTests.Create_ShouldThrowDomainException_WhenNoDomainIsProvided [< 1 ms]
[xUnit.net 00:00:00.36]       Leds.GameEngine.Domain.Common.DomainException : Node connections must be between same or adjacent lanes only.
[xUnit.net 00:00:00.36]       Stack Trace:
[xUnit.net 00:00:00.36]         C:\Users\Thomas\source\repos\rpg_esi07\services\game-engine\src\Leds.GameEngine.Domain\Rooms\Room.cs(422,0): at Leds.GameEngine.Domain.Rooms.Room.EnsureNoCrossRowConnections(IReadOnlyCollection`1 nodes)
[xUnit.net 00:00:00.36]         C:\Users\Thomas\source\repos\rpg_esi07\services\game-engine\src\Leds.GameEngine.Domain\Rooms\Room.cs(140,0): at Leds.GameEngine.Domain.Rooms.Room.Create(Int32 depth, RoomType roomType, String theme, RoomBossProfile bossProfile, IEnumerable`1 nodes)
[xUnit.net 00:00:00.36]         C:\Users\Thomas\source\repos\rpg_esi07\services\game-engine\tests\Leds.GameEngine.UnitTests\Common\Factories\TestGameEngineFactory.cs(115,0): at Leds.GameEngine.UnitTests.Common.Factories.TestGameEngineFactory.CreateThresholdRoomWithTargetInitialNode(NodeEventType targetInitialEventType, Int32 depth)
[xUnit.net 00:00:00.36]         C:\Users\Thomas\source\repos\rpg_esi07\services\game-engine\tests\Leds.GameEngine.UnitTests\Common\Factories\TestGameEngineFactory.cs(150,0): at Leds.GameEngine.UnitTests.Common.Factories.TestGameEngineFactory.CreateRunWithTargetInitialNode(NodeEventType targetInitialEventType)
[xUnit.net 00:00:00.36]         C:\Users\Thomas\source\repos\rpg_esi07\services\game-engine\tests\Leds.GameEngine.UnitTests\Common\Factories\TestGameEngineFactory.cs(167,0): at Leds.GameEngine.UnitTests.Common.Factories.TestGameEngineFactory.CreateRunWithSelectedTargetNode(NodeEventType targetInitialEventType)
[xUnit.net 00:00:00.36]         C:\Users\Thomas\source\repos\rpg_esi07\services\game-engine\tests\Leds.GameEngine.UnitTests\Common\Factories\TestGameEngineFactory.cs(178,0): at Leds.GameEngine.UnitTests.Common.Factories.TestGameEngineFactory.CreateRunWithResolvedCurrentEvent(NodeEventType targetInitialEventType)
[xUnit.net 00:00:00.36]         C:\Users\Thomas\source\repos\rpg_esi07\services\game-engine\tests\Leds.GameEngine.UnitTests\Events\ChooseEventOption\ChooseCurrentEventOptionCommandHandlerTests.cs(21,0): at Leds.GameEngine.UnitTests.Events.ChooseEventOption.ChooseCurrentEventOptionCommandHandlerTests.Handle_ShouldResolveChoice_WhenCurrentEventIsResolved()
[xUnit.net 00:00:00.36]         --- End of stack trace from previous location ---
[xUnit.net 00:00:00.36]       Leds.GameEngine.Domain.Common.DomainException : Node connections must be between same or adjacent lanes only.
[xUnit.net 00:00:00.36]       Stack Trace:
[xUnit.net 00:00:00.36]         C:\Users\Thomas\source\repos\rpg_esi07\services\game-engine\src\Leds.GameEngine.Domain\Rooms\Room.cs(422,0): at Leds.GameEngine.Domain.Rooms.Room.EnsureNoCrossRowConnections(IReadOnlyCollection`1 nodes)
[xUnit.net 00:00:00.36]         C:\Users\Thomas\source\repos\rpg_esi07\services\game-engine\src\Leds.GameEngine.Domain\Rooms\Room.cs(140,0): at Leds.GameEngine.Domain.Rooms.Room.Create(Int32 depth, RoomType roomType, String theme, RoomBossProfile bossProfile, IEnumerable`1 nodes)
[xUnit.net 00:00:00.36]         C:\Users\Thomas\source\repos\rpg_esi07\services\game-engine\tests\Leds.GameEngine.UnitTests\Common\Factories\TestGameEngineFactory.cs(115,0): at Leds.GameEngine.UnitTests.Common.Factories.TestGameEngineFactory.CreateThresholdRoomWithTargetInitialNode(NodeEventType targetInitialEventType, Int32 depth)
[xUnit.net 00:00:00.36]         C:\Users\Thomas\source\repos\rpg_esi07\services\game-engine\tests\Leds.GameEngine.UnitTests\Common\Factories\TestGameEngineFactory.cs(35,0): at Leds.GameEngine.UnitTests.Common.Factories.TestGameEngineFactory.CreateThresholdRoom(NodeEventType targetInitialEventType, Int32 depth)
[xUnit.net 00:00:00.36]         C:\Users\Thomas\source\repos\rpg_esi07\services\game-engine\tests\Leds.GameEngine.UnitTests\Common\Factories\TestGameEngineFactory.cs(136,0): at Leds.GameEngine.UnitTests.Common.Factories.TestGameEngineFactory.CreateRun(NodeEventType targetInitialEventType)
[xUnit.net 00:00:00.36]         C:\Users\Thomas\source\repos\rpg_esi07\services\game-engine\tests\Leds.GameEngine.UnitTests\Runs\ResolveCurrentEvent\ResolveCurrentEventCommandHandlerTests.cs(65,0): at Leds.GameEngine.UnitTests.Runs.ResolveCurrentEvent.ResolveCurrentEventCommandHandlerTests.Handle_ShouldResolveCurrentEvent_AndKeepRunActive_WhenRoomBossIsNotResolved()
[xUnit.net 00:00:00.36]         --- End of stack trace from previous location ---
[xUnit.net 00:00:00.36]       Leds.GameEngine.Domain.Common.DomainException : Node connections must be between same or adjacent lanes only.
[xUnit.net 00:00:00.36]       Stack Trace:
[xUnit.net 00:00:00.36]         C:\Users\Thomas\source\repos\rpg_esi07\services\game-engine\src\Leds.GameEngine.Domain\Rooms\Room.cs(422,0): at Leds.GameEngine.Domain.Rooms.Room.EnsureNoCrossRowConnections(IReadOnlyCollection`1 nodes)
[xUnit.net 00:00:00.36]         C:\Users\Thomas\source\repos\rpg_esi07\services\game-engine\src\Leds.GameEngine.Domain\Rooms\Room.cs(140,0): at Leds.GameEngine.Domain.Rooms.Room.Create(Int32 depth, RoomType roomType, String theme, RoomBossProfile bossProfile, IEnumerable`1 nodes)
[xUnit.net 00:00:00.36]         C:\Users\Thomas\source\repos\rpg_esi07\services\game-engine\tests\Leds.GameEngine.UnitTests\Common\Factories\TestGameEngineFactory.cs(115,0): at Leds.GameEngine.UnitTests.Common.Factories.TestGameEngineFactory.CreateThresholdRoomWithTargetInitialNode(NodeEventType targetInitialEventType, Int32 depth)
[xUnit.net 00:00:00.36]         C:\Users\Thomas\source\repos\rpg_esi07\services\game-engine\tests\Leds.GameEngine.UnitTests\Common\Factories\TestGameEngineFactory.cs(35,0): at Leds.GameEngine.UnitTests.Common.Factories.TestGameEngineFactory.CreateThresholdRoom(NodeEventType targetInitialEventType, Int32 depth)
[xUnit.net 00:00:00.37]         C:\Users\Thomas\source\repos\rpg_esi07\services\game-engine\tests\Leds.GameEngine.UnitTests\Common\Factories\TestGameEngineFactory.cs(136,0): at Leds.GameEngine.UnitTests.Common.Factories.TestGameEngineFactory.CreateRun(NodeEventType targetInitialEventType)
[xUnit.net 00:00:00.37]         C:\Users\Thomas\source\repos\rpg_esi07\services\game-engine\tests\Leds.GameEngine.UnitTests\Runs\ResolveCurrentEvent\ResolveCurrentEventCommandHandlerTests.cs(135,0): at Leds.GameEngine.UnitTests.Runs.ResolveCurrentEvent.ResolveCurrentEventCommandHandlerTests.Handle_ShouldThrowDomainException_WhenNoNodeWasSelected()
[xUnit.net 00:00:00.37]         --- End of stack trace from previous location ---
[xUnit.net 00:00:00.37]   Finished:    Leds.GameEngine.UnitTests
  R├⌐ussi Leds.GameEngine.UnitTests.Catalog.InMemoryCatalogContentGatewayTests.GetPalaceLawDefinitionByKeyAsync_ShouldReturnFailure_WhenKeyDoesNotExist [< 1 ms]
  R├⌐ussi Leds.GameEngine.UnitTests.Catalog.InMemoryCatalogContentGatewayTests.GetEnemyTemplateByKeyAsync_ShouldBeCaseInsensitive [< 1 ms]
  ├ëchou├⌐ Leds.GameEngine.UnitTests.Events.ChooseEventOption.ChooseCurrentEventOptionCommandHandlerTests.Handle_ShouldResolveChoice_WhenCurrentEventIsResolved [1 ms]
  Message d'erreur┬á:
   Leds.GameEngine.Domain.Common.DomainException : Node connections must be between same or adjacent lanes only.
  Arborescence des appels de proc├⌐dure┬á:
     at Leds.GameEngine.Domain.Rooms.Room.EnsureNoCrossRowConnections(IReadOnlyCollection`1 nodes) in C:\Users\Thomas\source\repos\rpg_esi07\services\game-engine\src\Leds.GameEngine.Domain\Rooms\Room.cs:line 422
   at Leds.GameEngine.Domain.Rooms.Room.Create(Int32 depth, RoomType roomType, String theme, RoomBossProfile bossProfile, IEnumerable`1 nodes) in C:\Users\Thomas\source\repos\rpg_esi07\services\game-engine\src\Leds.GameEngine.Domain\Rooms\Room.cs:line 140
   at Leds.GameEngine.UnitTests.Common.Factories.TestGameEngineFactory.CreateThresholdRoomWithTargetInitialNode(NodeEventType targetInitialEventType, Int32 depth) in C:\Users\Thomas\source\repos\rpg_esi07\services\game-engine\tests\Leds.GameEngine.UnitTests\Common\Factories\TestGameEngineFactory.cs:line 115
   at Leds.GameEngine.UnitTests.Common.Factories.TestGameEngineFactory.CreateRunWithTargetInitialNode(NodeEventType targetInitialEventType) in C:\Users\Thomas\source\repos\rpg_esi07\services\game-engine\tests\Leds.GameEngine.UnitTests\Common\Factories\TestGameEngineFactory.cs:line 150
   at Leds.GameEngine.UnitTests.Common.Factories.TestGameEngineFactory.CreateRunWithSelectedTargetNode(NodeEventType targetInitialEventType) in C:\Users\Thomas\source\repos\rpg_esi07\services\game-engine\tests\Leds.GameEngine.UnitTests\Common\Factories\TestGameEngineFactory.cs:line 167
   at Leds.GameEngine.UnitTests.Common.Factories.TestGameEngineFactory.CreateRunWithResolvedCurrentEvent(NodeEventType targetInitialEventType) in C:\Users\Thomas\source\repos\rpg_esi07\services\game-engine\tests\Leds.GameEngine.UnitTests\Common\Factories\TestGameEngineFactory.cs:line 178
   at Leds.GameEngine.UnitTests.Events.ChooseEventOption.ChooseCurrentEventOptionCommandHandlerTests.Handle_ShouldResolveChoice_WhenCurrentEventIsResolved() in C:\Users\Thomas\source\repos\rpg_esi07\services\game-engine\tests\Leds.GameEngine.UnitTests\Events\ChooseEventOption\ChooseCurrentEventOptionCommandHandlerTests.cs:line 21
--- End of stack trace from previous location ---
  R├⌐ussi Leds.GameEngine.UnitTests.Catalog.InMemoryCatalogContentGatewayTests.GetEventTemplateByKeyAsync_ShouldReturnEventTemplate_WhenKeyExists [< 1 ms]
  R├⌐ussi Leds.GameEngine.UnitTests.PalaceLaws.PalaceLawTests.Create_ShouldCreatePalaceLaw_WhenInputIsValid [1 ms]
  R├⌐ussi Leds.GameEngine.UnitTests.Catalog.InMemoryCatalogContentGatewayTests.GetPalaceLawDefinitionByKeyAsync_ShouldReturnPalaceLaw_WhenKeyExists [< 1 ms]
  R├⌐ussi Leds.GameEngine.UnitTests.Runs.ResolveCurrentEvent.ResolveCurrentEventCommandHandlerTests.Handle_ShouldThrowNotFoundException_WhenRunDoesNotExist [17 ms]
  ├ëchou├⌐ Leds.GameEngine.UnitTests.Runs.ResolveCurrentEvent.ResolveCurrentEventCommandHandlerTests.Handle_ShouldResolveCurrentEvent_AndKeepRunActive_WhenRoomBossIsNotResolved [1 ms]
  Message d'erreur┬á:
   Leds.GameEngine.Domain.Common.DomainException : Node connections must be between same or adjacent lanes only.
  Arborescence des appels de proc├⌐dure┬á:
     at Leds.GameEngine.Domain.Rooms.Room.EnsureNoCrossRowConnections(IReadOnlyCollection`1 nodes) in C:\Users\Thomas\source\repos\rpg_esi07\services\game-engine\src\Leds.GameEngine.Domain\Rooms\Room.cs:line 422
   at Leds.GameEngine.Domain.Rooms.Room.Create(Int32 depth, RoomType roomType, String theme, RoomBossProfile bossProfile, IEnumerable`1 nodes) in C:\Users\Thomas\source\repos\rpg_esi07\services\game-engine\src\Leds.GameEngine.Domain\Rooms\Room.cs:line 140
   at Leds.GameEngine.UnitTests.Common.Factories.TestGameEngineFactory.CreateThresholdRoomWithTargetInitialNode(NodeEventType targetInitialEventType, Int32 depth) in C:\Users\Thomas\source\repos\rpg_esi07\services\game-engine\tests\Leds.GameEngine.UnitTests\Common\Factories\TestGameEngineFactory.cs:line 115
   at Leds.GameEngine.UnitTests.Common.Factories.TestGameEngineFactory.CreateThresholdRoom(NodeEventType targetInitialEventType, Int32 depth) in C:\Users\Thomas\source\repos\rpg_esi07\services\game-engine\tests\Leds.GameEngine.UnitTests\Common\Factories\TestGameEngineFactory.cs:line 35
   at Leds.GameEngine.UnitTests.Common.Factories.TestGameEngineFactory.CreateRun(NodeEventType targetInitialEventType) in C:\Users\Thomas\source\repos\rpg_esi07\services\game-engine\tests\Leds.GameEngine.UnitTests\Common\Factories\TestGameEngineFactory.cs:line 136
   at Leds.GameEngine.UnitTests.Runs.ResolveCurrentEvent.ResolveCurrentEventCommandHandlerTests.Handle_ShouldResolveCurrentEvent_AndKeepRunActive_WhenRoomBossIsNotResolved() in C:\Users\Thomas\source\repos\rpg_esi07\services\game-engine\tests\Leds.GameEngine.UnitTests\Runs\ResolveCurrentEvent\ResolveCurrentEventCommandHandlerTests.cs:line 65
--- End of stack trace from previous location ---
  ├ëchou├⌐ Leds.GameEngine.UnitTests.Runs.ResolveCurrentEvent.ResolveCurrentEventCommandHandlerTests.Handle_ShouldThrowDomainException_WhenNoNodeWasSelected [< 1 ms]
  Message d'erreur┬á:
   Leds.GameEngine.Domain.Common.DomainException : Node connections must be between same or adjacent lanes only.
  Arborescence des appels de proc├⌐dure┬á:
     at Leds.GameEngine.Domain.Rooms.Room.EnsureNoCrossRowConnections(IReadOnlyCollection`1 nodes) in C:\Users\Thomas\source\repos\rpg_esi07\services\game-engine\src\Leds.GameEngine.Domain\Rooms\Room.cs:line 422
   at Leds.GameEngine.Domain.Rooms.Room.Create(Int32 depth, RoomType roomType, String theme, RoomBossProfile bossProfile, IEnumerable`1 nodes) in C:\Users\Thomas\source\repos\rpg_esi07\services\game-engine\src\Leds.GameEngine.Domain\Rooms\Room.cs:line 140
   at Leds.GameEngine.UnitTests.Common.Factories.TestGameEngineFactory.CreateThresholdRoomWithTargetInitialNode(NodeEventType targetInitialEventType, Int32 depth) in C:\Users\Thomas\source\repos\rpg_esi07\services\game-engine\tests\Leds.GameEngine.UnitTests\Common\Factories\TestGameEngineFactory.cs:line 115
   at Leds.GameEngine.UnitTests.Common.Factories.TestGameEngineFactory.CreateThresholdRoom(NodeEventType targetInitialEventType, Int32 depth) in C:\Users\Thomas\source\repos\rpg_esi07\services\game-engine\tests\Leds.GameEngine.UnitTests\Common\Factories\TestGameEngineFactory.cs:line 35
   at Leds.GameEngine.UnitTests.Common.Factories.TestGameEngineFactory.CreateRun(NodeEventType targetInitialEventType) in C:\Users\Thomas\source\repos\rpg_esi07\services\game-engine\tests\Leds.GameEngine.UnitTests\Common\Factories\TestGameEngineFactory.cs:line 136
   at Leds.GameEngine.UnitTests.Runs.ResolveCurrentEvent.ResolveCurrentEventCommandHandlerTests.Handle_ShouldThrowDomainException_WhenNoNodeWasSelected() in C:\Users\Thomas\source\repos\rpg_esi07\services\game-engine\tests\Leds.GameEngine.UnitTests\Runs\ResolveCurrentEvent\ResolveCurrentEventCommandHandlerTests.cs:line 135
--- End of stack trace from previous location ---

Nombre total de tests┬á: 195
     R├⌐ussi(s)┬á: 137
     Non r├⌐ussi(s)┬á: 58
 Dur├⌐e totale┬á: 0,7880 Secondes
         MSB4181: la t├óche "VSTestTask" a retourn├⌐ false mais n'a pas journalis├⌐ d'erreur.
       Ex├⌐cution de la t├óche "VSTestTask" termin├⌐e -- ├ëCHEC.
     1>G├⌐n├⌐ration de la cible "_VSTestConsole" termin├⌐e dans le projet "Leds.GameEngine.UnitTests.csproj" -- ├ëCHEC.
       Ex├⌐cution de la t├óche "CallTarget" termin├⌐e -- ├ëCHEC.
     1>G├⌐n├⌐ration de la cible "VSTest" termin├⌐e dans le projet "Leds.GameEngine.UnitTests.csproj" -- ├ëCHEC.
     1>G├⌐n├⌐ration du projet "C:\Users\Thomas\source\repos\rpg_esi07\services\game-engine\tests\Leds.GameEngine.UnitTests\Leds.GameEngine.UnitTests.csproj" termin├⌐e (VSTest cible(s)) -- ├ëCHEC.

├ëCHEC de la build.
    0 Avertissement(s)
    0 Erreur(s)

Temps ├⌐coul├⌐ 00:00:01.35
